ARM Linker, 5.02 [Build 28] [MDK-ARM Lite]

==============================================================================

Section Cross References

    startup_stm32f10x_md.o(STACK) refers (Special) to heapauxi.o(.text) for __use_two_region_memory
    startup_stm32f10x_md.o(HEAP) refers (Special) to heapauxi.o(.text) for __use_two_region_memory
    startup_stm32f10x_md.o(RESET) refers (Special) to heapauxi.o(.text) for __use_two_region_memory
    startup_stm32f10x_md.o(RESET) refers to startup_stm32f10x_md.o(STACK) for __initial_sp
    startup_stm32f10x_md.o(RESET) refers to startup_stm32f10x_md.o(.text) for Reset_Handler
    startup_stm32f10x_md.o(RESET) refers to exti.o(.text) for EXTI0_IRQHandler
    startup_stm32f10x_md.o(RESET) refers to adc.o(.text) for DMA1_Channel1_IRQHandler
    startup_stm32f10x_md.o(RESET) refers to can.o(.text) for USB_HP_CAN1_TX_IRQHandler
    startup_stm32f10x_md.o(RESET) refers to timer.o(.text) for TIM1_UP_IRQHandler
    startup_stm32f10x_md.o(RESET) refers to usart.o(.text) for USART1_IRQHandler
    startup_stm32f10x_md.o(.text) refers (Special) to heapauxi.o(.text) for __use_two_region_memory
    startup_stm32f10x_md.o(.text) refers to system_stm32f10x.o(.text) for SystemInit
    startup_stm32f10x_md.o(.text) refers to __main.o(!!!main) for __main
    startup_stm32f10x_md.o(.text) refers to startup_stm32f10x_md.o(HEAP) for Heap_Mem
    startup_stm32f10x_md.o(.text) refers to startup_stm32f10x_md.o(STACK) for Stack_Mem
    system_stm32f10x.o(.text) refers to system_stm32f10x.o(.data) for SystemCoreClock
    bcb.o(.text) refers to can.o(.text) for CAN_setup
    bcb.o(.text) refers to bcb.o(.data) for V12board_F
    bcb.o(.text) refers to can.o(.data) for CAN_TxRdy
    bcb.o(.text) refers to can.o(.bss) for CAN_TxMsg
    bcb.o(.text) refers to bmon.o(.text) for BMON_ReadRegister
    bcb.o(.text) refers to usart.o(.text) for GetString2
    bcb.o(.text) refers to gpio.o(.text) for BCB_GPIO_Init
    bcb.o(.text) refers to exti.o(.text) for EXTI_Init
    bcb.o(.text) refers to timer.o(.text) for TIM1_Init
    bcb.o(.text) refers to adc.o(.text) for ADC_Init
    bcb.o(.text) refers to bcb.o(.bss) for BT_RXmsg
    bcb.o(.text) refers to dflt_clz.o(x$fpl$dflt) for __aeabi_i2d
    bcb.o(.text) refers to dmul.o(x$fpl$dmul) for __aeabi_dmul
    bcb.o(.text) refers to dfix.o(x$fpl$dfix) for __aeabi_d2iz
    usart.o(.text) refers to usart.o(.bss) for rbuf
    usart.o(.text) refers to usart.o(.data) for tx1_restart
    can.o(.text) refers to can.o(.data) for CAN_TxRdy
    can.o(.text) refers to bcb.o(.data) for can_led_active
    can.o(.text) refers to can.o(.bss) for CAN_RxMsg
    adc.o(.text) refers to adc.o(.data) for ADC_value
    stm32f10x_i2c.o(.text) refers to stm32f10x_rcc.o(.text) for RCC_APB1PeriphResetCmd
    stm32f10x_rcc.o(.text) refers to stm32f10x_rcc.o(.data) for APBAHBPrescTable
    bmon.o(.text) refers to stm32f10x_rcc.o(.text) for RCC_APB1PeriphClockCmd
    bmon.o(.text) refers to stm32f10x_gpio.o(.text) for GPIO_Init
    bmon.o(.text) refers to stm32f10x_i2c.o(.text) for I2C_DeInit
    bmon.o(.text) refers to stm32f10x_dma.o(.text) for DMA_DeInit
    bmon.o(.text) refers to bmon.o(.data) for BMON_TimeOut
    stm32f10x_gpio.o(.text) refers to stm32f10x_rcc.o(.text) for RCC_APB2PeriphResetCmd
    exti.o(.text) refers to bcb.o(.data) for ledExti
    timer.o(.text) refers to bcb.o(.data) for timer_100us
    __main.o(!!!main) refers to rtentry.o(.ARM.Collect$$rtentry$$00000000) for __rt_entry
    dfix.o(x$fpl$dfix) refers (Special) to usenofp.o(x$fpl$usenofp) for __I$use$fp
    dfix.o(x$fpl$dfix) refers to dnaninf.o(x$fpl$dnaninf) for __fpl_dnaninf
    dfix.o(x$fpl$dfixr) refers (Special) to usenofp.o(x$fpl$usenofp) for __I$use$fp
    dfix.o(x$fpl$dfixr) refers to dnaninf.o(x$fpl$dnaninf) for __fpl_dnaninf
    dflt_clz.o(x$fpl$dfltu) refers (Special) to usenofp.o(x$fpl$usenofp) for __I$use$fp
    dflt_clz.o(x$fpl$dflt) refers (Special) to usenofp.o(x$fpl$usenofp) for __I$use$fp
    dflt_clz.o(x$fpl$dfltn) refers (Special) to usenofp.o(x$fpl$usenofp) for __I$use$fp
    dmul.o(x$fpl$dmul) refers (Special) to usenofp.o(x$fpl$usenofp) for __I$use$fp
    dmul.o(x$fpl$dmul) refers to dretinf.o(x$fpl$dretinf) for __fpl_dretinf
    dmul.o(x$fpl$dmul) refers to dnaninf.o(x$fpl$dnaninf) for __fpl_dnaninf
    rtentry.o(.ARM.Collect$$rtentry$$00000000) refers (Special) to rtentry2.o(.ARM.Collect$$rtentry$$0000000A) for __rt_entry_li
    rtentry.o(.ARM.Collect$$rtentry$$00000000) refers (Special) to rtentry2.o(.ARM.Collect$$rtentry$$0000000D) for __rt_entry_main
    rtentry.o(.ARM.Collect$$rtentry$$00000000) refers (Special) to rtentry2.o(.ARM.Collect$$rtentry$$0000000C) for __rt_entry_postli_1
    rtentry.o(.ARM.Collect$$rtentry$$00000000) refers (Special) to rtentry2.o(.ARM.Collect$$rtentry$$00000009) for __rt_entry_postsh_1
    rtentry.o(.ARM.Collect$$rtentry$$00000000) refers (Special) to rtentry2.o(.ARM.Collect$$rtentry$$00000002) for __rt_entry_presh_1
    rtentry.o(.ARM.Collect$$rtentry$$00000000) refers (Special) to rtentry4.o(.ARM.Collect$$rtentry$$00000004) for __rt_entry_sh
    dnaninf.o(x$fpl$dnaninf) refers (Special) to usenofp.o(x$fpl$usenofp) for __I$use$fp
    dretinf.o(x$fpl$dretinf) refers (Special) to usenofp.o(x$fpl$usenofp) for __I$use$fp
    rtentry2.o(.ARM.Collect$$rtentry$$00000008) refers to boardinit2.o(.text) for _platform_post_stackheap_init
    rtentry2.o(.ARM.Collect$$rtentry$$0000000A) refers to libinit.o(.ARM.Collect$$libinit$$00000000) for __rt_lib_init
    rtentry2.o(.ARM.Collect$$rtentry$$0000000B) refers to boardinit3.o(.text) for _platform_post_lib_init
    rtentry2.o(.ARM.Collect$$rtentry$$0000000D) refers to bcb.o(.text) for main
    rtentry2.o(.ARM.Collect$$rtentry$$0000000D) refers to exit.o(.text) for exit
    rtentry2.o(.ARM.exidx) refers to rtentry2.o(.ARM.Collect$$rtentry$$00000001) for .ARM.Collect$$rtentry$$00000001
    rtentry2.o(.ARM.exidx) refers to rtentry2.o(.ARM.Collect$$rtentry$$00000008) for .ARM.Collect$$rtentry$$00000008
    rtentry2.o(.ARM.exidx) refers to rtentry2.o(.ARM.Collect$$rtentry$$0000000A) for .ARM.Collect$$rtentry$$0000000A
    rtentry2.o(.ARM.exidx) refers to rtentry2.o(.ARM.Collect$$rtentry$$0000000B) for .ARM.Collect$$rtentry$$0000000B
    rtentry2.o(.ARM.exidx) refers to rtentry2.o(.ARM.Collect$$rtentry$$0000000D) for .ARM.Collect$$rtentry$$0000000D
    rtentry4.o(.ARM.Collect$$rtentry$$00000004) refers to sys_stackheap_outer.o(.text) for __user_setup_stackheap
    rtentry4.o(.ARM.exidx) refers to rtentry4.o(.ARM.Collect$$rtentry$$00000004) for .ARM.Collect$$rtentry$$00000004
    sys_stackheap_outer.o(.text) refers to libspace.o(.text) for __user_perproc_libspace
    sys_stackheap_outer.o(.text) refers to startup_stm32f10x_md.o(.text) for __user_initial_stackheap
    exit.o(.text) refers to rtexit.o(.ARM.Collect$$rtexit$$00000000) for __rt_exit
    libinit.o(.ARM.Collect$$libinit$$00000000) refers (Special) to libinit2.o(.ARM.Collect$$libinit$$0000002C) for __rt_lib_init_alloca_1
    libinit.o(.ARM.Collect$$libinit$$00000000) refers (Special) to libinit2.o(.ARM.Collect$$libinit$$0000002A) for __rt_lib_init_argv_1
    libinit.o(.ARM.Collect$$libinit$$00000000) refers (Special) to libinit2.o(.ARM.Collect$$libinit$$00000019) for __rt_lib_init_atexit_1
    libinit.o(.ARM.Collect$$libinit$$00000000) refers (Special) to libinit2.o(.ARM.Collect$$libinit$$0000001F) for __rt_lib_init_clock_1
    libinit.o(.ARM.Collect$$libinit$$00000000) refers (Special) to libinit2.o(.ARM.Collect$$libinit$$00000030) for __rt_lib_init_cpp_1
    libinit.o(.ARM.Collect$$libinit$$00000000) refers (Special) to libinit2.o(.ARM.Collect$$libinit$$0000002E) for __rt_lib_init_exceptions_1
    libinit.o(.ARM.Collect$$libinit$$00000000) refers (Special) to libinit2.o(.ARM.Collect$$libinit$$00000002) for __rt_lib_init_fp_1
    libinit.o(.ARM.Collect$$libinit$$00000000) refers (Special) to libinit2.o(.ARM.Collect$$libinit$$0000001D) for __rt_lib_init_fp_trap_1
    libinit.o(.ARM.Collect$$libinit$$00000000) refers (Special) to libinit2.o(.ARM.Collect$$libinit$$00000021) for __rt_lib_init_getenv_1
    libinit.o(.ARM.Collect$$libinit$$00000000) refers (Special) to libinit2.o(.ARM.Collect$$libinit$$00000008) for __rt_lib_init_heap_1
    libinit.o(.ARM.Collect$$libinit$$00000000) refers (Special) to libinit2.o(.ARM.Collect$$libinit$$0000000F) for __rt_lib_init_lc_collate_1
    libinit.o(.ARM.Collect$$libinit$$00000000) refers (Special) to libinit2.o(.ARM.Collect$$libinit$$00000011) for __rt_lib_init_lc_ctype_1
    libinit.o(.ARM.Collect$$libinit$$00000000) refers (Special) to libinit2.o(.ARM.Collect$$libinit$$00000013) for __rt_lib_init_lc_monetary_1
    libinit.o(.ARM.Collect$$libinit$$00000000) refers (Special) to libinit2.o(.ARM.Collect$$libinit$$00000015) for __rt_lib_init_lc_numeric_1
    libinit.o(.ARM.Collect$$libinit$$00000000) refers (Special) to libinit2.o(.ARM.Collect$$libinit$$00000017) for __rt_lib_init_lc_time_1
    libinit.o(.ARM.Collect$$libinit$$00000000) refers (Special) to libinit2.o(.ARM.Collect$$libinit$$0000000C) for __rt_lib_init_rand_1
    libinit.o(.ARM.Collect$$libinit$$00000000) refers (Special) to libinit2.o(.ARM.Collect$$libinit$$00000031) for __rt_lib_init_return
    libinit.o(.ARM.Collect$$libinit$$00000000) refers (Special) to libinit2.o(.ARM.Collect$$libinit$$0000001B) for __rt_lib_init_signal_1
    libinit.o(.ARM.Collect$$libinit$$00000000) refers (Special) to libinit2.o(.ARM.Collect$$libinit$$00000023) for __rt_lib_init_stdio_1
    libinit.o(.ARM.Collect$$libinit$$00000000) refers (Special) to libinit2.o(.ARM.Collect$$libinit$$0000000A) for __rt_lib_init_user_alloc_1
    libspace.o(.text) refers to libspace.o(.bss) for __libspace_start
    rtexit.o(.ARM.Collect$$rtexit$$00000000) refers (Special) to rtexit2.o(.ARM.Collect$$rtexit$$00000004) for __rt_exit_exit
    rtexit.o(.ARM.Collect$$rtexit$$00000000) refers (Special) to rtexit2.o(.ARM.Collect$$rtexit$$00000003) for __rt_exit_ls
    rtexit.o(.ARM.Collect$$rtexit$$00000000) refers (Special) to rtexit2.o(.ARM.Collect$$rtexit$$00000002) for __rt_exit_prels_1
    rtexit.o(.ARM.exidx) refers (Special) to rtexit2.o(.ARM.Collect$$rtexit$$00000004) for __rt_exit_exit
    rtexit.o(.ARM.exidx) refers (Special) to rtexit2.o(.ARM.Collect$$rtexit$$00000003) for __rt_exit_ls
    rtexit.o(.ARM.exidx) refers (Special) to rtexit2.o(.ARM.Collect$$rtexit$$00000002) for __rt_exit_prels_1
    rtexit.o(.ARM.exidx) refers to rtexit.o(.ARM.Collect$$rtexit$$00000000) for .ARM.Collect$$rtexit$$00000000
    libinit2.o(.ARM.Collect$$libinit$$0000000E) refers to libinit2.o(.ARM.Collect$$libinit$$0000000D) for .ARM.Collect$$libinit$$0000000D
    libinit2.o(.ARM.Collect$$libinit$$00000010) refers to libinit2.o(.ARM.Collect$$libinit$$0000000D) for .ARM.Collect$$libinit$$0000000D
    libinit2.o(.ARM.Collect$$libinit$$00000012) refers to libinit2.o(.ARM.Collect$$libinit$$0000000D) for .ARM.Collect$$libinit$$0000000D
    libinit2.o(.ARM.Collect$$libinit$$00000014) refers to libinit2.o(.ARM.Collect$$libinit$$0000000D) for .ARM.Collect$$libinit$$0000000D
    libinit2.o(.ARM.Collect$$libinit$$00000016) refers to libinit2.o(.ARM.Collect$$libinit$$0000000D) for .ARM.Collect$$libinit$$0000000D
    libinit2.o(.ARM.Collect$$libinit$$00000024) refers to argv_veneer.o(.emb_text) for __ARM_argv_veneer
    libinit2.o(.ARM.Collect$$libinit$$00000025) refers to argv_veneer.o(.emb_text) for __ARM_argv_veneer
    rtexit2.o(.ARM.Collect$$rtexit$$00000003) refers to libshutdown.o(.ARM.Collect$$libshutdown$$00000000) for __rt_lib_shutdown
    rtexit2.o(.ARM.Collect$$rtexit$$00000004) refers to sys_exit.o(.text) for _sys_exit
    rtexit2.o(.ARM.exidx) refers to rtexit2.o(.ARM.Collect$$rtexit$$00000001) for .ARM.Collect$$rtexit$$00000001
    rtexit2.o(.ARM.exidx) refers to rtexit2.o(.ARM.Collect$$rtexit$$00000003) for .ARM.Collect$$rtexit$$00000003
    rtexit2.o(.ARM.exidx) refers to rtexit2.o(.ARM.Collect$$rtexit$$00000004) for .ARM.Collect$$rtexit$$00000004
    argv_veneer.o(.emb_text) refers to no_argv.o(.text) for __ARM_get_argv
    sys_exit.o(.text) refers (Special) to use_no_semi.o(.text) for __I$use$semihosting
    sys_exit.o(.text) refers (Special) to indicate_semi.o(.text) for __semihosting_library_function
    _get_argv_nomalloc.o(.text) refers (Special) to hrguard.o(.text) for __heap_region$guard
    _get_argv_nomalloc.o(.text) refers to defsig_rtmem_outer.o(.text) for __rt_SIGRTMEM
    _get_argv_nomalloc.o(.text) refers to sys_command.o(.text) for _sys_command_string
    libshutdown.o(.ARM.Collect$$libshutdown$$00000000) refers (Special) to libshutdown2.o(.ARM.Collect$$libshutdown$$00000006) for __rt_lib_shutdown_fp_trap_1
    libshutdown.o(.ARM.Collect$$libshutdown$$00000000) refers (Special) to libshutdown2.o(.ARM.Collect$$libshutdown$$0000000E) for __rt_lib_shutdown_heap_1
    libshutdown.o(.ARM.Collect$$libshutdown$$00000000) refers (Special) to libshutdown2.o(.ARM.Collect$$libshutdown$$0000000F) for __rt_lib_shutdown_return
    libshutdown.o(.ARM.Collect$$libshutdown$$00000000) refers (Special) to libshutdown2.o(.ARM.Collect$$libshutdown$$00000009) for __rt_lib_shutdown_signal_1
    libshutdown.o(.ARM.Collect$$libshutdown$$00000000) refers (Special) to libshutdown2.o(.ARM.Collect$$libshutdown$$00000003) for __rt_lib_shutdown_stdio_1
    libshutdown.o(.ARM.Collect$$libshutdown$$00000000) refers (Special) to libshutdown2.o(.ARM.Collect$$libshutdown$$0000000B) for __rt_lib_shutdown_user_alloc_1
    sys_command.o(.text) refers (Special) to use_no_semi.o(.text) for __I$use$semihosting
    sys_command.o(.text) refers (Special) to indicate_semi.o(.text) for __semihosting_library_function
    defsig_rtmem_outer.o(.text) refers to defsig_rtmem_inner.o(.text) for __rt_SIGRTMEM_inner
    defsig_rtmem_outer.o(.text) refers to defsig_exit.o(.text) for __sig_exit
    defsig_rtmem_formal.o(.text) refers to rt_raise.o(.text) for __rt_raise
    rt_raise.o(.text) refers to __raise.o(.text) for __raise
    rt_raise.o(.text) refers to sys_exit.o(.text) for _sys_exit
    defsig_exit.o(.text) refers to sys_exit.o(.text) for _sys_exit
    defsig_rtmem_inner.o(.text) refers to defsig_general.o(.text) for __default_signal_display
    __raise.o(.text) refers to defsig.o(CL$$defsig) for __default_signal_handler
    defsig_general.o(.text) refers to sys_wrch.o(.text) for _ttywrch
    sys_wrch.o(.text) refers (Special) to use_no_semi.o(.text) for __I$use$semihosting
    sys_wrch.o(.text) refers (Special) to indicate_semi.o(.text) for __semihosting_library_function
    defsig.o(CL$$defsig) refers to defsig_rtmem_inner.o(.text) for __rt_SIGRTMEM_inner
    defsig_abrt_inner.o(.text) refers to defsig_general.o(.text) for __default_signal_display
    defsig_fpe_inner.o(.text) refers to defsig_general.o(.text) for __default_signal_display
    defsig_rtred_inner.o(.text) refers to defsig_general.o(.text) for __default_signal_display
    defsig_stak_inner.o(.text) refers to defsig_general.o(.text) for __default_signal_display
    defsig_pvfn_inner.o(.text) refers to defsig_general.o(.text) for __default_signal_display
    defsig_cppl_inner.o(.text) refers to defsig_general.o(.text) for __default_signal_display
    defsig_segv_inner.o(.text) refers to defsig_general.o(.text) for __default_signal_display
    defsig_other.o(.text) refers to defsig_general.o(.text) for __default_signal_display


==============================================================================

Removing Unused input sections from the image.

    Removing system_stm32f10x.o(.rev16_text), (4 bytes).
    Removing system_stm32f10x.o(.revsh_text), (4 bytes).
    Removing bcb.o(.rev16_text), (4 bytes).
    Removing bcb.o(.revsh_text), (4 bytes).
    Removing gpio.o(.rev16_text), (4 bytes).
    Removing gpio.o(.revsh_text), (4 bytes).
    Removing usart.o(.rev16_text), (4 bytes).
    Removing usart.o(.revsh_text), (4 bytes).
    Removing can.o(.rev16_text), (4 bytes).
    Removing can.o(.revsh_text), (4 bytes).
    Removing adc.o(.rev16_text), (4 bytes).
    Removing adc.o(.revsh_text), (4 bytes).
    Removing stm32f10x_i2c.o(.rev16_text), (4 bytes).
    Removing stm32f10x_i2c.o(.revsh_text), (4 bytes).
    Removing stm32f10x_rcc.o(.rev16_text), (4 bytes).
    Removing stm32f10x_rcc.o(.revsh_text), (4 bytes).
    Removing bmon.o(.rev16_text), (4 bytes).
    Removing bmon.o(.revsh_text), (4 bytes).
    Removing stm32f10x_gpio.o(.rev16_text), (4 bytes).
    Removing stm32f10x_gpio.o(.revsh_text), (4 bytes).
    Removing stm32f10x_dma.o(.rev16_text), (4 bytes).
    Removing stm32f10x_dma.o(.revsh_text), (4 bytes).
    Removing exti.o(.rev16_text), (4 bytes).
    Removing exti.o(.revsh_text), (4 bytes).
    Removing timer.o(.rev16_text), (4 bytes).
    Removing timer.o(.revsh_text), (4 bytes).

26 unused section(s) (total 104 bytes) removed from the image.

==============================================================================

Image Symbol Table

    Local Symbols

    Symbol Name                              Value     Ov Type        Size  Object(Section)

    ../clib/angel/boardlib.s                 0x00000000   Number         0  boardshut.o ABSOLUTE
    ../clib/angel/boardlib.s                 0x00000000   Number         0  boardinit1.o ABSOLUTE
    ../clib/angel/boardlib.s                 0x00000000   Number         0  boardinit2.o ABSOLUTE
    ../clib/angel/boardlib.s                 0x00000000   Number         0  boardinit3.o ABSOLUTE
    ../clib/angel/handlers.s                 0x00000000   Number         0  __scatter_zi.o ABSOLUTE
    ../clib/angel/handlers.s                 0x00000000   Number         0  __scatter_copy.o ABSOLUTE
    ../clib/angel/kernel.s                   0x00000000   Number         0  rtentry4.o ABSOLUTE
    ../clib/angel/kernel.s                   0x00000000   Number         0  rtentry2.o ABSOLUTE
    ../clib/angel/kernel.s                   0x00000000   Number         0  rtentry.o ABSOLUTE
    ../clib/angel/kernel.s                   0x00000000   Number         0  rtexit.o ABSOLUTE
    ../clib/angel/kernel.s                   0x00000000   Number         0  rtexit2.o ABSOLUTE
    ../clib/angel/rt.s                       0x00000000   Number         0  rt_raise.o ABSOLUTE
    ../clib/angel/scatter.s                  0x00000000   Number         0  __scatter.o ABSOLUTE
    ../clib/angel/startup.s                  0x00000000   Number         0  __main.o ABSOLUTE
    ../clib/angel/sys.s                      0x00000000   Number         0  sys_stackheap_outer.o ABSOLUTE
    ../clib/angel/sys.s                      0x00000000   Number         0  libspace.o ABSOLUTE
    ../clib/angel/sys.s                      0x00000000   Number         0  use_no_semi.o ABSOLUTE
    ../clib/angel/sys.s                      0x00000000   Number         0  indicate_semi.o ABSOLUTE
    ../clib/angel/sysapp.c                   0x00000000   Number         0  sys_exit.o ABSOLUTE
    ../clib/angel/sysapp.c                   0x00000000   Number         0  sys_wrch.o ABSOLUTE
    ../clib/angel/sysapp.c                   0x00000000   Number         0  sys_command.o ABSOLUTE
    ../clib/armsys.c                         0x00000000   Number         0  _get_argv_nomalloc.o ABSOLUTE
    ../clib/armsys.c                         0x00000000   Number         0  no_argv.o ABSOLUTE
    ../clib/armsys.c                         0x00000000   Number         0  argv_veneer.o ABSOLUTE
    ../clib/armsys.c                         0x00000000   Number         0  argv_veneer.o ABSOLUTE
    ../clib/heapalloc.c                      0x00000000   Number         0  hrguard.o ABSOLUTE
    ../clib/heapaux.c                        0x00000000   Number         0  heapauxi.o ABSOLUTE
    ../clib/libinit.s                        0x00000000   Number         0  libinit2.o ABSOLUTE
    ../clib/libinit.s                        0x00000000   Number         0  libinit.o ABSOLUTE
    ../clib/libinit.s                        0x00000000   Number         0  libshutdown.o ABSOLUTE
    ../clib/libinit.s                        0x00000000   Number         0  libshutdown2.o ABSOLUTE
    ../clib/signal.c                         0x00000000   Number         0  defsig_rtmem_inner.o ABSOLUTE
    ../clib/signal.c                         0x00000000   Number         0  defsig_exit.o ABSOLUTE
    ../clib/signal.c                         0x00000000   Number         0  defsig_abrt_inner.o ABSOLUTE
    ../clib/signal.c                         0x00000000   Number         0  defsig_general.o ABSOLUTE
    ../clib/signal.c                         0x00000000   Number         0  defsig_rtmem_formal.o ABSOLUTE
    ../clib/signal.c                         0x00000000   Number         0  defsig_rtmem_outer.o ABSOLUTE
    ../clib/signal.c                         0x00000000   Number         0  defsig_fpe_inner.o ABSOLUTE
    ../clib/signal.c                         0x00000000   Number         0  defsig_rtred_inner.o ABSOLUTE
    ../clib/signal.c                         0x00000000   Number         0  defsig_stak_inner.o ABSOLUTE
    ../clib/signal.c                         0x00000000   Number         0  __raise.o ABSOLUTE
    ../clib/signal.c                         0x00000000   Number         0  defsig_pvfn_inner.o ABSOLUTE
    ../clib/signal.c                         0x00000000   Number         0  defsig_cppl_inner.o ABSOLUTE
    ../clib/signal.c                         0x00000000   Number         0  defsig_segv_inner.o ABSOLUTE
    ../clib/signal.c                         0x00000000   Number         0  defsig_other.o ABSOLUTE
    ../clib/signal.s                         0x00000000   Number         0  defsig.o ABSOLUTE
    ../clib/stdlib.c                         0x00000000   Number         0  exit.o ABSOLUTE
    ../fplib/dfix.s                          0x00000000   Number         0  dfix.o ABSOLUTE
    ../fplib/dflt.s                          0x00000000   Number         0  dflt_clz.o ABSOLUTE
    ../fplib/dmul.s                          0x00000000   Number         0  dmul.o ABSOLUTE
    ../fplib/dnaninf.s                       0x00000000   Number         0  dnaninf.o ABSOLUTE
    ../fplib/dretinf.s                       0x00000000   Number         0  dretinf.o ABSOLUTE
    ../fplib/fpinit.s                        0x00000000   Number         0  fpinit.o ABSOLUTE
    ../fplib/usenofp.s                       0x00000000   Number         0  usenofp.o ABSOLUTE
    adc.c                                    0x00000000   Number         0  adc.o ABSOLUTE
    adc.c                                    0x00000000   Number         0  adc.o ABSOLUTE
    bcb.c                                    0x00000000   Number         0  bcb.o ABSOLUTE
    bcb.c                                    0x00000000   Number         0  bcb.o ABSOLUTE
    bmon.c                                   0x00000000   Number         0  bmon.o ABSOLUTE
    bmon.c                                   0x00000000   Number         0  bmon.o ABSOLUTE
    can.c                                    0x00000000   Number         0  can.o ABSOLUTE
    can.c                                    0x00000000   Number         0  can.o ABSOLUTE
    dc.s                                     0x00000000   Number         0  dc.o ABSOLUTE
    exti.c                                   0x00000000   Number         0  exti.o ABSOLUTE
    exti.c                                   0x00000000   Number         0  exti.o ABSOLUTE
    gpio.c                                   0x00000000   Number         0  gpio.o ABSOLUTE
    gpio.c                                   0x00000000   Number         0  gpio.o ABSOLUTE
    startup_stm32f10x_md.s                   0x00000000   Number         0  startup_stm32f10x_md.o ABSOLUTE
    stm32f10x_dma.c                          0x00000000   Number         0  stm32f10x_dma.o ABSOLUTE
    stm32f10x_dma.c                          0x00000000   Number         0  stm32f10x_dma.o ABSOLUTE
    stm32f10x_gpio.c                         0x00000000   Number         0  stm32f10x_gpio.o ABSOLUTE
    stm32f10x_gpio.c                         0x00000000   Number         0  stm32f10x_gpio.o ABSOLUTE
    stm32f10x_i2c.c                          0x00000000   Number         0  stm32f10x_i2c.o ABSOLUTE
    stm32f10x_i2c.c                          0x00000000   Number         0  stm32f10x_i2c.o ABSOLUTE
    stm32f10x_rcc.c                          0x00000000   Number         0  stm32f10x_rcc.o ABSOLUTE
    stm32f10x_rcc.c                          0x00000000   Number         0  stm32f10x_rcc.o ABSOLUTE
    system_stm32f10x.c                       0x00000000   Number         0  system_stm32f10x.o ABSOLUTE
    system_stm32f10x.c                       0x00000000   Number         0  system_stm32f10x.o ABSOLUTE
    timer.c                                  0x00000000   Number         0  timer.o ABSOLUTE
    timer.c                                  0x00000000   Number         0  timer.o ABSOLUTE
    usart.c                                  0x00000000   Number         0  usart.o ABSOLUTE
    usart.c                                  0x00000000   Number         0  usart.o ABSOLUTE
    RESET                                    0x08000000   Section      236  startup_stm32f10x_md.o(RESET)
    !!!main                                  0x080000ec   Section        8  __main.o(!!!main)
    !!!scatter                               0x080000f4   Section       52  __scatter.o(!!!scatter)
    !!handler_copy                           0x08000128   Section       26  __scatter_copy.o(!!handler_copy)
    !!handler_zi                             0x08000144   Section       28  __scatter_zi.o(!!handler_zi)
    .ARM.Collect$$libinit$$00000000          0x08000160   Section        2  libinit.o(.ARM.Collect$$libinit$$00000000)
    .ARM.Collect$$libinit$$00000002          0x08000162   Section        0  libinit2.o(.ARM.Collect$$libinit$$00000002)
    .ARM.Collect$$libinit$$00000008          0x08000162   Section        0  libinit2.o(.ARM.Collect$$libinit$$00000008)
    .ARM.Collect$$libinit$$0000000A          0x08000162   Section        0  libinit2.o(.ARM.Collect$$libinit$$0000000A)
    .ARM.Collect$$libinit$$0000000C          0x08000162   Section        0  libinit2.o(.ARM.Collect$$libinit$$0000000C)
    .ARM.Collect$$libinit$$0000000F          0x08000162   Section        0  libinit2.o(.ARM.Collect$$libinit$$0000000F)
    .ARM.Collect$$libinit$$00000011          0x08000162   Section        0  libinit2.o(.ARM.Collect$$libinit$$00000011)
    .ARM.Collect$$libinit$$00000013          0x08000162   Section        0  libinit2.o(.ARM.Collect$$libinit$$00000013)
    .ARM.Collect$$libinit$$00000015          0x08000162   Section        0  libinit2.o(.ARM.Collect$$libinit$$00000015)
    .ARM.Collect$$libinit$$00000017          0x08000162   Section        0  libinit2.o(.ARM.Collect$$libinit$$00000017)
    .ARM.Collect$$libinit$$00000019          0x08000162   Section        0  libinit2.o(.ARM.Collect$$libinit$$00000019)
    .ARM.Collect$$libinit$$0000001B          0x08000162   Section        0  libinit2.o(.ARM.Collect$$libinit$$0000001B)
    .ARM.Collect$$libinit$$0000001D          0x08000162   Section        0  libinit2.o(.ARM.Collect$$libinit$$0000001D)
    .ARM.Collect$$libinit$$0000001F          0x08000162   Section        0  libinit2.o(.ARM.Collect$$libinit$$0000001F)
    .ARM.Collect$$libinit$$00000021          0x08000162   Section        0  libinit2.o(.ARM.Collect$$libinit$$00000021)
    .ARM.Collect$$libinit$$00000023          0x08000162   Section        0  libinit2.o(.ARM.Collect$$libinit$$00000023)
    .ARM.Collect$$libinit$$0000002A          0x08000162   Section        0  libinit2.o(.ARM.Collect$$libinit$$0000002A)
    .ARM.Collect$$libinit$$0000002C          0x08000162   Section        0  libinit2.o(.ARM.Collect$$libinit$$0000002C)
    .ARM.Collect$$libinit$$0000002E          0x08000162   Section        0  libinit2.o(.ARM.Collect$$libinit$$0000002E)
    .ARM.Collect$$libinit$$00000030          0x08000162   Section        0  libinit2.o(.ARM.Collect$$libinit$$00000030)
    .ARM.Collect$$libinit$$00000031          0x08000162   Section        2  libinit2.o(.ARM.Collect$$libinit$$00000031)
    .ARM.Collect$$libshutdown$$00000000      0x08000164   Section        2  libshutdown.o(.ARM.Collect$$libshutdown$$00000000)
    .ARM.Collect$$libshutdown$$00000003      0x08000166   Section        0  libshutdown2.o(.ARM.Collect$$libshutdown$$00000003)
    .ARM.Collect$$libshutdown$$00000006      0x08000166   Section        0  libshutdown2.o(.ARM.Collect$$libshutdown$$00000006)
    .ARM.Collect$$libshutdown$$00000009      0x08000166   Section        0  libshutdown2.o(.ARM.Collect$$libshutdown$$00000009)
    .ARM.Collect$$libshutdown$$0000000B      0x08000166   Section        0  libshutdown2.o(.ARM.Collect$$libshutdown$$0000000B)
    .ARM.Collect$$libshutdown$$0000000E      0x08000166   Section        0  libshutdown2.o(.ARM.Collect$$libshutdown$$0000000E)
    .ARM.Collect$$libshutdown$$0000000F      0x08000166   Section        2  libshutdown2.o(.ARM.Collect$$libshutdown$$0000000F)
    .ARM.Collect$$rtentry$$00000000          0x08000168   Section        0  rtentry.o(.ARM.Collect$$rtentry$$00000000)
    .ARM.Collect$$rtentry$$00000002          0x08000168   Section        0  rtentry2.o(.ARM.Collect$$rtentry$$00000002)
    .ARM.Collect$$rtentry$$00000004          0x08000168   Section        6  rtentry4.o(.ARM.Collect$$rtentry$$00000004)
    .ARM.Collect$$rtentry$$00000009          0x0800016e   Section        0  rtentry2.o(.ARM.Collect$$rtentry$$00000009)
    .ARM.Collect$$rtentry$$0000000A          0x0800016e   Section        4  rtentry2.o(.ARM.Collect$$rtentry$$0000000A)
    .ARM.Collect$$rtentry$$0000000C          0x08000172   Section        0  rtentry2.o(.ARM.Collect$$rtentry$$0000000C)
    .ARM.Collect$$rtentry$$0000000D          0x08000172   Section        8  rtentry2.o(.ARM.Collect$$rtentry$$0000000D)
    .ARM.Collect$$rtexit$$00000000           0x0800017a   Section        2  rtexit.o(.ARM.Collect$$rtexit$$00000000)
    .ARM.Collect$$rtexit$$00000002           0x0800017c   Section        0  rtexit2.o(.ARM.Collect$$rtexit$$00000002)
    .ARM.Collect$$rtexit$$00000003           0x0800017c   Section        4  rtexit2.o(.ARM.Collect$$rtexit$$00000003)
    .ARM.Collect$$rtexit$$00000004           0x08000180   Section        6  rtexit2.o(.ARM.Collect$$rtexit$$00000004)
    .text                                    0x08000188   Section       64  startup_stm32f10x_md.o(.text)
    .text                                    0x080001c8   Section        0  system_stm32f10x.o(.text)
    SetSysClockTo72                          0x080001c9   Thumb Code   192  system_stm32f10x.o(.text)
    SetSysClock                              0x08000289   Thumb Code     8  system_stm32f10x.o(.text)
    .text                                    0x08000390   Section        0  bcb.o(.text)
    .text                                    0x08000e9c   Section        0  gpio.o(.text)
    .text                                    0x08001000   Section        0  usart.o(.text)
    NVIC_EnableIRQ                           0x08001491   Thumb Code    24  usart.o(.text)
    .text                                    0x080014ac   Section        0  can.o(.text)
    NVIC_EnableIRQ                           0x08001823   Thumb Code    24  can.o(.text)
    .text                                    0x0800188c   Section        0  adc.o(.text)
    .text                                    0x080019d0   Section        0  stm32f10x_i2c.o(.text)
    .text                                    0x08001dbc   Section        0  stm32f10x_rcc.o(.text)
    .text                                    0x08002158   Section        0  bmon.o(.text)
    BMON_DMA_Config                          0x080021d5   Thumb Code   108  bmon.o(.text)
    .text                                    0x08002374   Section        0  stm32f10x_gpio.o(.text)
    .text                                    0x080026cc   Section        0  stm32f10x_dma.o(.text)
    .text                                    0x0800291c   Section        0  exti.o(.text)
    NVIC_EnableIRQ                           0x08002c2f   Thumb Code    24  exti.o(.text)
    .text                                    0x08002c78   Section        0  timer.o(.text)
    NVIC_EnableIRQ                           0x08002edf   Thumb Code    24  timer.o(.text)
    .text                                    0x08002f38   Section        0  heapauxi.o(.text)
    .text                                    0x08002f3e   Section       74  sys_stackheap_outer.o(.text)
    .text                                    0x08002f88   Section        0  exit.o(.text)
    .text                                    0x08002f94   Section        8  libspace.o(.text)
    .text                                    0x08002f9c   Section        0  sys_exit.o(.text)
    .text                                    0x08002fa8   Section        2  use_no_semi.o(.text)
    .text                                    0x08002faa   Section        0  indicate_semi.o(.text)
    x$fpl$dfix                               0x08002fac   Section       94  dfix.o(x$fpl$dfix)
    x$fpl$dflt                               0x0800300a   Section       46  dflt_clz.o(x$fpl$dflt)
    x$fpl$dmul                               0x08003038   Section      340  dmul.o(x$fpl$dmul)
    x$fpl$dnaninf                            0x0800318c   Section      156  dnaninf.o(x$fpl$dnaninf)
    x$fpl$dretinf                            0x08003228   Section       12  dretinf.o(x$fpl$dretinf)
    x$fpl$usenofp                            0x08003234   Section        0  usenofp.o(x$fpl$usenofp)
    .data                                    0x20000000   Section       20  system_stm32f10x.o(.data)
    .data                                    0x20000014   Section      122  bcb.o(.data)
    .data                                    0x20000090   Section        8  usart.o(.data)
    tx1_restart                              0x20000090   Data           4  usart.o(.data)
    tx2_restart                              0x20000094   Data           4  usart.o(.data)
    .data                                    0x20000098   Section       10  can.o(.data)
    CAN_filterIdx                            0x200000a0   Data           2  can.o(.data)
    .data                                    0x200000a4   Section        8  adc.o(.data)
    .data                                    0x200000ac   Section       20  stm32f10x_rcc.o(.data)
    APBAHBPrescTable                         0x200000ac   Data          16  stm32f10x_rcc.o(.data)
    ADCPrescTable                            0x200000bc   Data           4  stm32f10x_rcc.o(.data)
    .data                                    0x200000c0   Section        4  bmon.o(.data)
    .bss                                     0x200000c4   Section      273  bcb.o(.bss)
    .bss                                     0x200001d8   Section      528  usart.o(.bss)
    rbuf                                     0x200001d8   Data         264  usart.o(.bss)
    tbuf                                     0x200002e0   Data         264  usart.o(.bss)
    .bss                                     0x200003e8   Section       32  can.o(.bss)
    .bss                                     0x20000408   Section       96  libspace.o(.bss)
    HEAP                                     0x20000468   Section      512  startup_stm32f10x_md.o(HEAP)
    Heap_Mem                                 0x20000468   Data         512  startup_stm32f10x_md.o(HEAP)
    STACK                                    0x20000668   Section     1024  startup_stm32f10x_md.o(STACK)
    Stack_Mem                                0x20000668   Data        1024  startup_stm32f10x_md.o(STACK)
    __initial_sp                             0x20000a68   Data           0  startup_stm32f10x_md.o(STACK)

    Global Symbols

    Symbol Name                              Value     Ov Type        Size  Object(Section)

    BuildAttributes$$THM_ISAv4$P$D$K$B$S$PE$A:L22UL41UL21$X:L11$S22US41US21$IEEE1$IW$USESV6$~STKCKD$USESV7$~SHL$OSPACE$ROPI$EBA8$UX$STANDARDLIB$REQ8$PRES8$EABIv2 0x00000000   Number         0  anon$$obj.o ABSOLUTE
    __ARM_use_no_argv                        0x00000000   Number         0  bcb.o ABSOLUTE
    __ARM_exceptions_init                     - Undefined Weak Reference
    __alloca_initialize                       - Undefined Weak Reference
    __cpp_initialize__aeabi_                  - Undefined Weak Reference
    __cxa_finalize                            - Undefined Weak Reference
    __rt_locale                               - Undefined Weak Reference
    __sigvec_lookup                           - Undefined Weak Reference
    _atexit_init                              - Undefined Weak Reference
    _call_atexit_fns                          - Undefined Weak Reference
    _clock_init                               - Undefined Weak Reference
    _fp_trap_init                             - Undefined Weak Reference
    _fp_trap_shutdown                         - Undefined Weak Reference
    _get_lc_collate                           - Undefined Weak Reference
    _get_lc_ctype                             - Undefined Weak Reference
    _get_lc_monetary                          - Undefined Weak Reference
    _get_lc_numeric                           - Undefined Weak Reference
    _get_lc_time                              - Undefined Weak Reference
    _getenv_init                              - Undefined Weak Reference
    _handle_redirection                       - Undefined Weak Reference
    _init_alloc                               - Undefined Weak Reference
    _init_user_alloc                          - Undefined Weak Reference
    _initio                                   - Undefined Weak Reference
    _rand_init                                - Undefined Weak Reference
    _signal_finish                            - Undefined Weak Reference
    _signal_init                              - Undefined Weak Reference
    _terminate_alloc                          - Undefined Weak Reference
    _terminate_user_alloc                     - Undefined Weak Reference
    _terminateio                              - Undefined Weak Reference
    __Vectors_Size                           0x000000ec   Number         0  startup_stm32f10x_md.o ABSOLUTE
    __Vectors                                0x08000000   Data           4  startup_stm32f10x_md.o(RESET)
    __Vectors_End                            0x080000ec   Data           0  startup_stm32f10x_md.o(RESET)
    __main                                   0x080000ed   Thumb Code     8  __main.o(!!!main)
    __scatterload                            0x080000f5   Thumb Code     0  __scatter.o(!!!scatter)
    __scatterload_rt2                        0x080000f5   Thumb Code    44  __scatter.o(!!!scatter)
    __scatterload_rt2_thumb_only             0x080000f5   Thumb Code     0  __scatter.o(!!!scatter)
    __scatterload_null                       0x08000103   Thumb Code     0  __scatter.o(!!!scatter)
    __scatterload_copy                       0x08000129   Thumb Code    26  __scatter_copy.o(!!handler_copy)
    __scatterload_zeroinit                   0x08000145   Thumb Code    28  __scatter_zi.o(!!handler_zi)
    __rt_lib_init                            0x08000161   Thumb Code     0  libinit.o(.ARM.Collect$$libinit$$00000000)
    __rt_lib_init_alloca_1                   0x08000163   Thumb Code     0  libinit2.o(.ARM.Collect$$libinit$$0000002C)
    __rt_lib_init_argv_1                     0x08000163   Thumb Code     0  libinit2.o(.ARM.Collect$$libinit$$0000002A)
    __rt_lib_init_atexit_1                   0x08000163   Thumb Code     0  libinit2.o(.ARM.Collect$$libinit$$00000019)
    __rt_lib_init_clock_1                    0x08000163   Thumb Code     0  libinit2.o(.ARM.Collect$$libinit$$0000001F)
    __rt_lib_init_cpp_1                      0x08000163   Thumb Code     0  libinit2.o(.ARM.Collect$$libinit$$00000030)
    __rt_lib_init_exceptions_1               0x08000163   Thumb Code     0  libinit2.o(.ARM.Collect$$libinit$$0000002E)
    __rt_lib_init_fp_1                       0x08000163   Thumb Code     0  libinit2.o(.ARM.Collect$$libinit$$00000002)
    __rt_lib_init_fp_trap_1                  0x08000163   Thumb Code     0  libinit2.o(.ARM.Collect$$libinit$$0000001D)
    __rt_lib_init_getenv_1                   0x08000163   Thumb Code     0  libinit2.o(.ARM.Collect$$libinit$$00000021)
    __rt_lib_init_heap_1                     0x08000163   Thumb Code     0  libinit2.o(.ARM.Collect$$libinit$$00000008)
    __rt_lib_init_lc_collate_1               0x08000163   Thumb Code     0  libinit2.o(.ARM.Collect$$libinit$$0000000F)
    __rt_lib_init_lc_ctype_1                 0x08000163   Thumb Code     0  libinit2.o(.ARM.Collect$$libinit$$00000011)
    __rt_lib_init_lc_monetary_1              0x08000163   Thumb Code     0  libinit2.o(.ARM.Collect$$libinit$$00000013)
    __rt_lib_init_lc_numeric_1               0x08000163   Thumb Code     0  libinit2.o(.ARM.Collect$$libinit$$00000015)
    __rt_lib_init_lc_time_1                  0x08000163   Thumb Code     0  libinit2.o(.ARM.Collect$$libinit$$00000017)
    __rt_lib_init_rand_1                     0x08000163   Thumb Code     0  libinit2.o(.ARM.Collect$$libinit$$0000000C)
    __rt_lib_init_return                     0x08000163   Thumb Code     0  libinit2.o(.ARM.Collect$$libinit$$00000031)
    __rt_lib_init_signal_1                   0x08000163   Thumb Code     0  libinit2.o(.ARM.Collect$$libinit$$0000001B)
    __rt_lib_init_stdio_1                    0x08000163   Thumb Code     0  libinit2.o(.ARM.Collect$$libinit$$00000023)
    __rt_lib_init_user_alloc_1               0x08000163   Thumb Code     0  libinit2.o(.ARM.Collect$$libinit$$0000000A)
    __rt_lib_shutdown                        0x08000165   Thumb Code     0  libshutdown.o(.ARM.Collect$$libshutdown$$00000000)
    __rt_lib_shutdown_fp_trap_1              0x08000167   Thumb Code     0  libshutdown2.o(.ARM.Collect$$libshutdown$$00000006)
    __rt_lib_shutdown_heap_1                 0x08000167   Thumb Code     0  libshutdown2.o(.ARM.Collect$$libshutdown$$0000000E)
    __rt_lib_shutdown_return                 0x08000167   Thumb Code     0  libshutdown2.o(.ARM.Collect$$libshutdown$$0000000F)
    __rt_lib_shutdown_signal_1               0x08000167   Thumb Code     0  libshutdown2.o(.ARM.Collect$$libshutdown$$00000009)
    __rt_lib_shutdown_stdio_1                0x08000167   Thumb Code     0  libshutdown2.o(.ARM.Collect$$libshutdown$$00000003)
    __rt_lib_shutdown_user_alloc_1           0x08000167   Thumb Code     0  libshutdown2.o(.ARM.Collect$$libshutdown$$0000000B)
    __rt_entry                               0x08000169   Thumb Code     0  rtentry.o(.ARM.Collect$$rtentry$$00000000)
    __rt_entry_presh_1                       0x08000169   Thumb Code     0  rtentry2.o(.ARM.Collect$$rtentry$$00000002)
    __rt_entry_sh                            0x08000169   Thumb Code     0  rtentry4.o(.ARM.Collect$$rtentry$$00000004)
    __rt_entry_li                            0x0800016f   Thumb Code     0  rtentry2.o(.ARM.Collect$$rtentry$$0000000A)
    __rt_entry_postsh_1                      0x0800016f   Thumb Code     0  rtentry2.o(.ARM.Collect$$rtentry$$00000009)
    __rt_entry_main                          0x08000173   Thumb Code     0  rtentry2.o(.ARM.Collect$$rtentry$$0000000D)
    __rt_entry_postli_1                      0x08000173   Thumb Code     0  rtentry2.o(.ARM.Collect$$rtentry$$0000000C)
    __rt_exit                                0x0800017b   Thumb Code     0  rtexit.o(.ARM.Collect$$rtexit$$00000000)
    __rt_exit_ls                             0x0800017d   Thumb Code     0  rtexit2.o(.ARM.Collect$$rtexit$$00000003)
    __rt_exit_prels_1                        0x0800017d   Thumb Code     0  rtexit2.o(.ARM.Collect$$rtexit$$00000002)
    __rt_exit_exit                           0x08000181   Thumb Code     0  rtexit2.o(.ARM.Collect$$rtexit$$00000004)
    Reset_Handler                            0x08000189   Thumb Code     8  startup_stm32f10x_md.o(.text)
    NMI_Handler                              0x08000191   Thumb Code     2  startup_stm32f10x_md.o(.text)
    HardFault_Handler                        0x08000193   Thumb Code     2  startup_stm32f10x_md.o(.text)
    MemManage_Handler                        0x08000195   Thumb Code     2  startup_stm32f10x_md.o(.text)
    BusFault_Handler                         0x08000197   Thumb Code     2  startup_stm32f10x_md.o(.text)
    UsageFault_Handler                       0x08000199   Thumb Code     2  startup_stm32f10x_md.o(.text)
    SVC_Handler                              0x0800019b   Thumb Code     2  startup_stm32f10x_md.o(.text)
    DebugMon_Handler                         0x0800019d   Thumb Code     2  startup_stm32f10x_md.o(.text)
    PendSV_Handler                           0x0800019f   Thumb Code     2  startup_stm32f10x_md.o(.text)
    SysTick_Handler                          0x080001a1   Thumb Code     2  startup_stm32f10x_md.o(.text)
    ADC1_2_IRQHandler                        0x080001a3   Thumb Code     0  startup_stm32f10x_md.o(.text)
    CAN1_RX1_IRQHandler                      0x080001a3   Thumb Code     0  startup_stm32f10x_md.o(.text)
    CAN1_SCE_IRQHandler                      0x080001a3   Thumb Code     0  startup_stm32f10x_md.o(.text)
    DMA1_Channel2_IRQHandler                 0x080001a3   Thumb Code     0  startup_stm32f10x_md.o(.text)
    DMA1_Channel3_IRQHandler                 0x080001a3   Thumb Code     0  startup_stm32f10x_md.o(.text)
    DMA1_Channel4_IRQHandler                 0x080001a3   Thumb Code     0  startup_stm32f10x_md.o(.text)
    DMA1_Channel5_IRQHandler                 0x080001a3   Thumb Code     0  startup_stm32f10x_md.o(.text)
    DMA1_Channel6_IRQHandler                 0x080001a3   Thumb Code     0  startup_stm32f10x_md.o(.text)
    DMA1_Channel7_IRQHandler                 0x080001a3   Thumb Code     0  startup_stm32f10x_md.o(.text)
    EXTI1_IRQHandler                         0x080001a3   Thumb Code     0  startup_stm32f10x_md.o(.text)
    EXTI2_IRQHandler                         0x080001a3   Thumb Code     0  startup_stm32f10x_md.o(.text)
    EXTI3_IRQHandler                         0x080001a3   Thumb Code     0  startup_stm32f10x_md.o(.text)
    FLASH_IRQHandler                         0x080001a3   Thumb Code     0  startup_stm32f10x_md.o(.text)
    I2C1_ER_IRQHandler                       0x080001a3   Thumb Code     0  startup_stm32f10x_md.o(.text)
    I2C1_EV_IRQHandler                       0x080001a3   Thumb Code     0  startup_stm32f10x_md.o(.text)
    I2C2_ER_IRQHandler                       0x080001a3   Thumb Code     0  startup_stm32f10x_md.o(.text)
    I2C2_EV_IRQHandler                       0x080001a3   Thumb Code     0  startup_stm32f10x_md.o(.text)
    PVD_IRQHandler                           0x080001a3   Thumb Code     0  startup_stm32f10x_md.o(.text)
    RCC_IRQHandler                           0x080001a3   Thumb Code     0  startup_stm32f10x_md.o(.text)
    RTCAlarm_IRQHandler                      0x080001a3   Thumb Code     0  startup_stm32f10x_md.o(.text)
    RTC_IRQHandler                           0x080001a3   Thumb Code     0  startup_stm32f10x_md.o(.text)
    SPI1_IRQHandler                          0x080001a3   Thumb Code     0  startup_stm32f10x_md.o(.text)
    SPI2_IRQHandler                          0x080001a3   Thumb Code     0  startup_stm32f10x_md.o(.text)
    TAMPER_IRQHandler                        0x080001a3   Thumb Code     0  startup_stm32f10x_md.o(.text)
    TIM1_BRK_IRQHandler                      0x080001a3   Thumb Code     0  startup_stm32f10x_md.o(.text)
    TIM1_CC_IRQHandler                       0x080001a3   Thumb Code     0  startup_stm32f10x_md.o(.text)
    TIM1_TRG_COM_IRQHandler                  0x080001a3   Thumb Code     0  startup_stm32f10x_md.o(.text)
    USART3_IRQHandler                        0x080001a3   Thumb Code     0  startup_stm32f10x_md.o(.text)
    USBWakeUp_IRQHandler                     0x080001a3   Thumb Code     0  startup_stm32f10x_md.o(.text)
    WWDG_IRQHandler                          0x080001a3   Thumb Code     0  startup_stm32f10x_md.o(.text)
    __user_initial_stackheap                 0x080001a5   Thumb Code     0  startup_stm32f10x_md.o(.text)
    SystemInit                               0x08000291   Thumb Code    78  system_stm32f10x.o(.text)
    SystemCoreClockUpdate                    0x080002df   Thumb Code   142  system_stm32f10x.o(.text)
    CAN_init                                 0x08000391   Thumb Code    26  bcb.o(.text)
    dcdc_management                          0x080003ab   Thumb Code   980  bcb.o(.text)
    CANBUS                                   0x0800077f   Thumb Code   396  bcb.o(.text)
    BMON                                     0x0800090b   Thumb Code    16  bcb.o(.text)
    Bluetooth                                0x0800091b   Thumb Code   634  bcb.o(.text)
    main                                     0x08000b95   Thumb Code   698  bcb.o(.text)
    BCB_GPIO_Init                            0x08000e9d   Thumb Code   332  gpio.o(.text)
    USART1_Init                              0x08001001   Thumb Code   144  usart.o(.text)
    USART1_IRQHandler                        0x08001091   Thumb Code   150  usart.o(.text)
    USART2_Init                              0x08001127   Thumb Code   148  usart.o(.text)
    USART2_IRQHandler                        0x080011bb   Thumb Code   150  usart.o(.text)
    buffer_Init                              0x08001251   Thumb Code    24  usart.o(.text)
    SendChar1                                0x08001269   Thumb Code    76  usart.o(.text)
    GetKey1                                  0x080012b5   Thumb Code    38  usart.o(.text)
    SendChar2                                0x080012db   Thumb Code    76  usart.o(.text)
    SendUart2                                0x08001327   Thumb Code    26  usart.o(.text)
    GetKey2                                  0x08001341   Thumb Code    38  usart.o(.text)
    GetString2                               0x08001367   Thumb Code   298  usart.o(.text)
    CAN_setup                                0x080014ad   Thumb Code   154  can.o(.text)
    CAN_start                                0x08001547   Thumb Code    28  can.o(.text)
    CAN_testmode                             0x08001563   Thumb Code    34  can.o(.text)
    CAN_waitReady                            0x08001585   Thumb Code    22  can.o(.text)
    CAN_wrMsg                                0x0800159b   Thumb Code   180  can.o(.text)
    CAN_rdMsg                                0x0800164f   Thumb Code   172  can.o(.text)
    CAN_wrFilter                             0x080016fb   Thumb Code   214  can.o(.text)
    USB_HP_CAN1_TX_IRQHandler                0x080017d1   Thumb Code    52  can.o(.text)
    USB_LP_CAN1_RX0_IRQHandler               0x08001805   Thumb Code    30  can.o(.text)
    ADC_Init                                 0x0800188d   Thumb Code   220  adc.o(.text)
    ADC_StartCnv                             0x08001969   Thumb Code    18  adc.o(.text)
    ADC_StopCnv                              0x0800197b   Thumb Code    18  adc.o(.text)
    ADC_Conv                                 0x0800198d   Thumb Code    20  adc.o(.text)
    DMA1_Channel1_IRQHandler                 0x080019a1   Thumb Code    24  adc.o(.text)
    I2C_DeInit                               0x080019d1   Thumb Code    50  stm32f10x_i2c.o(.text)
    I2C_Init                                 0x08001a03   Thumb Code   222  stm32f10x_i2c.o(.text)
    I2C_StructInit                           0x08001ae1   Thumb Code    30  stm32f10x_i2c.o(.text)
    I2C_Cmd                                  0x08001aff   Thumb Code    24  stm32f10x_i2c.o(.text)
    I2C_DMACmd                               0x08001b17   Thumb Code    24  stm32f10x_i2c.o(.text)
    I2C_DMALastTransferCmd                   0x08001b2f   Thumb Code    24  stm32f10x_i2c.o(.text)
    I2C_GenerateSTART                        0x08001b47   Thumb Code    24  stm32f10x_i2c.o(.text)
    I2C_GenerateSTOP                         0x08001b5f   Thumb Code    24  stm32f10x_i2c.o(.text)
    I2C_AcknowledgeConfig                    0x08001b77   Thumb Code    24  stm32f10x_i2c.o(.text)
    I2C_OwnAddress2Config                    0x08001b8f   Thumb Code    22  stm32f10x_i2c.o(.text)
    I2C_DualAddressCmd                       0x08001ba5   Thumb Code    24  stm32f10x_i2c.o(.text)
    I2C_GeneralCallCmd                       0x08001bbd   Thumb Code    24  stm32f10x_i2c.o(.text)
    I2C_ITConfig                             0x08001bd5   Thumb Code    18  stm32f10x_i2c.o(.text)
    I2C_SendData                             0x08001be7   Thumb Code     4  stm32f10x_i2c.o(.text)
    I2C_ReceiveData                          0x08001beb   Thumb Code     8  stm32f10x_i2c.o(.text)
    I2C_Send7bitAddress                      0x08001bf3   Thumb Code    18  stm32f10x_i2c.o(.text)
    I2C_ReadRegister                         0x08001c05   Thumb Code    12  stm32f10x_i2c.o(.text)
    I2C_SoftwareResetCmd                     0x08001c11   Thumb Code    22  stm32f10x_i2c.o(.text)
    I2C_NACKPositionConfig                   0x08001c27   Thumb Code    28  stm32f10x_i2c.o(.text)
    I2C_SMBusAlertConfig                     0x08001c43   Thumb Code    28  stm32f10x_i2c.o(.text)
    I2C_TransmitPEC                          0x08001c5f   Thumb Code    24  stm32f10x_i2c.o(.text)
    I2C_PECPositionConfig                    0x08001c77   Thumb Code    28  stm32f10x_i2c.o(.text)
    I2C_CalculatePEC                         0x08001c93   Thumb Code    24  stm32f10x_i2c.o(.text)
    I2C_GetPEC                               0x08001cab   Thumb Code     8  stm32f10x_i2c.o(.text)
    I2C_ARPCmd                               0x08001cb3   Thumb Code    24  stm32f10x_i2c.o(.text)
    I2C_StretchClockCmd                      0x08001ccb   Thumb Code    24  stm32f10x_i2c.o(.text)
    I2C_FastModeDutyCycleConfig              0x08001ce3   Thumb Code    28  stm32f10x_i2c.o(.text)
    I2C_CheckEvent                           0x08001cff   Thumb Code    42  stm32f10x_i2c.o(.text)
    I2C_GetLastEvent                         0x08001d29   Thumb Code    26  stm32f10x_i2c.o(.text)
    I2C_GetFlagStatus                        0x08001d43   Thumb Code    42  stm32f10x_i2c.o(.text)
    I2C_ClearFlag                            0x08001d6d   Thumb Code    12  stm32f10x_i2c.o(.text)
    I2C_GetITStatus                          0x08001d79   Thumb Code    38  stm32f10x_i2c.o(.text)
    I2C_ClearITPendingBit                    0x08001d9f   Thumb Code    12  stm32f10x_i2c.o(.text)
    RCC_DeInit                               0x08001dbd   Thumb Code    64  stm32f10x_rcc.o(.text)
    RCC_HSEConfig                            0x08001dfd   Thumb Code    70  stm32f10x_rcc.o(.text)
    RCC_GetFlagStatus                        0x08001e43   Thumb Code    56  stm32f10x_rcc.o(.text)
    RCC_WaitForHSEStartUp                    0x08001e7b   Thumb Code    48  stm32f10x_rcc.o(.text)
    RCC_AdjustHSICalibrationValue            0x08001eab   Thumb Code    20  stm32f10x_rcc.o(.text)
    RCC_HSICmd                               0x08001ebf   Thumb Code     6  stm32f10x_rcc.o(.text)
    RCC_PLLConfig                            0x08001ec5   Thumb Code    24  stm32f10x_rcc.o(.text)
    RCC_PLLCmd                               0x08001edd   Thumb Code     6  stm32f10x_rcc.o(.text)
    RCC_SYSCLKConfig                         0x08001ee3   Thumb Code    18  stm32f10x_rcc.o(.text)
    RCC_GetSYSCLKSource                      0x08001ef5   Thumb Code    10  stm32f10x_rcc.o(.text)
    RCC_HCLKConfig                           0x08001eff   Thumb Code    18  stm32f10x_rcc.o(.text)
    RCC_PCLK1Config                          0x08001f11   Thumb Code    18  stm32f10x_rcc.o(.text)
    RCC_PCLK2Config                          0x08001f23   Thumb Code    20  stm32f10x_rcc.o(.text)
    RCC_ITConfig                             0x08001f37   Thumb Code    26  stm32f10x_rcc.o(.text)
    RCC_USBCLKConfig                         0x08001f51   Thumb Code     6  stm32f10x_rcc.o(.text)
    RCC_ADCCLKConfig                         0x08001f57   Thumb Code    18  stm32f10x_rcc.o(.text)
    RCC_LSEConfig                            0x08001f69   Thumb Code    44  stm32f10x_rcc.o(.text)
    RCC_LSICmd                               0x08001f95   Thumb Code     6  stm32f10x_rcc.o(.text)
    RCC_RTCCLKConfig                         0x08001f9b   Thumb Code    12  stm32f10x_rcc.o(.text)
    RCC_RTCCLKCmd                            0x08001fa7   Thumb Code     8  stm32f10x_rcc.o(.text)
    RCC_GetClocksFreq                        0x08001faf   Thumb Code   192  stm32f10x_rcc.o(.text)
    RCC_AHBPeriphClockCmd                    0x0800206f   Thumb Code    26  stm32f10x_rcc.o(.text)
    RCC_APB2PeriphClockCmd                   0x08002089   Thumb Code    26  stm32f10x_rcc.o(.text)
    RCC_APB1PeriphClockCmd                   0x080020a3   Thumb Code    26  stm32f10x_rcc.o(.text)
    RCC_APB2PeriphResetCmd                   0x080020bd   Thumb Code    26  stm32f10x_rcc.o(.text)
    RCC_APB1PeriphResetCmd                   0x080020d7   Thumb Code    26  stm32f10x_rcc.o(.text)
    RCC_BackupResetCmd                       0x080020f1   Thumb Code     8  stm32f10x_rcc.o(.text)
    RCC_ClockSecuritySystemCmd               0x080020f9   Thumb Code     6  stm32f10x_rcc.o(.text)
    RCC_MCOConfig                            0x080020ff   Thumb Code     6  stm32f10x_rcc.o(.text)
    RCC_ClearFlag                            0x08002105   Thumb Code    14  stm32f10x_rcc.o(.text)
    RCC_GetITStatus                          0x08002113   Thumb Code    20  stm32f10x_rcc.o(.text)
    RCC_ClearITPendingBit                    0x08002127   Thumb Code     6  stm32f10x_rcc.o(.text)
    BMON_Init                                0x08002159   Thumb Code   124  bmon.o(.text)
    BMON_ReadRegister                        0x08002241   Thumb Code   274  bmon.o(.text)
    GPIO_DeInit                              0x08002375   Thumb Code   172  stm32f10x_gpio.o(.text)
    GPIO_AFIODeInit                          0x08002421   Thumb Code    20  stm32f10x_gpio.o(.text)
    GPIO_Init                                0x08002435   Thumb Code   274  stm32f10x_gpio.o(.text)
    GPIO_StructInit                          0x08002547   Thumb Code    16  stm32f10x_gpio.o(.text)
    GPIO_ReadInputDataBit                    0x08002557   Thumb Code    18  stm32f10x_gpio.o(.text)
    GPIO_ReadInputData                       0x08002569   Thumb Code     8  stm32f10x_gpio.o(.text)
    GPIO_ReadOutputDataBit                   0x08002571   Thumb Code    18  stm32f10x_gpio.o(.text)
    GPIO_ReadOutputData                      0x08002583   Thumb Code     8  stm32f10x_gpio.o(.text)
    GPIO_SetBits                             0x0800258b   Thumb Code     4  stm32f10x_gpio.o(.text)
    GPIO_ResetBits                           0x0800258f   Thumb Code     4  stm32f10x_gpio.o(.text)
    GPIO_WriteBit                            0x08002593   Thumb Code    10  stm32f10x_gpio.o(.text)
    GPIO_Write                               0x0800259d   Thumb Code     4  stm32f10x_gpio.o(.text)
    GPIO_PinLockConfig                       0x080025a1   Thumb Code    18  stm32f10x_gpio.o(.text)
    GPIO_EventOutputConfig                   0x080025b3   Thumb Code    26  stm32f10x_gpio.o(.text)
    GPIO_EventOutputCmd                      0x080025cd   Thumb Code     6  stm32f10x_gpio.o(.text)
    GPIO_PinRemapConfig                      0x080025d3   Thumb Code   138  stm32f10x_gpio.o(.text)
    GPIO_EXTILineConfig                      0x0800265d   Thumb Code    66  stm32f10x_gpio.o(.text)
    GPIO_ETH_MediaInterfaceConfig            0x0800269f   Thumb Code     6  stm32f10x_gpio.o(.text)
    DMA_DeInit                               0x080026cd   Thumb Code   324  stm32f10x_dma.o(.text)
    DMA_Init                                 0x08002811   Thumb Code    60  stm32f10x_dma.o(.text)
    DMA_StructInit                           0x0800284d   Thumb Code    26  stm32f10x_dma.o(.text)
    DMA_Cmd                                  0x08002867   Thumb Code    24  stm32f10x_dma.o(.text)
    DMA_ITConfig                             0x0800287f   Thumb Code    18  stm32f10x_dma.o(.text)
    DMA_SetCurrDataCounter                   0x08002891   Thumb Code     4  stm32f10x_dma.o(.text)
    DMA_GetCurrDataCounter                   0x08002895   Thumb Code     8  stm32f10x_dma.o(.text)
    DMA_GetFlagStatus                        0x0800289d   Thumb Code    38  stm32f10x_dma.o(.text)
    DMA_ClearFlag                            0x080028c3   Thumb Code    22  stm32f10x_dma.o(.text)
    DMA_GetITStatus                          0x080028d9   Thumb Code    38  stm32f10x_dma.o(.text)
    DMA_ClearITPendingBit                    0x080028ff   Thumb Code    22  stm32f10x_dma.o(.text)
    EXTI_Init                                0x0800291d   Thumb Code   460  exti.o(.text)
    EXTI0_IRQHandler                         0x08002ae9   Thumb Code    76  exti.o(.text)
    EXTI4_IRQHandler                         0x08002b35   Thumb Code    70  exti.o(.text)
    EXTI9_5_IRQHandler                       0x08002b7b   Thumb Code    76  exti.o(.text)
    EXTI15_10_IRQHandler                     0x08002bc7   Thumb Code   104  exti.o(.text)
    TIM1_Init                                0x08002c79   Thumb Code    66  timer.o(.text)
    TIM2_Init                                0x08002cbb   Thumb Code    58  timer.o(.text)
    TIM3_Init                                0x08002cf5   Thumb Code    50  timer.o(.text)
    TIM4_Init                                0x08002d27   Thumb Code    50  timer.o(.text)
    TIM1_UP_IRQHandler                       0x08002d59   Thumb Code    36  timer.o(.text)
    TIM2_IRQHandler                          0x08002d7d   Thumb Code    30  timer.o(.text)
    TIM3_IRQHandler                          0x08002d9b   Thumb Code   162  timer.o(.text)
    TIM4_IRQHandler                          0x08002e3d   Thumb Code   162  timer.o(.text)
    __use_two_region_memory                  0x08002f39   Thumb Code     2  heapauxi.o(.text)
    __rt_heap_escrow$2region                 0x08002f3b   Thumb Code     2  heapauxi.o(.text)
    __rt_heap_expand$2region                 0x08002f3d   Thumb Code     2  heapauxi.o(.text)
    __user_setup_stackheap                   0x08002f3f   Thumb Code    74  sys_stackheap_outer.o(.text)
    exit                                     0x08002f89   Thumb Code    12  exit.o(.text)
    __user_libspace                          0x08002f95   Thumb Code     8  libspace.o(.text)
    __user_perproc_libspace                  0x08002f95   Thumb Code     0  libspace.o(.text)
    __user_perthread_libspace                0x08002f95   Thumb Code     0  libspace.o(.text)
    _sys_exit                                0x08002f9d   Thumb Code     8  sys_exit.o(.text)
    __I$use$semihosting                      0x08002fa9   Thumb Code     0  use_no_semi.o(.text)
    __use_no_semihosting_swi                 0x08002fa9   Thumb Code     2  use_no_semi.o(.text)
    __semihosting_library_function           0x08002fab   Thumb Code     0  indicate_semi.o(.text)
    __aeabi_d2iz                             0x08002fad   Thumb Code     0  dfix.o(x$fpl$dfix)
    _dfix                                    0x08002fad   Thumb Code    94  dfix.o(x$fpl$dfix)
    __aeabi_i2d                              0x0800300b   Thumb Code     0  dflt_clz.o(x$fpl$dflt)
    _dflt                                    0x0800300b   Thumb Code    46  dflt_clz.o(x$fpl$dflt)
    __aeabi_dmul                             0x08003039   Thumb Code     0  dmul.o(x$fpl$dmul)
    _dmul                                    0x08003039   Thumb Code   332  dmul.o(x$fpl$dmul)
    __fpl_dnaninf                            0x0800318d   Thumb Code   156  dnaninf.o(x$fpl$dnaninf)
    __fpl_dretinf                            0x08003229   Thumb Code    12  dretinf.o(x$fpl$dretinf)
    Region$$Table$$Base                      0x08003234   Number         0  anon$$obj.o(Region$$Table)
    __I$use$fp                               0x08003234   Number         0  usenofp.o(x$fpl$usenofp)
    Region$$Table$$Limit                     0x08003254   Number         0  anon$$obj.o(Region$$Table)
    SystemCoreClock                          0x20000000   Data           4  system_stm32f10x.o(.data)
    AHBPrescTable                            0x20000004   Data          16  system_stm32f10x.o(.data)
    V12board                                 0x20000014   Data           1  bcb.o(.data)
    V12board_F                               0x20000015   Data           1  bcb.o(.data)
    V12motor                                 0x20000016   Data           1  bcb.o(.data)
    V12motor_F                               0x20000017   Data           1  bcb.o(.data)
    HSM                                      0x20000018   Data           1  bcb.o(.data)
    HSM_PG                                   0x20000019   Data           1  bcb.o(.data)
    HSM_F                                    0x2000001a   Data           1  bcb.o(.data)
    DCrestart                                0x2000001b   Data           1  bcb.o(.data)
    DCDC_ctrl                                0x2000001c   Data           4  bcb.o(.data)
    DCDC_status                              0x20000020   Data           4  bcb.o(.data)
    ext_status                               0x20000024   Data           4  bcb.o(.data)
    filter_PB1                               0x20000028   Data           4  bcb.o(.data)
    filter_PB2                               0x2000002c   Data           4  bcb.o(.data)
    filter_fault_gpio                        0x20000030   Data           4  bcb.o(.data)
    timer_debounce                           0x20000034   Data           4  bcb.o(.data)
    timer_restart                            0x20000038   Data           4  bcb.o(.data)
    timer_100us                              0x2000003c   Data           1  bcb.o(.data)
    timer_1ms                                0x2000003d   Data           1  bcb.o(.data)
    timer_10ms                               0x2000003e   Data           1  bcb.o(.data)
    timer_100ms                              0x2000003f   Data           1  bcb.o(.data)
    timer_1s                                 0x20000040   Data           1  bcb.o(.data)
    sendBT                                   0x20000041   Data           1  bcb.o(.data)
    can_led_active                           0x20000042   Data           1  bcb.o(.data)
    toggle                                   0x20000043   Data           1  bcb.o(.data)
    togglex2                                 0x20000044   Data           1  bcb.o(.data)
    fault                                    0x20000045   Data           1  bcb.o(.data)
    jack                                     0x20000046   Data           1  bcb.o(.data)
    PB1_debounce                             0x20000047   Data           1  bcb.o(.data)
    PB1_restart                              0x20000048   Data           1  bcb.o(.data)
    PB2_debounce                             0x20000049   Data           1  bcb.o(.data)
    PB2_restart                              0x2000004a   Data           1  bcb.o(.data)
    int_fault                                0x2000004b   Data           1  bcb.o(.data)
    BMON_RX                                  0x2000004c   Data           6  bcb.o(.data)
    ledExti                                  0x20000054   Data           4  bcb.o(.data)
    state_fsm                                0x20000058   Data           1  bcb.o(.data)
    timerFSM                                 0x20000059   Data           1  bcb.o(.data)
    cont                                     0x2000005c   Data           4  bcb.o(.data)
    rx                                       0x20000060   Data           4  bcb.o(.data)
    message                                  0x20000064   Data           4  bcb.o(.data)
    val_Tx                                   0x20000068   Data           4  bcb.o(.data)
    val_Rx                                   0x2000006c   Data           4  bcb.o(.data)
    testCont1                                0x20000070   Data           4  bcb.o(.data)
    testCont2                                0x20000074   Data           4  bcb.o(.data)
    testCont3                                0x20000078   Data           4  bcb.o(.data)
    up                                       0x2000007c   Data           1  bcb.o(.data)
    pippo                                    0x2000007d   Data           1  bcb.o(.data)
    adc_values                               0x20000080   Data           4  bcb.o(.data)
    adc_val                                  0x20000084   Data           4  bcb.o(.data)
    VBATT                                    0x20000088   Data           4  bcb.o(.data)
    state_fsm_prec                           0x2000008c   Data           1  bcb.o(.data)
    rxlength                                 0x2000008d   Data           1  bcb.o(.data)
    CAN_TxRdy                                0x20000098   Data           4  can.o(.data)
    CAN_RxRdy                                0x2000009c   Data           4  can.o(.data)
    AD_done                                  0x200000a4   Data           1  adc.o(.data)
    AD_last                                  0x200000a6   Data           2  adc.o(.data)
    ADC_value                                0x200000a8   Data           4  adc.o(.data)
    BMON_TimeOut                             0x200000c0   Data           4  bmon.o(.data)
    BT_RXmsg                                 0x200000c4   Data         256  bcb.o(.bss)
    text                                     0x200001c4   Data          17  bcb.o(.bss)
    CAN_TxMsg                                0x200003e8   Data          16  can.o(.bss)
    CAN_RxMsg                                0x200003f8   Data          16  can.o(.bss)
    __libspace_start                         0x20000408   Data          96  libspace.o(.bss)
    __temporary_stack_top$libspace           0x20000468   Data           0  libspace.o(.bss)



==============================================================================

Memory Map of the image

  Image Entry point : 0x080000ed

  Load Region LR_IROM1 (Base: 0x08000000, Size: 0x00003318, Max: 0x00010000, ABSOLUTE)

    Execution Region ER_IROM1 (Base: 0x08000000, Size: 0x00003254, Max: 0x00010000, ABSOLUTE)

    Base Addr    Size         Type   Attr      Idx    E Section Name        Object

    0x08000000   0x000000ec   Data   RO            3    RESET               startup_stm32f10x_md.o
    0x080000ec   0x00000008   Code   RO          400  * !!!main             c_w.l(__main.o)
    0x080000f4   0x00000034   Code   RO          571    !!!scatter          c_w.l(__scatter.o)
    0x08000128   0x0000001a   Code   RO          573    !!handler_copy      c_w.l(__scatter_copy.o)
    0x08000142   0x00000002   PAD
    0x08000144   0x0000001c   Code   RO          575    !!handler_zi        c_w.l(__scatter_zi.o)
    0x08000160   0x00000002   Code   RO          444    .ARM.Collect$$libinit$$00000000  c_w.l(libinit.o)
    0x08000162   0x00000000   Code   RO          451    .ARM.Collect$$libinit$$00000002  c_w.l(libinit2.o)
    0x08000162   0x00000000   Code   RO          454    .ARM.Collect$$libinit$$00000008  c_w.l(libinit2.o)
    0x08000162   0x00000000   Code   RO          456    .ARM.Collect$$libinit$$0000000A  c_w.l(libinit2.o)
    0x08000162   0x00000000   Code   RO          458    .ARM.Collect$$libinit$$0000000C  c_w.l(libinit2.o)
    0x08000162   0x00000000   Code   RO          461    .ARM.Collect$$libinit$$0000000F  c_w.l(libinit2.o)
    0x08000162   0x00000000   Code   RO          463    .ARM.Collect$$libinit$$00000011  c_w.l(libinit2.o)
    0x08000162   0x00000000   Code   RO          465    .ARM.Collect$$libinit$$00000013  c_w.l(libinit2.o)
    0x08000162   0x00000000   Code   RO          467    .ARM.Collect$$libinit$$00000015  c_w.l(libinit2.o)
    0x08000162   0x00000000   Code   RO          469    .ARM.Collect$$libinit$$00000017  c_w.l(libinit2.o)
    0x08000162   0x00000000   Code   RO          471    .ARM.Collect$$libinit$$00000019  c_w.l(libinit2.o)
    0x08000162   0x00000000   Code   RO          473    .ARM.Collect$$libinit$$0000001B  c_w.l(libinit2.o)
    0x08000162   0x00000000   Code   RO          475    .ARM.Collect$$libinit$$0000001D  c_w.l(libinit2.o)
    0x08000162   0x00000000   Code   RO          477    .ARM.Collect$$libinit$$0000001F  c_w.l(libinit2.o)
    0x08000162   0x00000000   Code   RO          479    .ARM.Collect$$libinit$$00000021  c_w.l(libinit2.o)
    0x08000162   0x00000000   Code   RO          481    .ARM.Collect$$libinit$$00000023  c_w.l(libinit2.o)
    0x08000162   0x00000000   Code   RO          485    .ARM.Collect$$libinit$$0000002A  c_w.l(libinit2.o)
    0x08000162   0x00000000   Code   RO          487    .ARM.Collect$$libinit$$0000002C  c_w.l(libinit2.o)
    0x08000162   0x00000000   Code   RO          489    .ARM.Collect$$libinit$$0000002E  c_w.l(libinit2.o)
    0x08000162   0x00000000   Code   RO          491    .ARM.Collect$$libinit$$00000030  c_w.l(libinit2.o)
    0x08000162   0x00000002   Code   RO          492    .ARM.Collect$$libinit$$00000031  c_w.l(libinit2.o)
    0x08000164   0x00000002   Code   RO          512    .ARM.Collect$$libshutdown$$00000000  c_w.l(libshutdown.o)
    0x08000166   0x00000000   Code   RO          526    .ARM.Collect$$libshutdown$$00000003  c_w.l(libshutdown2.o)
    0x08000166   0x00000000   Code   RO          529    .ARM.Collect$$libshutdown$$00000006  c_w.l(libshutdown2.o)
    0x08000166   0x00000000   Code   RO          532    .ARM.Collect$$libshutdown$$00000009  c_w.l(libshutdown2.o)
    0x08000166   0x00000000   Code   RO          534    .ARM.Collect$$libshutdown$$0000000B  c_w.l(libshutdown2.o)
    0x08000166   0x00000000   Code   RO          537    .ARM.Collect$$libshutdown$$0000000E  c_w.l(libshutdown2.o)
    0x08000166   0x00000002   Code   RO          538    .ARM.Collect$$libshutdown$$0000000F  c_w.l(libshutdown2.o)
    0x08000168   0x00000000   Code   RO          414    .ARM.Collect$$rtentry$$00000000  c_w.l(rtentry.o)
    0x08000168   0x00000000   Code   RO          421    .ARM.Collect$$rtentry$$00000002  c_w.l(rtentry2.o)
    0x08000168   0x00000006   Code   RO          433    .ARM.Collect$$rtentry$$00000004  c_w.l(rtentry4.o)
    0x0800016e   0x00000000   Code   RO          423    .ARM.Collect$$rtentry$$00000009  c_w.l(rtentry2.o)
    0x0800016e   0x00000004   Code   RO          424    .ARM.Collect$$rtentry$$0000000A  c_w.l(rtentry2.o)
    0x08000172   0x00000000   Code   RO          426    .ARM.Collect$$rtentry$$0000000C  c_w.l(rtentry2.o)
    0x08000172   0x00000008   Code   RO          427    .ARM.Collect$$rtentry$$0000000D  c_w.l(rtentry2.o)
    0x0800017a   0x00000002   Code   RO          448    .ARM.Collect$$rtexit$$00000000  c_w.l(rtexit.o)
    0x0800017c   0x00000000   Code   RO          494    .ARM.Collect$$rtexit$$00000002  c_w.l(rtexit2.o)
    0x0800017c   0x00000004   Code   RO          495    .ARM.Collect$$rtexit$$00000003  c_w.l(rtexit2.o)
    0x08000180   0x00000006   Code   RO          496    .ARM.Collect$$rtexit$$00000004  c_w.l(rtexit2.o)
    0x08000186   0x00000002   PAD
    0x08000188   0x00000040   Code   RO            4    .text               startup_stm32f10x_md.o
    0x080001c8   0x000001c8   Code   RO           12    .text               system_stm32f10x.o
    0x08000390   0x00000b0c   Code   RO           55    .text               bcb.o
    0x08000e9c   0x00000164   Code   RO          139    .text               gpio.o
    0x08001000   0x000004ac   Code   RO          159    .text               usart.o
    0x080014ac   0x000003e0   Code   RO          193    .text               can.o
    0x0800188c   0x00000144   Code   RO          224    .text               adc.o
    0x080019d0   0x000003ec   Code   RO          250    .text               stm32f10x_i2c.o
    0x08001dbc   0x0000039c   Code   RO          270    .text               stm32f10x_rcc.o
    0x08002158   0x0000021c   Code   RO          292    .text               bmon.o
    0x08002374   0x00000358   Code   RO          318    .text               stm32f10x_gpio.o
    0x080026cc   0x00000250   Code   RO          338    .text               stm32f10x_dma.o
    0x0800291c   0x0000035c   Code   RO          358    .text               exti.o
    0x08002c78   0x000002c0   Code   RO          378    .text               timer.o
    0x08002f38   0x00000006   Code   RO          398    .text               c_w.l(heapauxi.o)
    0x08002f3e   0x0000004a   Code   RO          435    .text               c_w.l(sys_stackheap_outer.o)
    0x08002f88   0x0000000c   Code   RO          437    .text               c_w.l(exit.o)
    0x08002f94   0x00000008   Code   RO          445    .text               c_w.l(libspace.o)
    0x08002f9c   0x0000000c   Code   RO          504    .text               c_w.l(sys_exit.o)
    0x08002fa8   0x00000002   Code   RO          515    .text               c_w.l(use_no_semi.o)
    0x08002faa   0x00000000   Code   RO          517    .text               c_w.l(indicate_semi.o)
    0x08002faa   0x00000002   PAD
    0x08002fac   0x0000005e   Code   RO          402    x$fpl$dfix          fz_ws.l(dfix.o)
    0x0800300a   0x0000002e   Code   RO          407    x$fpl$dflt          fz_ws.l(dflt_clz.o)
    0x08003038   0x00000154   Code   RO          412    x$fpl$dmul          fz_ws.l(dmul.o)
    0x0800318c   0x0000009c   Code   RO          415    x$fpl$dnaninf       fz_ws.l(dnaninf.o)
    0x08003228   0x0000000c   Code   RO          417    x$fpl$dretinf       fz_ws.l(dretinf.o)
    0x08003234   0x00000000   Code   RO          419    x$fpl$usenofp       fz_ws.l(usenofp.o)
    0x08003234   0x00000020   Data   RO          569    Region$$Table       anon$$obj.o


    Execution Region RW_IRAM1 (Base: 0x20000000, Size: 0x00000a68, Max: 0x00005000, ABSOLUTE)

    Base Addr    Size         Type   Attr      Idx    E Section Name        Object

    0x20000000   0x00000014   Data   RW           13    .data               system_stm32f10x.o
    0x20000014   0x0000007a   Data   RW           57    .data               bcb.o
    0x2000008e   0x00000002   PAD
    0x20000090   0x00000008   Data   RW          161    .data               usart.o
    0x20000098   0x0000000a   Data   RW          195    .data               can.o
    0x200000a2   0x00000002   PAD
    0x200000a4   0x00000008   Data   RW          225    .data               adc.o
    0x200000ac   0x00000014   Data   RW          271    .data               stm32f10x_rcc.o
    0x200000c0   0x00000004   Data   RW          293    .data               bmon.o
    0x200000c4   0x00000111   Zero   RW           56    .bss                bcb.o
    0x200001d5   0x00000003   PAD
    0x200001d8   0x00000210   Zero   RW          160    .bss                usart.o
    0x200003e8   0x00000020   Zero   RW          194    .bss                can.o
    0x20000408   0x00000060   Zero   RW          446    .bss                c_w.l(libspace.o)
    0x20000468   0x00000200   Zero   RW            2    HEAP                startup_stm32f10x_md.o
    0x20000668   0x00000400   Zero   RW            1    STACK               startup_stm32f10x_md.o


==============================================================================

Image component sizes


      Code (inc. data)   RO Data    RW Data    ZI Data      Debug   Object Name

       324         24          0          8          0       1522   adc.o
      2828        284          0        122        273     232139   bcb.o
       540         34          0          4          0      11553   bmon.o
       992         82          0         10         32      25080   can.o
       860         50          0          0          0       1274   exti.o
       356         24          0          0          0        468   gpio.o
        64         26        236          0       1536        764   startup_stm32f10x_md.o
       592          8          0          0          0       4122   stm32f10x_dma.o
       856         40          0          0          0       5441   stm32f10x_gpio.o
      1004         18          0          0          0       8891   stm32f10x_i2c.o
       924         44          0         20          0       8532   stm32f10x_rcc.o
       456         36          0         20          0     207455   system_stm32f10x.o
       704         66          0          0          0       1573   timer.o
      1196         40          0          8        528      25654   usart.o

    ----------------------------------------------------------------------
     11696        776        268        196       2372     534468   Object Totals
         0          0         32          0          0          0   (incl. Generated)
         0          0          0          4          3          0   (incl. Padding)

    ----------------------------------------------------------------------

      Code (inc. data)   RO Data    RW Data    ZI Data      Debug   Library Member Name

         8          0          0          0          0         68   __main.o
        52          8          0          0          0          0   __scatter.o
        26          0          0          0          0          0   __scatter_copy.o
        28          0          0          0          0          0   __scatter_zi.o
        12          0          0          0          0         72   exit.o
         6          0          0          0          0        152   heapauxi.o
         0          0          0          0          0          0   indicate_semi.o
         2          0          0          0          0          0   libinit.o
         2          0          0          0          0          0   libinit2.o
         2          0          0          0          0          0   libshutdown.o
         2          0          0          0          0          0   libshutdown2.o
         8          4          0          0         96         68   libspace.o
         0          0          0          0          0          0   rtentry.o
        12          0          0          0          0          0   rtentry2.o
         6          0          0          0          0          0   rtentry4.o
         2          0          0          0          0          0   rtexit.o
        10          0          0          0          0          0   rtexit2.o
        12          4          0          0          0         68   sys_exit.o
        74          0          0          0          0         80   sys_stackheap_outer.o
         2          0          0          0          0         68   use_no_semi.o
        94          4          0          0          0         92   dfix.o
        46          0          0          0          0         68   dflt_clz.o
       340         12          0          0          0        104   dmul.o
       156          4          0          0          0         92   dnaninf.o
        12          0          0          0          0         68   dretinf.o
         0          0          0          0          0          0   usenofp.o

    ----------------------------------------------------------------------
       920         36          0          0         96       1000   Library Totals
         6          0          0          0          0          0   (incl. Padding)

    ----------------------------------------------------------------------

      Code (inc. data)   RO Data    RW Data    ZI Data      Debug   Library Name

       266         16          0          0         96        576   c_w.l
       648         20          0          0          0        424   fz_ws.l

    ----------------------------------------------------------------------
       920         36          0          0         96       1000   Library Totals

    ----------------------------------------------------------------------

==============================================================================


      Code (inc. data)   RO Data    RW Data    ZI Data      Debug   

     12616        812        268        196       2468     533492   Grand Totals
     12616        812        268        196       2468     533492   ELF Image Totals
     12616        812        268        196          0          0   ROM Totals

==============================================================================

    Total RO  Size (Code + RO Data)                12884 (  12.58kB)
    Total RW  Size (RW Data + ZI Data)              2664 (   2.60kB)
    Total ROM Size (Code + RO Data + RW Data)      13080 (  12.77kB)

==============================================================================

