Microchip Technology Inc, vv1.24 (0)

Tool Name:
  c:\program files (x86)\microchip\xc16\v1.24\bin\bin\..\bin/coff-ld.exe

Command:
  -p33FJ128MC804 \
  -o \
  JOG_FINAL.cof \
  -Lc:/program files (x86)/microchip/xc16/v1.24/bin/bin/.. \
  -Lc:/program files (x86)/microchip/xc16/v1.24/bin/bin/../../lib \
  -Lc:/program files (x86)/microchip/xc16/v1.24/bin/bin/../../lib/PIC24E \
  -Lc:/program files (x86)/microchip/xc16/v1.24/bin/bin/../../support/PIC24E/gld \
  -Lc:/program files (x86)/microchip/xc16/v1.24/bin/bin/../../lib/PIC24F \
  -Lc:/program files (x86)/microchip/xc16/v1.24/bin/bin/../../support/PIC24F/gld \
  -Lc:/program files (x86)/microchip/xc16/v1.24/bin/bin/../../lib/PIC24H \
  -Lc:/program files (x86)/microchip/xc16/v1.24/bin/bin/../../support/PIC24H/gld \
  -Lc:/program files (x86)/microchip/xc16/v1.24/bin/bin/../../lib/dsPIC30F \
  -Lc:/program files (x86)/microchip/xc16/v1.24/bin/bin/../../support/dsPIC30F/gld \
  -Lc:/program files (x86)/microchip/xc16/v1.24/bin/bin/../../lib/dsPIC33E \
  -Lc:/program files (x86)/microchip/xc16/v1.24/bin/bin/../../support/dsPIC33E/gld \
  -Lc:/program files (x86)/microchip/xc16/v1.24/bin/bin/../../lib/dsPIC33F \
  -Lc:/program files (x86)/microchip/xc16/v1.24/bin/bin/../../support/dsPIC33F/gld \
  JOG_main.o \
  conf.o \
  HALL_JOG.o \
  MC_PWM_JOG.o \
  QEI_JOG.o \
  SPI_JOG.o \
  UART_JOG.o \
  CAN_JOG.o \
  traps.o \
  -Tp33FJ128MC804.gld.00 \
  --defsym=__MPLAB_BUILD=1 \
  -Map=JOG_FINAL.map \
  --report-mem \
  -start-group \
  --library=pic30-coff \
  --library=m-coff \
  --library=c-coff \
  -end-group \

Archive member included because of file (symbol)

c:/program files (x86)/microchip/xc16/v1.24/bin/bin/../../lib/dsPIC33F\libp33FJ128MC804-coff.a(OpenDMA0.o)
                              JOG_main.o (OpenDMA0)
c:/program files (x86)/microchip/xc16/v1.24/bin/bin/../../lib/dsPIC33F\libp33FJ128MC804-coff.a(WriteSPI1.o)
                              JOG_main.o (WriteSPI1)
c:/program files (x86)/microchip/xc16/v1.24/bin/bin/../../lib/dsPIC33F\libp33FJ128MC804-coff.a(DataRdySPI1.o)
                              JOG_main.o (DataRdySPI1)
c:/program files (x86)/microchip/xc16/v1.24/bin/bin/../../lib/dsPIC33F\libp33FJ128MC804-coff.a(ReadSPI1.o)
                              JOG_main.o (ReadSPI1)
c:/program files (x86)/microchip/xc16/v1.24/bin/bin/../../lib/dsPIC33F\libp33FJ128MC804-coff.a(ReadQEI1.o)
                              JOG_main.o (ReadQEI1)
c:/program files (x86)/microchip/xc16/v1.24/bin/bin/../../lib/dsPIC33F\libp33FJ128MC804-coff.a(CAN1SendMessage.o)
                              JOG_main.o (CAN1SendMessage)
c:/program files (x86)/microchip/xc16/v1.24/bin/bin/../../lib/dsPIC33F\libp33FJ128MC804-coff.a(BusyUART1.o)
                              conf.o (BusyUART1)
c:/program files (x86)/microchip/xc16/v1.24/bin/bin/../../lib/dsPIC33F\libp33FJ128MC804-coff.a(CloseUART1.o)
                              conf.o (CloseUART1)
c:/program files (x86)/microchip/xc16/v1.24/bin/bin/../../lib/dsPIC33F\libp33FJ128MC804-coff.a(OpenUART1.o)
                              conf.o (OpenUART1)
c:/program files (x86)/microchip/xc16/v1.24/bin/bin/../../lib/dsPIC33F\libp33FJ128MC804-coff.a(ConfigIntQEI1.o)
                              QEI_JOG.o (ConfigIntQEI1)
c:/program files (x86)/microchip/xc16/v1.24/bin/bin/../../lib/dsPIC33F\libp33FJ128MC804-coff.a(OpenQEI1.o)
                              QEI_JOG.o (OpenQEI1)
c:/program files (x86)/microchip/xc16/v1.24/bin/bin/../../lib/dsPIC33F\libp33FJ128MC804-coff.a(ReadUART1.o)
                              UART_JOG.o (ReadUART1)
c:/program files (x86)/microchip/xc16/v1.24/bin/bin/../../lib/dsPIC33F\libp33FJ128MC804-coff.a(DataRdyUART1.o)
                              UART_JOG.o (DataRdyUART1)
c:/program files (x86)/microchip/xc16/v1.24/bin/bin/../../lib/dsPIC33F\libp33FJ128MC804-coff.a(CAN1SetOperationMode.o)
                              CAN_JOG.o (CAN1SetOperationMode)
c:/program files (x86)/microchip/xc16/v1.24/bin/bin/../../lib/dsPIC33F\libp33FJ128MC804-coff.a(ConfigIntCAN1.o)
                              CAN_JOG.o (ConfigIntCAN1)
c:/program files (x86)/microchip/xc16/v1.24/bin/bin/../../lib\libpic30-coff.a(crt0_standard.o)
                              (_resetPRI)
c:/program files (x86)/microchip/xc16/v1.24/bin/bin/../../lib\libpic30-coff.a(data_init_standard.o)
                              c:/program files (x86)/microchip/xc16/v1.24/bin/bin/../../lib\libpic30-coff.a(crt0_standard.o) (_data_init_standard)
c:/program files (x86)/microchip/xc16/v1.24/bin/bin/../../lib\libm-coff.a(floatsisf.o)
                              JOG_main.o (__floatsisf)
c:/program files (x86)/microchip/xc16/v1.24/bin/bin/../../lib\libm-coff.a(mulsf3.o)
                              JOG_main.o (__mulsf3)
c:/program files (x86)/microchip/xc16/v1.24/bin/bin/../../lib\libm-coff.a(divsf3.o)
                              JOG_main.o (__divsf3)
c:/program files (x86)/microchip/xc16/v1.24/bin/bin/../../lib\libm-coff.a(fixsfsi.o)
[...]
Memory Configuration

Name             Origin             Length             Attributes
data             0x000800           0x004000           a !xr
reset            0x000000           0x000004  
ivt              0x000004           0x0000fc  
_reserved        0x000100           0x000004  
aivt             0x000104           0x0000fc  
program          0x000200           0x0155fe           xr
FBS              0xf80000           0x000002  
FSS              0xf80002           0x000002  
FGS              0xf80004           0x000002  
FOSCSEL          0xf80006           0x000002  
FOSC             0xf80008           0x000002  
FWDT             0xf8000a           0x000002  
FPOR             0xf8000c           0x000002  
FICD             0xf8000e           0x000002  
FUID0            0xf80010           0x000002  
FUID1            0xf80012           0x000002  
FUID2            0xf80014           0x000002  
FUID3            0xf80016           0x000002  
*default*        0x000000           0xffffffff  

Linker script and memory map

LOAD JOG_main.o
LOAD conf.o
LOAD HALL_JOG.o
LOAD MC_PWM_JOG.o
LOAD QEI_JOG.o
LOAD SPI_JOG.o
LOAD UART_JOG.o
LOAD CAN_JOG.o
LOAD traps.o
LOAD c:/program files (x86)/microchip/xc16/v1.24/bin/bin/../../lib/dsPIC33F\libp33FJ128MC804-coff.a
                    0xf80000                  __FBS = 0xf80000
                    0xf80002                  __FSS = 0xf80002
                    0xf80004                  __FGS = 0xf80004
                    0xf80006                  __FOSCSEL = 0xf80006
                    0xf80008                  __FOSC = 0xf80008
                    0xf8000a                  __FWDT = 0xf8000a
                    0xf8000c                  __FPOR = 0xf8000c
                    0xf8000e                  __FICD = 0xf8000e
                    0xf80010                  __FUID0 = 0xf80010
                    0xf80012                  __FUID1 = 0xf80012
                    0xf80014                  __FUID2 = 0xf80014
                    0xf80016                  __FUID3 = 0xf80016
                    0x0004                  __IVT_BASE = 0x4
                    0x0104                  __AIVT_BASE = 0x104
                    0x0800                  __DATA_BASE = 0x800
                    0x4000                  __DATA_LENGTH = 0x4000
                    0x2800                  __YDATA_BASE = 0x2800
                    0x4000                  __DMA_BASE = 0x4000
                    0x47ff                  __DMA_END = 0x47ff
                    0x0200                  __CODE_BASE = 0x200
                    0x15600                  __CODE_LENGTH = 0x15600

.reset            0x000000          0x4
                  0x000000          0x2 SHORT 0x200 ABSOLUTE (__reset)
                  0x000001          0x2 SHORT 0x4
                  0x000002          0x2 SHORT 0x0 ((ABSOLUTE (__reset) >> 0x10) & 0x7f)
                  0x000003          0x2 SHORT 0x0

.text             0x000200       0x37e2
 *(.init)
 .init            0x000200         0x3c c:/program files (x86)/microchip/xc16/v1.24/bin/bin/../../lib\libpic30-coff.a(crt0_standard.o)
                  0x000200                  _resetPRI
                  0x000200                  _reset
                  0x00022c                  _psv_init
 .init            0x00023c         0x5e c:/program files (x86)/microchip/xc16/v1.24/bin/bin/../../lib\libpic30-coff.a(data_init_standard.o)
                  0x00023c                  _data_init_standard
                  0x00023c                  _data_init
 *(.user_init)
 *(.handle)
 *(.isr*)
 .isr.text        0x00029a       0x1ad2 JOG_main.o
                  0x00029a                  _CNInterrupt
                  0x00072e                  _SPI1Interrupt
                  0x000736                  _QEI1Interrupt
                  0x000746                  _C1Interrupt
                  0x00075c                  oscConfig
                  0x0007c0                  main
 .isr.text        0x001d6c         0x30 traps.o
                  0x001d6c                  _OscillatorFail
                  0x001d72                  _AddressError
                  0x001d78                  _StackError
                  0x001d7e                  _MathError
                  0x001d84                  _AltOscillatorFail
                  0x001d8a                  _AltAddressError
                  0x001d90                  _AltStackError
                  0x001d96                  _AltMathError
 .isr             0x001d9c          0x4 default_isr
                  0x001d9c                  _DefaultInterrupt
 *(.libc)
 .libc            0x001da0         0x64 c:/program files (x86)/microchip/xc16/v1.24/bin/bin/../../lib\libpic30-coff.a(write.o)
                  0x001da4                  write
 *(.libm)
 .libm            0x001e04          0x6 c:/program files (x86)/microchip/xc16/v1.24/bin/bin/../../lib\libm-coff.a(floatsisf.o)
                  0x001e04                  __floatsisf
 .libm            0x001e0a         0x68 c:/program files (x86)/microchip/xc16/v1.24/bin/bin/../../lib\libm-coff.a(mulsf3.o)
                  0x001e0a                  __mulsf3
 .libm            0x001e72         0x84 c:/program files (x86)/microchip/xc16/v1.24/bin/bin/../../lib\libm-coff.a(divsf3.o)
                  0x001e72                  __divsf3
 .libm            0x001ef6         0x42 c:/program files (x86)/microchip/xc16/v1.24/bin/bin/../../lib\libm-coff.a(fixsfsi.o)
                  0x001ef6                  __fixsfsi
 .libm            0x001f38         0xbc c:/program files (x86)/microchip/xc16/v1.24/bin/bin/../../lib\libm-coff.a(addsf3.o)
                  0x001f38                  __subsf3
                  0x001f3a                  __addsf3
 .libm            0x001ff4          0x4 c:/program files (x86)/microchip/xc16/v1.24/bin/bin/../../lib\libm-coff.a(feqltle.o)
                  0x001ff4                  __eqsf2
                  0x001ff4                  __ltsf2
                  0x001ff4                  __lesf2
 .libm            0x001ff8          0x4 c:/program files (x86)/microchip/xc16/v1.24/bin/bin/../../lib\libm-coff.a(fgtge.o)
                  0x001ff8                  __gesf2
                  0x001ff8                  __gtsf2
 .libm            0x001ffc         0x36 c:/program files (x86)/microchip/xc16/v1.24/bin/bin/../../lib\libm-coff.a(fixunssfsi.o)
                  0x001ffc                  __fixunssfsi
 .libm            0x002032         0x20 c:/program files (x86)/microchip/xc16/v1.24/bin/bin/../../lib\libm-coff.a(floatdisf.o)
                  0x002032                  __floatdisf
 .libm            0x002052         0x10 c:/program files (x86)/microchip/xc16/v1.24/bin/bin/../../lib\libm-coff.a(funpack2.o)
                  0x002052                  _funpack2
 .libm            0x002062         0x20 c:/program files (x86)/microchip/xc16/v1.24/bin/bin/../../lib\libm-coff.a(futil.o)
                  0x002062                  _fPropagateNaN
                  0x002074                  _fbopExit
                  0x00207c                  _fbopReturnNaN
 .libm            0x002082         0x4c c:/program files (x86)/microchip/xc16/v1.24/bin/bin/../../lib\libm-coff.a(fpack.o)
                  0x002082                  _fpack
 .libm            0x0020ce         0x2a c:/program files (x86)/microchip/xc16/v1.24/bin/bin/../../lib\libm-coff.a(funpack.o)
                  0x0020ce                  _funpack
 .libm            0x0020f8         0x36 c:/program files (x86)/microchip/xc16/v1.24/bin/bin/../../lib\libm-coff.a(fcompare.o)
                  0x0020f8                  _fcompare
 .libm            0x00212e         0x5e c:/program files (x86)/microchip/xc16/v1.24/bin/bin/../../lib\libm-coff.a(floatundisf.o)
                  0x00212e                  __floatundisf
 .libm            0x00218c        0x20e c:/program files (x86)/microchip/xc16/v1.24/bin/bin/../../lib\libm-coff.a(divmoddi3.o)
                  0x0021f8                  __udivmoddi3
                  0x002280                  __udivdi3
                  0x00228e                  __umoddi3
                  0x002296                  __divdi3
                  0x0022c6                  __moddi3
 .libm            0x00239a         0x52 c:/program files (x86)/microchip/xc16/v1.24/bin/bin/../../lib\libm-coff.a(muldi3.o)
                  0x00239a                  __muldi3
 .libm            0x0023ec         0x20 c:/program files (x86)/microchip/xc16/v1.24/bin/bin/../../lib\libm-coff.a(udivsi3.o)
                  0x0023ec                  __udivsi3
 .libm            0x00240c          0xc c:/program files (x86)/microchip/xc16/v1.24/bin/bin/../../lib\libm-coff.a(mulsi3.o)
                  0x00240c                  __mulp32peds3
                  0x00240c                  __mulsi3
                  0x00240c                  __mulp32eds3
 .libm            0x002418         0xea c:/program files (x86)/microchip/xc16/v1.24/bin/bin/../../lib\libm-coff.a(muldf3.o)
                  0x002418                  __muldf3
 .libm            0x002502         0x3e c:/program files (x86)/microchip/xc16/v1.24/bin/bin/../../lib\libm-coff.a(extendsfdf.o)
                  0x002502                  __extendsfdf2
 .libm            0x002540          0xa c:/program files (x86)/microchip/xc16/v1.24/bin/bin/../../lib\libm-coff.a(deqltle.o)
                  0x002540                  __eqdf2
                  0x002540                  __ltdf2
                  0x002540                  __ledf2
 .libm            0x00254a          0xa c:/program files (x86)/microchip/xc16/v1.24/bin/bin/../../lib\libm-coff.a(dne.o)
                  0x00254a                  __nedf2
 .libm            0x002554         0x3a c:/program files (x86)/microchip/xc16/v1.24/bin/bin/../../lib\libm-coff.a(frexp.o)
                  0x002554                  frexp
                  0x002554                  frexpl
 .libm            0x00258e          0xa c:/program files (x86)/microchip/xc16/v1.24/bin/bin/../../lib\libm-coff.a(dgtge.o)
                  0x00258e                  __gtdf2
                  0x00258e                  __gedf2
 .libm            0x002598         0xfa c:/program files (x86)/microchip/xc16/v1.24/bin/bin/../../lib\libm-coff.a(adddf3.o)
                  0x002598                  __adddf3
 .libm            0x002692         0x62 c:/program files (x86)/microchip/xc16/v1.24/bin/bin/../../lib\libm-coff.a(fixunsdfdi.o)
                  0x002692                  __fixunsdfdi
 .libm            0x0026f4         0xb4 c:/program files (x86)/microchip/xc16/v1.24/bin/bin/../../lib\libm-coff.a(divdf3.o)
                  0x0026f4                  __divdf3
 .libm            0x0027a8         0x56 c:/program files (x86)/microchip/xc16/v1.24/bin/bin/../../lib\libm-coff.a(floatundidf.o)
                  0x0027a8                  __floatundidf
 .libm            0x0027fe          0x4 c:/program files (x86)/microchip/xc16/v1.24/bin/bin/../../lib\libm-coff.a(subdf3.o)
                  0x0027fe                  __subdf3
 .libm            0x002802         0x44 c:/program files (x86)/microchip/xc16/v1.24/bin/bin/../../lib\libm-coff.a(umuldi3.o)
                  0x002802                  __umuldi3
 .libm            0x002846         0x32 c:/program files (x86)/microchip/xc16/v1.24/bin/bin/../../lib\libm-coff.a(dunpack2.o)
                  0x002846                  _dunpack2
                  0x002868                  _dreturnNaN
                  0x00286e                  _dunpack2exit
 .libm            0x002878         0x58 c:/program files (x86)/microchip/xc16/v1.24/bin/bin/../../lib\libm-coff.a(dpack.o)
                  0x002878                  _dpack
 .libm            0x0028d0         0x52 c:/program files (x86)/microchip/xc16/v1.24/bin/bin/../../lib\libm-coff.a(dcompare.o)
                  0x0028d0                  _dcompare
 .libm            0x002922         0x4e c:/program files (x86)/microchip/xc16/v1.24/bin/bin/../../lib\libm-coff.a(dunpack.o)
                  0x002922                  _dunpack
 .libm            0x002970         0x1c c:/program files (x86)/microchip/xc16/v1.24/bin/bin/../../lib\libm-coff.a(dpropagateNaN.o)
                  0x002970                  _dPropagateNaN
 .libm            0x00298c         0x24 c:/program files (x86)/microchip/xc16/v1.24/bin/bin/../../lib\libm-coff.a(dtype.o)
                  0x00298c                  _dtype
 *(.libdsp)
 *(.lib*)
 .libperi         0x0029b0         0x10 c:/program files (x86)/microchip/xc16/v1.24/bin/bin/../../lib/dsPIC33F\libp33FJ128MC804-coff.a(OpenDMA0.o)
                  0x0029b0                  OpenDMA0
 .libperi         0x0029c0          0xe c:/program files (x86)/microchip/xc16/v1.24/bin/bin/../../lib/dsPIC33F\libp33FJ128MC804-coff.a(WriteSPI1.o)
                  0x0029c0                  WriteSPI1
 .libperi         0x0029ce          0x6 c:/program files (x86)/microchip/xc16/v1.24/bin/bin/../../lib/dsPIC33F\libp33FJ128MC804-coff.a(DataRdySPI1.o)
                  0x0029ce                  DataRdySPI1
 .libperi         0x0029d4         0x1c c:/program files (x86)/microchip/xc16/v1.24/bin/bin/../../lib/dsPIC33F\libp33FJ128MC804-coff.a(ReadSPI1.o)
                  0x0029d4                  ReadSPI1
 .libperi         0x0029f0          0x4 c:/program files (x86)/microchip/xc16/v1.24/bin/bin/../../lib/dsPIC33F\libp33FJ128MC804-coff.a(ReadQEI1.o)
                  0x0029f0                  ReadQEI1
 .libperi         0x0029f4         0x9c c:/program files (x86)/microchip/xc16/v1.24/bin/bin/../../lib/dsPIC33F\libp33FJ128MC804-coff.a(CAN1SendMessage.o)
                  0x0029f4                  CAN1SendMessage
 .libperi         0x002a90          0xa c:/program files (x86)/microchip/xc16/v1.24/bin/bin/../../lib/dsPIC33F\libp33FJ128MC804-coff.a(BusyUART1.o)
                  0x002a90                  BusyUART1
 .libperi         0x002a9a          0xc c:/program files (x86)/microchip/xc16/v1.24/bin/bin/../../lib/dsPIC33F\libp33FJ128MC804-coff.a(CloseUART1.o)
                  0x002a9a                  CloseUART1
 .libperi         0x002aa6          0x8 c:/program files (x86)/microchip/xc16/v1.24/bin/bin/../../lib/dsPIC33F\libp33FJ128MC804-coff.a(OpenUART1.o)
                  0x002aa6                  OpenUART1
 .libperi         0x002aae         0x24 c:/program files (x86)/microchip/xc16/v1.24/bin/bin/../../lib/dsPIC33F\libp33FJ128MC804-coff.a(ConfigIntQEI1.o)
                  0x002aae                  ConfigIntQEI1
 .libperi         0x002ad2         0x1a c:/program files (x86)/microchip/xc16/v1.24/bin/bin/../../lib/dsPIC33F\libp33FJ128MC804-coff.a(OpenQEI1.o)
                  0x002ad2                  OpenQEI1
 .libperi         0x002aec         0x12 c:/program files (x86)/microchip/xc16/v1.24/bin/bin/../../lib/dsPIC33F\libp33FJ128MC804-coff.a(ReadUART1.o)
                  0x002aec                  ReadUART1
 .libperi         0x002afe          0x6 c:/program files (x86)/microchip/xc16/v1.24/bin/bin/../../lib/dsPIC33F\libp33FJ128MC804-coff.a(DataRdyUART1.o)
                  0x002afe                  DataRdyUART1
 .libperi         0x002b04          0x6 c:/program files (x86)/microchip/xc16/v1.24/bin/bin/../../lib/dsPIC33F\libp33FJ128MC804-coff.a(CAN1SetOperationMode.o)
                  0x002b04                  CAN1SetOperationMode
 .libperi         0x002b0a         0x22 c:/program files (x86)/microchip/xc16/v1.24/bin/bin/../../lib/dsPIC33F\libp33FJ128MC804-coff.a(ConfigIntCAN1.o)
                  0x002b0a                  ConfigIntCAN1
 .libc._sprintf_cdfFnopuxX
                  0x002b2c         0x2c c:/program files (x86)/microchip/xc16/v1.24/bin/bin/../../lib\libc-coff.a(sprintf_cdfFnopuxX.XXo)
                  0x002b2c                  _sprintf_cdnopuxX
                  0x002b2c                  _sprintf_cdfFnopuxX
 .libc.strlen     0x002b58          0xe c:/program files (x86)/microchip/xc16/v1.24/bin/bin/../../lib\libc-coff.a(strlen.o)
                  0x002b58                  strlen
 .libc.strcpy     0x002b66          0xc c:/program files (x86)/microchip/xc16/v1.24/bin/bin/../../lib\libc-coff.a(strcpy.o)
                  0x002b66                  strcpy
 .libc.fround     0x002b72         0xba c:/program files (x86)/microchip/xc16/v1.24/bin/bin/../../lib\libc-coff.a(doprnt_cdfFnopuxX.XXo)
 .libc.scale      0x002c2c         0xc0 c:/program files (x86)/microchip/xc16/v1.24/bin/bin/../../lib\libc-coff.a(doprnt_cdfFnopuxX.XXo)
 .libc._vfprintf_cdfFnopuxX
                  0x002cec        0xbea c:/program files (x86)/microchip/xc16/v1.24/bin/bin/../../lib\libc-coff.a(doprnt_cdfFnopuxX.XXo)
                  0x002cec                  _vfprintf_cdfFnopuxX
                  0x002cec                  _vfprintf_cdnopuxX
 .libc.fputc      0x0038d6         0x88 c:/program files (x86)/microchip/xc16/v1.24/bin/bin/../../lib\libc-coff.a(fputc.o)
                  0x0038d6                  fputc
 .libc._flsbuf    0x00395e         0x84 c:/program files (x86)/microchip/xc16/v1.24/bin/bin/../../lib\libc-coff.a(flsbuf.o)
                  0x00395e                  _flsbuf

usercode
 *(usercode)

__FBS             0xf80000          0x2
 *(__FBS.sec*)
 __FBS.sec        0xf80000          0x2 FBS
                  0xf80000                  _FBS.sec

__FSS             0xf80002          0x2
 *(__FSS.sec*)
 __FSS.sec        0xf80002          0x2 FSS
                  0xf80002                  _FSS.sec

__FGS             0xf80004          0x2
 *(__FGS.sec*)
 __FGS.sec        0xf80004          0x2 FGS
                  0xf80004                  _FGS.sec

__FOSCSEL         0xf80006          0x2
 *(__FOSCSEL.sec*)
 __FOSCSEL.sec    0xf80006          0x2 JOG_main.o

__FOSC            0xf80008          0x2
 *(__FOSC.sec*)
 __FOSC.sec       0xf80008          0x2 JOG_main.o

__FWDT            0xf8000a          0x2
 *(__FWDT.sec*)
 __FWDT.sec       0xf8000a          0x2 JOG_main.o

__FPOR            0xf8000c          0x2
 *(__FPOR.sec*)
 __FPOR.sec       0xf8000c          0x2 JOG_main.o

__FICD            0xf8000e          0x2
 *(__FICD.sec*)
 __FICD.sec       0xf8000e          0x2 JOG_main.o

__FUID0
 *(__FUID0.sec*)

__FUID1
 *(__FUID1.sec*)

__FUID2
 *(__FUID2.sec*)

__FUID3
 *(__FUID3.sec*)

.comment
 *(.comment)

.debug_info
 *(.debug_info)
 *(.gnu.linkonce.wi.*)

.debug_abbrev
 *(.debug_abbrev)

.debug_line
 *(.debug_line)

.debug_frame
 *(.debug_frame)

.debug_str
 *(.debug_str)

.debug_loc
 *(.debug_loc)

.debug_macinfo
 *(.debug_macinfo)

.debug_pubnames
 *(.debug_pubnames)

.debug_ranges
 *(.debug_ranges)

.debug_aranges
 *(.debug_aranges)

.ivt              0x000004         0xfc
                  0x000004          0x4 LONG 0x1d9c DEFINED (__ReservedTrap0)?ABSOLUTE (__ReservedTrap0):ABSOLUTE (__DefaultInterrupt)
                  0x000006          0x4 LONG 0x1d6c DEFINED (__OscillatorFail)?ABSOLUTE (__OscillatorFail):ABSOLUTE (__DefaultInterrupt)
                  0x000008          0x4 LONG 0x1d72 DEFINED (__AddressError)?ABSOLUTE (__AddressError):ABSOLUTE (__DefaultInterrupt)
                  0x00000a          0x4 LONG 0x1d78 DEFINED (__StackError)?ABSOLUTE (__StackError):ABSOLUTE (__DefaultInterrupt)
                  0x00000c          0x4 LONG 0x1d7e DEFINED (__MathError)?ABSOLUTE (__MathError):ABSOLUTE (__DefaultInterrupt)
                  0x00000e          0x4 LONG 0x1d9c DEFINED (__DMACError)?ABSOLUTE (__DMACError):ABSOLUTE (__DefaultInterrupt)
                  0x000010          0x4 LONG 0x1d9c DEFINED (__ReservedTrap6)?ABSOLUTE (__ReservedTrap6):ABSOLUTE (__DefaultInterrupt)
                  0x000012          0x4 LONG 0x1d9c DEFINED (__ReservedTrap7)?ABSOLUTE (__ReservedTrap7):ABSOLUTE (__DefaultInterrupt)
                  0x000014          0x4 LONG 0x1d9c DEFINED (__INT0Interrupt)?ABSOLUTE (__INT0Interrupt):ABSOLUTE (__DefaultInterrupt)
                  0x000016          0x4 LONG 0x1d9c DEFINED (__IC1Interrupt)?ABSOLUTE (__IC1Interrupt):ABSOLUTE (__DefaultInterrupt)
                  0x000018          0x4 LONG 0x1d9c DEFINED (__OC1Interrupt)?ABSOLUTE (__OC1Interrupt):ABSOLUTE (__DefaultInterrupt)
                  0x00001a          0x4 LONG 0x1d9c DEFINED (__T1Interrupt)?ABSOLUTE (__T1Interrupt):ABSOLUTE (__DefaultInterrupt)
                  0x00001c          0x4 LONG 0x1d9c DEFINED (__DMA0Interrupt)?ABSOLUTE (__DMA0Interrupt):ABSOLUTE (__DefaultInterrupt)
                  0x00001e          0x4 LONG 0x1d9c DEFINED (__IC2Interrupt)?ABSOLUTE (__IC2Interrupt):ABSOLUTE (__DefaultInterrupt)
                  0x000020          0x4 LONG 0x1d9c DEFINED (__OC2Interrupt)?ABSOLUTE (__OC2Interrupt):ABSOLUTE (__DefaultInterrupt)
                  0x000022          0x4 LONG 0x1d9c DEFINED (__T2Interrupt)?ABSOLUTE (__T2Interrupt):ABSOLUTE (__DefaultInterrupt)
                  0x000024          0x4 LONG 0x1d9c DEFINED (__T3Interrupt)?ABSOLUTE (__T3Interrupt):ABSOLUTE (__DefaultInterrupt)
                  0x000026          0x4 LONG 0x1d9c DEFINED (__SPI1ErrInterrupt)?ABSOLUTE (__SPI1ErrInterrupt):ABSOLUTE (__DefaultInterrupt)
                  0x000028          0x4 LONG 0x72e DEFINED (__SPI1Interrupt)?ABSOLUTE (__SPI1Interrupt):ABSOLUTE (__DefaultInterrupt)
                  0x00002a          0x4 LONG 0x1d9c DEFINED (__U1RXInterrupt)?ABSOLUTE (__U1RXInterrupt):ABSOLUTE (__DefaultInterrupt)
                  0x00002c          0x4 LONG 0x1d9c DEFINED (__U1TXInterrupt)?ABSOLUTE (__U1TXInterrupt):ABSOLUTE (__DefaultInterrupt)
                  0x00002e          0x4 LONG 0x1d9c DEFINED (__ADC1Interrupt)?ABSOLUTE (__ADC1Interrupt):ABSOLUTE (__DefaultInterrupt)
                  0x000030          0x4 LONG 0x1d9c DEFINED (__DMA1Interrupt)?ABSOLUTE (__DMA1Interrupt):ABSOLUTE (__DefaultInterrupt)
                  0x000032          0x4 LONG 0x1d9c DEFINED (__Interrupt15)?ABSOLUTE (__Interrupt15):ABSOLUTE (__DefaultInterrupt)
                  0x000034          0x4 LONG 0x1d9c DEFINED (__SI2C1Interrupt)?ABSOLUTE (__SI2C1Interrupt):ABSOLUTE (__DefaultInterrupt)
                  0x000036          0x4 LONG 0x1d9c DEFINED (__MI2C1Interrupt)?ABSOLUTE (__MI2C1Interrupt):ABSOLUTE (__DefaultInterrupt)
                  0x000038          0x4 LONG 0x1d9c DEFINED (__CMPInterrupt)?ABSOLUTE (__CMPInterrupt):ABSOLUTE (__DefaultInterrupt)
                  0x00003a          0x4 LONG 0x29a DEFINED (__CNInterrupt)?ABSOLUTE (__CNInterrupt):ABSOLUTE (__DefaultInterrupt)
                  0x00003c          0x4 LONG 0x1d9c DEFINED (__INT1Interrupt)?ABSOLUTE (__INT1Interrupt):ABSOLUTE (__DefaultInterrupt)
                  0x00003e          0x4 LONG 0x1d9c DEFINED (__Interrupt21)?ABSOLUTE (__Interrupt21):ABSOLUTE (__DefaultInterrupt)
                  0x000040          0x4 LONG 0x1d9c DEFINED (__IC7Interrupt)?ABSOLUTE (__IC7Interrupt):ABSOLUTE (__DefaultInterrupt)
                  0x000042          0x4 LONG 0x1d9c DEFINED (__IC8Interrupt)?ABSOLUTE (__IC8Interrupt):ABSOLUTE (__DefaultInterrupt)
                  0x000044          0x4 LONG 0x1d9c DEFINED (__DMA2Interrupt)?ABSOLUTE (__DMA2Interrupt):ABSOLUTE (__DefaultInterrupt)
                  0x000046          0x4 LONG 0x1d9c DEFINED (__OC3Interrupt)?ABSOLUTE (__OC3Interrupt):ABSOLUTE (__DefaultInterrupt)
                  0x000048          0x4 LONG 0x1d9c DEFINED (__OC4Interrupt)?ABSOLUTE (__OC4Interrupt):ABSOLUTE (__DefaultInterrupt)
                  0x00004a          0x4 LONG 0x1d9c DEFINED (__T4Interrupt)?ABSOLUTE (__T4Interrupt):ABSOLUTE (__DefaultInterrupt)
                  0x00004c          0x4 LONG 0x1d9c DEFINED (__T5Interrupt)?ABSOLUTE (__T5Interrupt):ABSOLUTE (__DefaultInterrupt)
                  0x00004e          0x4 LONG 0x1d9c DEFINED (__INT2Interrupt)?ABSOLUTE (__INT2Interrupt):ABSOLUTE (__DefaultInterrupt)
                  0x000050          0x4 LONG 0x1d9c DEFINED (__U2RXInterrupt)?ABSOLUTE (__U2RXInterrupt):ABSOLUTE (__DefaultInterrupt)
                  0x000052          0x4 LONG 0x1d9c DEFINED (__U2TXInterrupt)?ABSOLUTE (__U2TXInterrupt):ABSOLUTE (__DefaultInterrupt)
                  0x000054          0x4 LONG 0x1d9c DEFINED (__SPI2ErrInterrupt)?ABSOLUTE (__SPI2ErrInterrupt):ABSOLUTE (__DefaultInterrupt)
                  0x000056          0x4 LONG 0x1d9c DEFINED (__SPI2Interrupt)?ABSOLUTE (__SPI2Interrupt):ABSOLUTE (__DefaultInterrupt)
                  0x000058          0x4 LONG 0x1d9c DEFINED (__C1RxRdyInterrupt)?ABSOLUTE (__C1RxRdyInterrupt):ABSOLUTE (__DefaultInterrupt)
                  0x00005a          0x4 LONG 0x746 DEFINED (__C1Interrupt)?ABSOLUTE (__C1Interrupt):ABSOLUTE (__DefaultInterrupt)
                  0x00005c          0x4 LONG 0x1d9c DEFINED (__DMA3Interrupt)?ABSOLUTE (__DMA3Interrupt):ABSOLUTE (__DefaultInterrupt)
                  0x00005e          0x4 LONG 0x1d9c DEFINED (__Interrupt37)?ABSOLUTE (__Interrupt37):ABSOLUTE (__DefaultInterrupt)
                  0x000060          0x4 LONG 0x1d9c DEFINED (__Interrupt38)?ABSOLUTE (__Interrupt38):ABSOLUTE (__DefaultInterrupt)
                  0x000062          0x4 LONG 0x1d9c DEFINED (__Interrupt39)?ABSOLUTE (__Interrupt39):ABSOLUTE (__DefaultInterrupt)
                  0x000064          0x4 LONG 0x1d9c DEFINED (__Interrupt40)?ABSOLUTE (__Interrupt40):ABSOLUTE (__DefaultInterrupt)
                  0x000066          0x4 LONG 0x1d9c DEFINED (__Interrupt41)?ABSOLUTE (__Interrupt41):ABSOLUTE (__DefaultInterrupt)
                  0x000068          0x4 LONG 0x1d9c DEFINED (__Interrupt42)?ABSOLUTE (__Interrupt42):ABSOLUTE (__DefaultInterrupt)
                  0x00006a          0x4 LONG 0x1d9c DEFINED (__Interrupt43)?ABSOLUTE (__Interrupt43):ABSOLUTE (__DefaultInterrupt)
                  0x00006c          0x4 LONG 0x1d9c DEFINED (__Interrupt44)?ABSOLUTE (__Interrupt44):ABSOLUTE (__DefaultInterrupt)
                  0x00006e          0x4 LONG 0x1d9c DEFINED (__PMPInterrupt)?ABSOLUTE (__PMPInterrupt):ABSOLUTE (__DefaultInterrupt)
                  0x000070          0x4 LONG 0x1d9c DEFINED (__DMA4Interrupt)?ABSOLUTE (__DMA4Interrupt):ABSOLUTE (__DefaultInterrupt)
                  0x000072          0x4 LONG 0x1d9c DEFINED (__Interrupt47)?ABSOLUTE (__Interrupt47):ABSOLUTE (__DefaultInterrupt)
                  0x000074          0x4 LONG 0x1d9c DEFINED (__Interrupt48)?ABSOLUTE (__Interrupt48):ABSOLUTE (__DefaultInterrupt)
                  0x000076          0x4 LONG 0x1d9c DEFINED (__Interrupt49)?ABSOLUTE (__Interrupt49):ABSOLUTE (__DefaultInterrupt)
                  0x000078          0x4 LONG 0x1d9c DEFINED (__Interrupt50)?ABSOLUTE (__Interrupt50):ABSOLUTE (__DefaultInterrupt)
                  0x00007a          0x4 LONG 0x1d9c DEFINED (__Interrupt51)?ABSOLUTE (__Interrupt51):ABSOLUTE (__DefaultInterrupt)
                  0x00007c          0x4 LONG 0x1d9c DEFINED (__Interrupt52)?ABSOLUTE (__Interrupt52):ABSOLUTE (__DefaultInterrupt)
                  0x00007e          0x4 LONG 0x1d9c DEFINED (__Interrupt53)?ABSOLUTE (__Interrupt53):ABSOLUTE (__DefaultInterrupt)
                  0x000080          0x4 LONG 0x1d9c DEFINED (__Interrupt54)?ABSOLUTE (__Interrupt54):ABSOLUTE (__DefaultInterrupt)
                  0x000082          0x4 LONG 0x1d9c DEFINED (__Interrupt55)?ABSOLUTE (__Interrupt55):ABSOLUTE (__DefaultInterrupt)
                  0x000084          0x4 LONG 0x1d9c DEFINED (__Interrupt56)?ABSOLUTE (__Interrupt56):ABSOLUTE (__DefaultInterrupt)
                  0x000086          0x4 LONG 0x1d9c DEFINED (__MPWM1Interrupt)?ABSOLUTE (__MPWM1Interrupt):ABSOLUTE (__DefaultInterrupt)
                  0x000088          0x4 LONG 0x736 DEFINED (__QEI1Interrupt)?ABSOLUTE (__QEI1Interrupt):ABSOLUTE (__DefaultInterrupt)
                  0x00008a          0x4 LONG 0x1d9c DEFINED (__Interrupt59)?ABSOLUTE (__Interrupt59):ABSOLUTE (__DefaultInterrupt)
                  0x00008c          0x4 LONG 0x1d9c DEFINED (__Interrupt60)?ABSOLUTE (__Interrupt60):ABSOLUTE (__DefaultInterrupt)
                  0x00008e          0x4 LONG 0x1d9c DEFINED (__DMA5Interrupt)?ABSOLUTE (__DMA5Interrupt):ABSOLUTE (__DefaultInterrupt)
                  0x000090          0x4 LONG 0x1d9c DEFINED (__RTCCInterrupt)?ABSOLUTE (__RTCCInterrupt):ABSOLUTE (__DefaultInterrupt)
                  0x000092          0x4 LONG 0x1d9c DEFINED (__FLTA1Interrupt)?ABSOLUTE (__FLTA1Interrupt):ABSOLUTE (__DefaultInterrupt)
                  0x000094          0x4 LONG 0x1d9c DEFINED (__Interrupt64)?ABSOLUTE (__Interrupt64):ABSOLUTE (__DefaultInterrupt)
                  0x000096          0x4 LONG 0x1d9c DEFINED (__U1ErrInterrupt)?ABSOLUTE (__U1ErrInterrupt):ABSOLUTE (__DefaultInterrupt)
                  0x000098          0x4 LONG 0x1d9c DEFINED (__U2ErrInterrupt)?ABSOLUTE (__U2ErrInterrupt):ABSOLUTE (__DefaultInterrupt)
                  0x00009a          0x4 LONG 0x1d9c DEFINED (__CRCInterrupt)?ABSOLUTE (__CRCInterrupt):ABSOLUTE (__DefaultInterrupt)
                  0x00009c          0x4 LONG 0x1d9c DEFINED (__DMA6Interrupt)?ABSOLUTE (__DMA6Interrupt):ABSOLUTE (__DefaultInterrupt)
                  0x00009e          0x4 LONG 0x1d9c DEFINED (__DMA7Interrupt)?ABSOLUTE (__DMA7Interrupt):ABSOLUTE (__DefaultInterrupt)
                  0x0000a0          0x4 LONG 0x1d9c DEFINED (__C1TxReqInterrupt)?ABSOLUTE (__C1TxReqInterrupt):ABSOLUTE (__DefaultInterrupt)
                  0x0000a2          0x4 LONG 0x1d9c DEFINED (__Interrupt71)?ABSOLUTE (__Interrupt71):ABSOLUTE (__DefaultInterrupt)
                  0x0000a4          0x4 LONG 0x1d9c DEFINED (__Interrupt72)?ABSOLUTE (__Interrupt72):ABSOLUTE (__DefaultInterrupt)
                  0x0000a6          0x4 LONG 0x1d9c DEFINED (__MPWM2Interrupt)?ABSOLUTE (__MPWM2Interrupt):ABSOLUTE (__DefaultInterrupt)
                  0x0000a8          0x4 LONG 0x1d9c DEFINED (__FLTA2Interrupt)?ABSOLUTE (__FLTA2Interrupt):ABSOLUTE (__DefaultInterrupt)
                  0x0000aa          0x4 LONG 0x1d9c DEFINED (__QEI2Interrupt)?ABSOLUTE (__QEI2Interrupt):ABSOLUTE (__DefaultInterrupt)
                  0x0000ac          0x4 LONG 0x1d9c DEFINED (__Interrupt76)?ABSOLUTE (__Interrupt76):ABSOLUTE (__DefaultInterrupt)
                  0x0000ae          0x4 LONG 0x1d9c DEFINED (__Interrupt77)?ABSOLUTE (__Interrupt77):ABSOLUTE (__DefaultInterrupt)
                  0x0000b0          0x4 LONG 0x1d9c DEFINED (__DAC1RInterrupt)?ABSOLUTE (__DAC1RInterrupt):ABSOLUTE (__DefaultInterrupt)
                  0x0000b2          0x4 LONG 0x1d9c DEFINED (__DAC1LInterrupt)?ABSOLUTE (__DAC1LInterrupt):ABSOLUTE (__DefaultInterrupt)
                  0x0000b4          0x4 LONG 0x1d9c DEFINED (__Interrupt80)?ABSOLUTE (__Interrupt80):ABSOLUTE (__DefaultInterrupt)
                  0x0000b6          0x4 LONG 0x1d9c DEFINED (__Interrupt81)?ABSOLUTE (__Interrupt81):ABSOLUTE (__DefaultInterrupt)
                  0x0000b8          0x4 LONG 0x1d9c DEFINED (__Interrupt82)?ABSOLUTE (__Interrupt82):ABSOLUTE (__DefaultInterrupt)
                  0x0000ba          0x4 LONG 0x1d9c DEFINED (__Interrupt83)?ABSOLUTE (__Interrupt83):ABSOLUTE (__DefaultInterrupt)
                  0x0000bc          0x4 LONG 0x1d9c DEFINED (__Interrupt84)?ABSOLUTE (__Interrupt84):ABSOLUTE (__DefaultInterrupt)
                  0x0000be          0x4 LONG 0x1d9c DEFINED (__Interrupt85)?ABSOLUTE (__Interrupt85):ABSOLUTE (__DefaultInterrupt)
                  0x0000c0          0x4 LONG 0x1d9c DEFINED (__Interrupt86)?ABSOLUTE (__Interrupt86):ABSOLUTE (__DefaultInterrupt)
                  0x0000c2          0x4 LONG 0x1d9c DEFINED (__Interrupt87)?ABSOLUTE (__Interrupt87):ABSOLUTE (__DefaultInterrupt)
                  0x0000c4          0x4 LONG 0x1d9c DEFINED (__Interrupt88)?ABSOLUTE (__Interrupt88):ABSOLUTE (__DefaultInterrupt)
                  0x0000c6          0x4 LONG 0x1d9c DEFINED (__Interrupt89)?ABSOLUTE (__Interrupt89):ABSOLUTE (__DefaultInterrupt)
                  0x0000c8          0x4 LONG 0x1d9c DEFINED (__Interrupt90)?ABSOLUTE (__Interrupt90):ABSOLUTE (__DefaultInterrupt)
                  0x0000ca          0x4 LONG 0x1d9c DEFINED (__Interrupt91)?ABSOLUTE (__Interrupt91):ABSOLUTE (__DefaultInterrupt)
                  0x0000cc          0x4 LONG 0x1d9c DEFINED (__Interrupt92)?ABSOLUTE (__Interrupt92):ABSOLUTE (__DefaultInterrupt)
                  0x0000ce          0x4 LONG 0x1d9c DEFINED (__Interrupt93)?ABSOLUTE (__Interrupt93):ABSOLUTE (__DefaultInterrupt)
                  0x0000d0          0x4 LONG 0x1d9c DEFINED (__Interrupt94)?ABSOLUTE (__Interrupt94):ABSOLUTE (__DefaultInterrupt)
                  0x0000d2          0x4 LONG 0x1d9c DEFINED (__Interrupt95)?ABSOLUTE (__Interrupt95):ABSOLUTE (__DefaultInterrupt)
                  0x0000d4          0x4 LONG 0x1d9c DEFINED (__Interrupt96)?ABSOLUTE (__Interrupt96):ABSOLUTE (__DefaultInterrupt)
                  0x0000d6          0x4 LONG 0x1d9c DEFINED (__Interrupt97)?ABSOLUTE (__Interrupt97):ABSOLUTE (__DefaultInterrupt)
                  0x0000d8          0x4 LONG 0x1d9c DEFINED (__Interrupt98)?ABSOLUTE (__Interrupt98):ABSOLUTE (__DefaultInterrupt)
                  0x0000da          0x4 LONG 0x1d9c DEFINED (__Interrupt99)?ABSOLUTE (__Interrupt99):ABSOLUTE (__DefaultInterrupt)
                  0x0000dc          0x4 LONG 0x1d9c DEFINED (__Interrupt100)?ABSOLUTE (__Interrupt100):ABSOLUTE (__DefaultInterrupt)
                  0x0000de          0x4 LONG 0x1d9c DEFINED (__Interrupt101)?ABSOLUTE (__Interrupt101):ABSOLUTE (__DefaultInterrupt)
                  0x0000e0          0x4 LONG 0x1d9c DEFINED (__Interrupt102)?ABSOLUTE (__Interrupt102):ABSOLUTE (__DefaultInterrupt)
                  0x0000e2          0x4 LONG 0x1d9c DEFINED (__Interrupt103)?ABSOLUTE (__Interrupt103):ABSOLUTE (__DefaultInterrupt)
                  0x0000e4          0x4 LONG 0x1d9c DEFINED (__Interrupt104)?ABSOLUTE (__Interrupt104):ABSOLUTE (__DefaultInterrupt)
                  0x0000e6          0x4 LONG 0x1d9c DEFINED (__Interrupt105)?ABSOLUTE (__Interrupt105):ABSOLUTE (__DefaultInterrupt)
                  0x0000e8          0x4 LONG 0x1d9c DEFINED (__Interrupt106)?ABSOLUTE (__Interrupt106):ABSOLUTE (__DefaultInterrupt)
                  0x0000ea          0x4 LONG 0x1d9c DEFINED (__Interrupt107)?ABSOLUTE (__Interrupt107):ABSOLUTE (__DefaultInterrupt)
                  0x0000ec          0x4 LONG 0x1d9c DEFINED (__Interrupt108)?ABSOLUTE (__Interrupt108):ABSOLUTE (__DefaultInterrupt)
                  0x0000ee          0x4 LONG 0x1d9c DEFINED (__Interrupt109)?ABSOLUTE (__Interrupt109):ABSOLUTE (__DefaultInterrupt)
                  0x0000f0          0x4 LONG 0x1d9c DEFINED (__Interrupt110)?ABSOLUTE (__Interrupt110):ABSOLUTE (__DefaultInterrupt)
                  0x0000f2          0x4 LONG 0x1d9c DEFINED (__Interrupt111)?ABSOLUTE (__Interrupt111):ABSOLUTE (__DefaultInterrupt)
                  0x0000f4          0x4 LONG 0x1d9c DEFINED (__Interrupt112)?ABSOLUTE (__Interrupt112):ABSOLUTE (__DefaultInterrupt)
                  0x0000f6          0x4 LONG 0x1d9c DEFINED (__Interrupt113)?ABSOLUTE (__Interrupt113):ABSOLUTE (__DefaultInterrupt)
                  0x0000f8          0x4 LONG 0x1d9c DEFINED (__Interrupt114)?ABSOLUTE (__Interrupt114):ABSOLUTE (__DefaultInterrupt)
                  0x0000fa          0x4 LONG 0x1d9c DEFINED (__Interrupt115)?ABSOLUTE (__Interrupt115):ABSOLUTE (__DefaultInterrupt)
                  0x0000fc          0x4 LONG 0x1d9c DEFINED (__Interrupt116)?ABSOLUTE (__Interrupt116):ABSOLUTE (__DefaultInterrupt)
                  0x0000fe          0x4 LONG 0x1d9c DEFINED (__Interrupt117)?ABSOLUTE (__Interrupt117):ABSOLUTE (__DefaultInterrupt)

.aivt             0x000104         0xfc
                  0x000104          0x4 LONG 0x1d9c DEFINED (__AltReservedTrap0)?ABSOLUTE (__AltReservedTrap0):DEFINED (__ReservedTrap0)?ABSOLUTE (__ReservedTrap0):ABSOLUTE (__DefaultInterrupt)
                  0x000106          0x4 LONG 0x1d84 DEFINED (__AltOscillatorFail)?ABSOLUTE (__AltOscillatorFail):DEFINED (__OscillatorFail)?ABSOLUTE (__OscillatorFail):ABSOLUTE (__DefaultInterrupt)
                  0x000108          0x4 LONG 0x1d8a DEFINED (__AltAddressError)?ABSOLUTE (__AltAddressError):DEFINED (__AddressError)?ABSOLUTE (__AddressError):ABSOLUTE (__DefaultInterrupt)
                  0x00010a          0x4 LONG 0x1d90 DEFINED (__AltStackError)?ABSOLUTE (__AltStackError):DEFINED (__StackError)?ABSOLUTE (__StackError):ABSOLUTE (__DefaultInterrupt)
                  0x00010c          0x4 LONG 0x1d96 DEFINED (__AltMathError)?ABSOLUTE (__AltMathError):DEFINED (__MathError)?ABSOLUTE (__MathError):ABSOLUTE (__DefaultInterrupt)
                  0x00010e          0x4 LONG 0x1d9c DEFINED (__AltDMACError)?ABSOLUTE (__AltDMACError):DEFINED (__DMACError)?ABSOLUTE (__DMACError):ABSOLUTE (__DefaultInterrupt)
                  0x000110          0x4 LONG 0x1d9c DEFINED (__AltReservedTrap6)?ABSOLUTE (__AltReservedTrap6):DEFINED (__ReservedTrap6)?ABSOLUTE (__ReservedTrap6):ABSOLUTE (__DefaultInterrupt)
                  0x000112          0x4 LONG 0x1d9c DEFINED (__AltReservedTrap7)?ABSOLUTE (__AltReservedTrap7):DEFINED (__ReservedTrap7)?ABSOLUTE (__ReservedTrap7):ABSOLUTE (__DefaultInterrupt)
                  0x000114          0x4 LONG 0x1d9c DEFINED (__AltINT0Interrupt)?ABSOLUTE (__AltINT0Interrupt):DEFINED (__INT0Interrupt)?ABSOLUTE (__INT0Interrupt):ABSOLUTE (__DefaultInterrupt)
                  0x000116          0x4 LONG 0x1d9c DEFINED (__AltIC1Interrupt)?ABSOLUTE (__AltIC1Interrupt):DEFINED (__IC1Interrupt)?ABSOLUTE (__IC1Interrupt):ABSOLUTE (__DefaultInterrupt)
                  0x000118          0x4 LONG 0x1d9c DEFINED (__AltOC1Interrupt)?ABSOLUTE (__AltOC1Interrupt):DEFINED (__OC1Interrupt)?ABSOLUTE (__OC1Interrupt):ABSOLUTE (__DefaultInterrupt)
                  0x00011a          0x4 LONG 0x1d9c DEFINED (__AltT1Interrupt)?ABSOLUTE (__AltT1Interrupt):DEFINED (__T1Interrupt)?ABSOLUTE (__T1Interrupt):ABSOLUTE (__DefaultInterrupt)
                  0x00011c          0x4 LONG 0x1d9c DEFINED (__AltDMA0Interrupt)?ABSOLUTE (__AltDMA0Interrupt):DEFINED (__DMA0Interrupt)?ABSOLUTE (__DMA0Interrupt):ABSOLUTE (__DefaultInterrupt)
                  0x00011e          0x4 LONG 0x1d9c DEFINED (__AltIC2Interrupt)?ABSOLUTE (__AltIC2Interrupt):DEFINED (__IC2Interrupt)?ABSOLUTE (__IC2Interrupt):ABSOLUTE (__DefaultInterrupt)
                  0x000120          0x4 LONG 0x1d9c DEFINED (__AltOC2Interrupt)?ABSOLUTE (__AltOC2Interrupt):DEFINED (__OC2Interrupt)?ABSOLUTE (__OC2Interrupt):ABSOLUTE (__DefaultInterrupt)
                  0x000122          0x4 LONG 0x1d9c DEFINED (__AltT2Interrupt)?ABSOLUTE (__AltT2Interrupt):DEFINED (__T2Interrupt)?ABSOLUTE (__T2Interrupt):ABSOLUTE (__DefaultInterrupt)
                  0x000124          0x4 LONG 0x1d9c DEFINED (__AltT3Interrupt)?ABSOLUTE (__AltT3Interrupt):DEFINED (__T3Interrupt)?ABSOLUTE (__T3Interrupt):ABSOLUTE (__DefaultInterrupt)
                  0x000126          0x4 LONG 0x1d9c DEFINED (__AltSPI1ErrInterrupt)?ABSOLUTE (__AltSPI1ErrInterrupt):DEFINED (__SPI1ErrInterrupt)?ABSOLUTE (__SPI1ErrInterrupt):ABSOLUTE (__DefaultInterrupt)
                  0x000128          0x4 LONG 0x72e DEFINED (__AltSPI1Interrupt)?ABSOLUTE (__AltSPI1Interrupt):DEFINED (__SPI1Interrupt)?ABSOLUTE (__SPI1Interrupt):ABSOLUTE (__DefaultInterrupt)
                  0x00012a          0x4 LONG 0x1d9c DEFINED (__AltU1RXInterrupt)?ABSOLUTE (__AltU1RXInterrupt):DEFINED (__U1RXInterrupt)?ABSOLUTE (__U1RXInterrupt):ABSOLUTE (__DefaultInterrupt)
                  0x00012c          0x4 LONG 0x1d9c DEFINED (__AltU1TXInterrupt)?ABSOLUTE (__AltU1TXInterrupt):DEFINED (__U1TXInterrupt)?ABSOLUTE (__U1TXInterrupt):ABSOLUTE (__DefaultInterrupt)
                  0x00012e          0x4 LONG 0x1d9c DEFINED (__AltADC1Interrupt)?ABSOLUTE (__AltADC1Interrupt):DEFINED (__ADC1Interrupt)?ABSOLUTE (__ADC1Interrupt):ABSOLUTE (__DefaultInterrupt)
                  0x000130          0x4 LONG 0x1d9c DEFINED (__AltDMA1Interrupt)?ABSOLUTE (__AltDMA1Interrupt):DEFINED (__DMA1Interrupt)?ABSOLUTE (__DMA1Interrupt):ABSOLUTE (__DefaultInterrupt)
                  0x000132          0x4 LONG 0x1d9c DEFINED (__AltInterrupt15)?ABSOLUTE (__AltInterrupt15):DEFINED (__Interrupt15)?ABSOLUTE (__Interrupt15):ABSOLUTE (__DefaultInterrupt)
                  0x000134          0x4 LONG 0x1d9c DEFINED (__AltSI2C1Interrupt)?ABSOLUTE (__AltSI2C1Interrupt):DEFINED (__SI2C1Interrupt)?ABSOLUTE (__SI2C1Interrupt):ABSOLUTE (__DefaultInterrupt)
                  0x000136          0x4 LONG 0x1d9c DEFINED (__AltMI2C1Interrupt)?ABSOLUTE (__AltMI2C1Interrupt):DEFINED (__MI2C1Interrupt)?ABSOLUTE (__MI2C1Interrupt):ABSOLUTE (__DefaultInterrupt)
                  0x000138          0x4 LONG 0x1d9c DEFINED (__AltCMPInterrupt)?ABSOLUTE (__AltCMPInterrupt):DEFINED (__CMPInterrupt)?ABSOLUTE (__CMPInterrupt):ABSOLUTE (__DefaultInterrupt)
                  0x00013a          0x4 LONG 0x29a DEFINED (__AltCNInterrupt)?ABSOLUTE (__AltCNInterrupt):DEFINED (__CNInterrupt)?ABSOLUTE (__CNInterrupt):ABSOLUTE (__DefaultInterrupt)
                  0x00013c          0x4 LONG 0x1d9c DEFINED (__AltINT1Interrupt)?ABSOLUTE (__AltINT1Interrupt):DEFINED (__INT1Interrupt)?ABSOLUTE (__INT1Interrupt):ABSOLUTE (__DefaultInterrupt)
                  0x00013e          0x4 LONG 0x1d9c DEFINED (__AltInterrupt21)?ABSOLUTE (__AltInterrupt21):DEFINED (__Interrupt21)?ABSOLUTE (__Interrupt21):ABSOLUTE (__DefaultInterrupt)
                  0x000140          0x4 LONG 0x1d9c DEFINED (__AltIC7Interrupt)?ABSOLUTE (__AltIC7Interrupt):DEFINED (__IC7Interrupt)?ABSOLUTE (__IC7Interrupt):ABSOLUTE (__DefaultInterrupt)
                  0x000142          0x4 LONG 0x1d9c DEFINED (__AltIC8Interrupt)?ABSOLUTE (__AltIC8Interrupt):DEFINED (__IC8Interrupt)?ABSOLUTE (__IC8Interrupt):ABSOLUTE (__DefaultInterrupt)
                  0x000144          0x4 LONG 0x1d9c DEFINED (__AltDMA2Interrupt)?ABSOLUTE (__AltDMA2Interrupt):DEFINED (__DMA2Interrupt)?ABSOLUTE (__DMA2Interrupt):ABSOLUTE (__DefaultInterrupt)
                  0x000146          0x4 LONG 0x1d9c DEFINED (__AltOC3Interrupt)?ABSOLUTE (__AltOC3Interrupt):DEFINED (__OC3Interrupt)?ABSOLUTE (__OC3Interrupt):ABSOLUTE (__DefaultInterrupt)
                  0x000148          0x4 LONG 0x1d9c DEFINED (__AltOC4Interrupt)?ABSOLUTE (__AltOC4Interrupt):DEFINED (__OC4Interrupt)?ABSOLUTE (__OC4Interrupt):ABSOLUTE (__DefaultInterrupt)
                  0x00014a          0x4 LONG 0x1d9c DEFINED (__AltT4Interrupt)?ABSOLUTE (__AltT4Interrupt):DEFINED (__T4Interrupt)?ABSOLUTE (__T4Interrupt):ABSOLUTE (__DefaultInterrupt)
                  0x00014c          0x4 LONG 0x1d9c DEFINED (__AltT5Interrupt)?ABSOLUTE (__AltT5Interrupt):DEFINED (__T5Interrupt)?ABSOLUTE (__T5Interrupt):ABSOLUTE (__DefaultInterrupt)
                  0x00014e          0x4 LONG 0x1d9c DEFINED (__AltINT2Interrupt)?ABSOLUTE (__AltINT2Interrupt):DEFINED (__INT2Interrupt)?ABSOLUTE (__INT2Interrupt):ABSOLUTE (__DefaultInterrupt)
                  0x000150          0x4 LONG 0x1d9c DEFINED (__AltU2RXInterrupt)?ABSOLUTE (__AltU2RXInterrupt):DEFINED (__U2RXInterrupt)?ABSOLUTE (__U2RXInterrupt):ABSOLUTE (__DefaultInterrupt)
                  0x000152          0x4 LONG 0x1d9c DEFINED (__AltU2TXInterrupt)?ABSOLUTE (__AltU2TXInterrupt):DEFINED (__U2TXInterrupt)?ABSOLUTE (__U2TXInterrupt):ABSOLUTE (__DefaultInterrupt)
                  0x000154          0x4 LONG 0x1d9c DEFINED (__AltSPI2ErrInterrupt)?ABSOLUTE (__AltSPI2ErrInterrupt):DEFINED (__SPI2ErrInterrupt)?ABSOLUTE (__SPI2ErrInterrupt):ABSOLUTE (__DefaultInterrupt)
                  0x000156          0x4 LONG 0x1d9c DEFINED (__AltSPI2Interrupt)?ABSOLUTE (__AltSPI2Interrupt):DEFINED (__SPI2Interrupt)?ABSOLUTE (__SPI2Interrupt):ABSOLUTE (__DefaultInterrupt)
                  0x000158          0x4 LONG 0x1d9c DEFINED (__AltC1RxRdyInterrupt)?ABSOLUTE (__AltC1RxRdyInterrupt):DEFINED (__C1RxRdyInterrupt)?ABSOLUTE (__C1RxRdyInterrupt):ABSOLUTE (__DefaultInterrupt)
                  0x00015a          0x4 LONG 0x746 DEFINED (__AltC1Interrupt)?ABSOLUTE (__AltC1Interrupt):DEFINED (__C1Interrupt)?ABSOLUTE (__C1Interrupt):ABSOLUTE (__DefaultInterrupt)
                  0x00015c          0x4 LONG 0x1d9c DEFINED (__AltDMA3Interrupt)?ABSOLUTE (__AltDMA3Interrupt):DEFINED (__DMA3Interrupt)?ABSOLUTE (__DMA3Interrupt):ABSOLUTE (__DefaultInterrupt)
                  0x00015e          0x4 LONG 0x1d9c DEFINED (__AltInterrupt37)?ABSOLUTE (__AltInterrupt37):DEFINED (__Interrupt37)?ABSOLUTE (__Interrupt37):ABSOLUTE (__DefaultInterrupt)
                  0x000160          0x4 LONG 0x1d9c DEFINED (__AltInterrupt38)?ABSOLUTE (__AltInterrupt38):DEFINED (__Interrupt38)?ABSOLUTE (__Interrupt38):ABSOLUTE (__DefaultInterrupt)
                  0x000162          0x4 LONG 0x1d9c DEFINED (__AltInterrupt39)?ABSOLUTE (__AltInterrupt39):DEFINED (__Interrupt39)?ABSOLUTE (__Interrupt39):ABSOLUTE (__DefaultInterrupt)
                  0x000164          0x4 LONG 0x1d9c DEFINED (__AltInterrupt40)?ABSOLUTE (__AltInterrupt40):DEFINED (__Interrupt40)?ABSOLUTE (__Interrupt40):ABSOLUTE (__DefaultInterrupt)
                  0x000166          0x4 LONG 0x1d9c DEFINED (__AltInterrupt41)?ABSOLUTE (__AltInterrupt41):DEFINED (__Interrupt41)?ABSOLUTE (__Interrupt41):ABSOLUTE (__DefaultInterrupt)
                  0x000168          0x4 LONG 0x1d9c DEFINED (__AltInterrupt42)?ABSOLUTE (__AltInterrupt42):DEFINED (__Interrupt42)?ABSOLUTE (__Interrupt42):ABSOLUTE (__DefaultInterrupt)
                  0x00016a          0x4 LONG 0x1d9c DEFINED (__AltInterrupt43)?ABSOLUTE (__AltInterrupt43):DEFINED (__Interrupt43)?ABSOLUTE (__Interrupt43):ABSOLUTE (__DefaultInterrupt)
                  0x00016c          0x4 LONG 0x1d9c DEFINED (__AltInterrupt44)?ABSOLUTE (__AltInterrupt44):DEFINED (__Interrupt44)?ABSOLUTE (__Interrupt44):ABSOLUTE (__DefaultInterrupt)
                  0x00016e          0x4 LONG 0x1d9c DEFINED (__AltPMPInterrupt)?ABSOLUTE (__AltPMPInterrupt):DEFINED (__PMPInterrupt)?ABSOLUTE (__PMPInterrupt):ABSOLUTE (__DefaultInterrupt)
                  0x000170          0x4 LONG 0x1d9c DEFINED (__AltDMA4Interrupt)?ABSOLUTE (__AltDMA4Interrupt):DEFINED (__DMA4Interrupt)?ABSOLUTE (__DMA4Interrupt):ABSOLUTE (__DefaultInterrupt)
                  0x000172          0x4 LONG 0x1d9c DEFINED (__AltInterrupt47)?ABSOLUTE (__AltInterrupt47):DEFINED (__Interrupt47)?ABSOLUTE (__Interrupt47):ABSOLUTE (__DefaultInterrupt)
                  0x000174          0x4 LONG 0x1d9c DEFINED (__AltInterrupt48)?ABSOLUTE (__AltInterrupt48):DEFINED (__Interrupt48)?ABSOLUTE (__Interrupt48):ABSOLUTE (__DefaultInterrupt)
                  0x000176          0x4 LONG 0x1d9c DEFINED (__AltInterrupt49)?ABSOLUTE (__AltInterrupt49):DEFINED (__Interrupt49)?ABSOLUTE (__Interrupt49):ABSOLUTE (__DefaultInterrupt)
                  0x000178          0x4 LONG 0x1d9c DEFINED (__AltInterrupt50)?ABSOLUTE (__AltInterrupt50):DEFINED (__Interrupt50)?ABSOLUTE (__Interrupt50):ABSOLUTE (__DefaultInterrupt)
                  0x00017a          0x4 LONG 0x1d9c DEFINED (__AltInterrupt51)?ABSOLUTE (__AltInterrupt51):DEFINED (__Interrupt51)?ABSOLUTE (__Interrupt51):ABSOLUTE (__DefaultInterrupt)
                  0x00017c          0x4 LONG 0x1d9c DEFINED (__AltInterrupt52)?ABSOLUTE (__AltInterrupt52):DEFINED (__Interrupt52)?ABSOLUTE (__Interrupt52):ABSOLUTE (__DefaultInterrupt)
                  0x00017e          0x4 LONG 0x1d9c DEFINED (__AltInterrupt53)?ABSOLUTE (__AltInterrupt53):DEFINED (__Interrupt53)?ABSOLUTE (__Interrupt53):ABSOLUTE (__DefaultInterrupt)
                  0x000180          0x4 LONG 0x1d9c DEFINED (__AltInterrupt54)?ABSOLUTE (__AltInterrupt54):DEFINED (__Interrupt54)?ABSOLUTE (__Interrupt54):ABSOLUTE (__DefaultInterrupt)
                  0x000182          0x4 LONG 0x1d9c DEFINED (__AltInterrupt55)?ABSOLUTE (__AltInterrupt55):DEFINED (__Interrupt55)?ABSOLUTE (__Interrupt55):ABSOLUTE (__DefaultInterrupt)
                  0x000184          0x4 LONG 0x1d9c DEFINED (__AltInterrupt56)?ABSOLUTE (__AltInterrupt56):DEFINED (__Interrupt56)?ABSOLUTE (__Interrupt56):ABSOLUTE (__DefaultInterrupt)
                  0x000186          0x4 LONG 0x1d9c DEFINED (__AltMPWM1Interrupt)?ABSOLUTE (__AltMPWM1Interrupt):DEFINED (__MPWM1Interrupt)?ABSOLUTE (__MPWM1Interrupt):ABSOLUTE (__DefaultInterrupt)
                  0x000188          0x4 LONG 0x736 DEFINED (__AltQEI1Interrupt)?ABSOLUTE (__AltQEI1Interrupt):DEFINED (__QEI1Interrupt)?ABSOLUTE (__QEI1Interrupt):ABSOLUTE (__DefaultInterrupt)
                  0x00018a          0x4 LONG 0x1d9c DEFINED (__AltInterrupt59)?ABSOLUTE (__AltInterrupt59):DEFINED (__Interrupt59)?ABSOLUTE (__Interrupt59):ABSOLUTE (__DefaultInterrupt)
                  0x00018c          0x4 LONG 0x1d9c DEFINED (__AltInterrupt60)?ABSOLUTE (__AltInterrupt60):DEFINED (__Interrupt60)?ABSOLUTE (__Interrupt60):ABSOLUTE (__DefaultInterrupt)
                  0x00018e          0x4 LONG 0x1d9c DEFINED (__AltDMA5Interrupt)?ABSOLUTE (__AltDMA5Interrupt):DEFINED (__DMA5Interrupt)?ABSOLUTE (__DMA5Interrupt):ABSOLUTE (__DefaultInterrupt)
                  0x000190          0x4 LONG 0x1d9c DEFINED (__AltRTCCInterrupt)?ABSOLUTE (__AltRTCCInterrupt):DEFINED (__RTCCInterrupt)?ABSOLUTE (__RTCCInterrupt):ABSOLUTE (__DefaultInterrupt)
                  0x000192          0x4 LONG 0x1d9c DEFINED (__AltFLTA1Interrupt)?ABSOLUTE (__AltFLTA1Interrupt):DEFINED (__FLTA1Interrupt)?ABSOLUTE (__FLTA1Interrupt):ABSOLUTE (__DefaultInterrupt)
                  0x000194          0x4 LONG 0x1d9c DEFINED (__AltInterrupt64)?ABSOLUTE (__AltInterrupt64):DEFINED (__Interrupt64)?ABSOLUTE (__Interrupt64):ABSOLUTE (__DefaultInterrupt)
                  0x000196          0x4 LONG 0x1d9c DEFINED (__AltU1ErrInterrupt)?ABSOLUTE (__AltU1ErrInterrupt):DEFINED (__U1ErrInterrupt)?ABSOLUTE (__U1ErrInterrupt):ABSOLUTE (__DefaultInterrupt)
                  0x000198          0x4 LONG 0x1d9c DEFINED (__AltU2ErrInterrupt)?ABSOLUTE (__AltU2ErrInterrupt):DEFINED (__U2ErrInterrupt)?ABSOLUTE (__U2ErrInterrupt):ABSOLUTE (__DefaultInterrupt)
                  0x00019a          0x4 LONG 0x1d9c DEFINED (__AltCRCInterrupt)?ABSOLUTE (__AltCRCInterrupt):DEFINED (__CRCInterrupt)?ABSOLUTE (__CRCInterrupt):ABSOLUTE (__DefaultInterrupt)
                  0x00019c          0x4 LONG 0x1d9c DEFINED (__AltDMA6Interrupt)?ABSOLUTE (__AltDMA6Interrupt):DEFINED (__DMA6Interrupt)?ABSOLUTE (__DMA6Interrupt):ABSOLUTE (__DefaultInterrupt)
                  0x00019e          0x4 LONG 0x1d9c DEFINED (__AltDMA7Interrupt)?ABSOLUTE (__AltDMA7Interrupt):DEFINED (__DMA7Interrupt)?ABSOLUTE (__DMA7Interrupt):ABSOLUTE (__DefaultInterrupt)
                  0x0001a0          0x4 LONG 0x1d9c DEFINED (__AltC1TxReqInterrupt)?ABSOLUTE (__AltC1TxReqInterrupt):DEFINED (__C1TxReqInterrupt)?ABSOLUTE (__C1TxReqInterrupt):ABSOLUTE (__DefaultInterrupt)
                  0x0001a2          0x4 LONG 0x1d9c DEFINED (__AltInterrupt71)?ABSOLUTE (__AltInterrupt71):DEFINED (__Interrupt71)?ABSOLUTE (__Interrupt71):ABSOLUTE (__DefaultInterrupt)
                  0x0001a4          0x4 LONG 0x1d9c DEFINED (__AltInterrupt72)?ABSOLUTE (__AltInterrupt72):DEFINED (__Interrupt72)?ABSOLUTE (__Interrupt72):ABSOLUTE (__DefaultInterrupt)
                  0x0001a6          0x4 LONG 0x1d9c DEFINED (__AltMPWM2Interrupt)?ABSOLUTE (__AltMPWM2Interrupt):DEFINED (__MPWM2Interrupt)?ABSOLUTE (__MPWM2Interrupt):ABSOLUTE (__DefaultInterrupt)
                  0x0001a8          0x4 LONG 0x1d9c DEFINED (__AltFLTA2Interrupt)?ABSOLUTE (__AltFLTA2Interrupt):DEFINED (__FLTA2Interrupt)?ABSOLUTE (__FLTA2Interrupt):ABSOLUTE (__DefaultInterrupt)
                  0x0001aa          0x4 LONG 0x1d9c DEFINED (__AltQEI2Interrupt)?ABSOLUTE (__AltQEI2Interrupt):DEFINED (__QEI2Interrupt)?ABSOLUTE (__QEI2Interrupt):ABSOLUTE (__DefaultInterrupt)
                  0x0001ac          0x4 LONG 0x1d9c DEFINED (__AltInterrupt76)?ABSOLUTE (__AltInterrupt76):DEFINED (__Interrupt76)?ABSOLUTE (__Interrupt76):ABSOLUTE (__DefaultInterrupt)
                  0x0001ae          0x4 LONG 0x1d9c DEFINED (__AltInterrupt77)?ABSOLUTE (__AltInterrupt77):DEFINED (__Interrupt77)?ABSOLUTE (__Interrupt77):ABSOLUTE (__DefaultInterrupt)
                  0x0001b0          0x4 LONG 0x1d9c DEFINED (__AltDAC1RInterrupt)?ABSOLUTE (__AltDAC1RInterrupt):DEFINED (__DAC1RInterrupt)?ABSOLUTE (__DAC1RInterrupt):ABSOLUTE (__DefaultInterrupt)
                  0x0001b2          0x4 LONG 0x1d9c DEFINED (__AltDAC1LInterrupt)?ABSOLUTE (__AltDAC1LInterrupt):DEFINED (__DAC1LInterrupt)?ABSOLUTE (__DAC1LInterrupt):ABSOLUTE (__DefaultInterrupt)
                  0x0001b4          0x4 LONG 0x1d9c DEFINED (__AltInterrupt80)?ABSOLUTE (__AltInterrupt80):DEFINED (__Interrupt80)?ABSOLUTE (__Interrupt80):ABSOLUTE (__DefaultInterrupt)
                  0x0001b6          0x4 LONG 0x1d9c DEFINED (__AltInterrupt81)?ABSOLUTE (__AltInterrupt81):DEFINED (__Interrupt81)?ABSOLUTE (__Interrupt81):ABSOLUTE (__DefaultInterrupt)
                  0x0001b8          0x4 LONG 0x1d9c DEFINED (__AltInterrupt82)?ABSOLUTE (__AltInterrupt82):DEFINED (__Interrupt82)?ABSOLUTE (__Interrupt82):ABSOLUTE (__DefaultInterrupt)
                  0x0001ba          0x4 LONG 0x1d9c DEFINED (__AltInterrupt83)?ABSOLUTE (__AltInterrupt83):DEFINED (__Interrupt83)?ABSOLUTE (__Interrupt83):ABSOLUTE (__DefaultInterrupt)
                  0x0001bc          0x4 LONG 0x1d9c DEFINED (__AltInterrupt84)?ABSOLUTE (__AltInterrupt84):DEFINED (__Interrupt84)?ABSOLUTE (__Interrupt84):ABSOLUTE (__DefaultInterrupt)
                  0x0001be          0x4 LONG 0x1d9c DEFINED (__AltInterrupt85)?ABSOLUTE (__AltInterrupt85):DEFINED (__Interrupt85)?ABSOLUTE (__Interrupt85):ABSOLUTE (__DefaultInterrupt)
                  0x0001c0          0x4 LONG 0x1d9c DEFINED (__AltInterrupt86)?ABSOLUTE (__AltInterrupt86):DEFINED (__Interrupt86)?ABSOLUTE (__Interrupt86):ABSOLUTE (__DefaultInterrupt)
                  0x0001c2          0x4 LONG 0x1d9c DEFINED (__AltInterrupt87)?ABSOLUTE (__AltInterrupt87):DEFINED (__Interrupt87)?ABSOLUTE (__Interrupt87):ABSOLUTE (__DefaultInterrupt)
                  0x0001c4          0x4 LONG 0x1d9c DEFINED (__AltInterrupt88)?ABSOLUTE (__AltInterrupt88):DEFINED (__Interrupt88)?ABSOLUTE (__Interrupt88):ABSOLUTE (__DefaultInterrupt)
                  0x0001c6          0x4 LONG 0x1d9c DEFINED (__AltInterrupt89)?ABSOLUTE (__AltInterrupt89):DEFINED (__Interrupt89)?ABSOLUTE (__Interrupt89):ABSOLUTE (__DefaultInterrupt)
                  0x0001c8          0x4 LONG 0x1d9c DEFINED (__AltInterrupt90)?ABSOLUTE (__AltInterrupt90):DEFINED (__Interrupt90)?ABSOLUTE (__Interrupt90):ABSOLUTE (__DefaultInterrupt)
                  0x0001ca          0x4 LONG 0x1d9c DEFINED (__AltInterrupt91)?ABSOLUTE (__AltInterrupt91):DEFINED (__Interrupt91)?ABSOLUTE (__Interrupt91):ABSOLUTE (__DefaultInterrupt)
                  0x0001cc          0x4 LONG 0x1d9c DEFINED (__AltInterrupt92)?ABSOLUTE (__AltInterrupt92):DEFINED (__Interrupt92)?ABSOLUTE (__Interrupt92):ABSOLUTE (__DefaultInterrupt)
                  0x0001ce          0x4 LONG 0x1d9c DEFINED (__AltInterrupt93)?ABSOLUTE (__AltInterrupt93):DEFINED (__Interrupt93)?ABSOLUTE (__Interrupt93):ABSOLUTE (__DefaultInterrupt)
                  0x0001d0          0x4 LONG 0x1d9c DEFINED (__AltInterrupt94)?ABSOLUTE (__AltInterrupt94):DEFINED (__Interrupt94)?ABSOLUTE (__Interrupt94):ABSOLUTE (__DefaultInterrupt)
                  0x0001d2          0x4 LONG 0x1d9c DEFINED (__AltInterrupt95)?ABSOLUTE (__AltInterrupt95):DEFINED (__Interrupt95)?ABSOLUTE (__Interrupt95):ABSOLUTE (__DefaultInterrupt)
                  0x0001d4          0x4 LONG 0x1d9c DEFINED (__AltInterrupt96)?ABSOLUTE (__AltInterrupt96):DEFINED (__Interrupt96)?ABSOLUTE (__Interrupt96):ABSOLUTE (__DefaultInterrupt)
                  0x0001d6          0x4 LONG 0x1d9c DEFINED (__AltInterrupt97)?ABSOLUTE (__AltInterrupt97):DEFINED (__Interrupt97)?ABSOLUTE (__Interrupt97):ABSOLUTE (__DefaultInterrupt)
                  0x0001d8          0x4 LONG 0x1d9c DEFINED (__AltInterrupt98)?ABSOLUTE (__AltInterrupt98):DEFINED (__Interrupt98)?ABSOLUTE (__Interrupt98):ABSOLUTE (__DefaultInterrupt)
                  0x0001da          0x4 LONG 0x1d9c DEFINED (__AltInterrupt99)?ABSOLUTE (__AltInterrupt99):DEFINED (__Interrupt99)?ABSOLUTE (__Interrupt99):ABSOLUTE (__DefaultInterrupt)
                  0x0001dc          0x4 LONG 0x1d9c DEFINED (__AltInterrupt100)?ABSOLUTE (__AltInterrupt100):DEFINED (__Interrupt100)?ABSOLUTE (__Interrupt100):ABSOLUTE (__DefaultInterrupt)
                  0x0001de          0x4 LONG 0x1d9c DEFINED (__AltInterrupt101)?ABSOLUTE (__AltInterrupt101):DEFINED (__Interrupt101)?ABSOLUTE (__Interrupt101):ABSOLUTE (__DefaultInterrupt)
                  0x0001e0          0x4 LONG 0x1d9c DEFINED (__AltInterrupt102)?ABSOLUTE (__AltInterrupt102):DEFINED (__Interrupt102)?ABSOLUTE (__Interrupt102):ABSOLUTE (__DefaultInterrupt)
                  0x0001e2          0x4 LONG 0x1d9c DEFINED (__AltInterrupt103)?ABSOLUTE (__AltInterrupt103):DEFINED (__Interrupt103)?ABSOLUTE (__Interrupt103):ABSOLUTE (__DefaultInterrupt)
                  0x0001e4          0x4 LONG 0x1d9c DEFINED (__AltInterrupt104)?ABSOLUTE (__AltInterrupt104):DEFINED (__Interrupt104)?ABSOLUTE (__Interrupt104):ABSOLUTE (__DefaultInterrupt)
                  0x0001e6          0x4 LONG 0x1d9c DEFINED (__AltInterrupt105)?ABSOLUTE (__AltInterrupt105):DEFINED (__Interrupt105)?ABSOLUTE (__Interrupt105):ABSOLUTE (__DefaultInterrupt)
                  0x0001e8          0x4 LONG 0x1d9c DEFINED (__AltInterrupt106)?ABSOLUTE (__AltInterrupt106):DEFINED (__Interrupt106)?ABSOLUTE (__Interrupt106):ABSOLUTE (__DefaultInterrupt)
                  0x0001ea          0x4 LONG 0x1d9c DEFINED (__AltInterrupt107)?ABSOLUTE (__AltInterrupt107):DEFINED (__Interrupt107)?ABSOLUTE (__Interrupt107):ABSOLUTE (__DefaultInterrupt)
                  0x0001ec          0x4 LONG 0x1d9c DEFINED (__AltInterrupt108)?ABSOLUTE (__AltInterrupt108):DEFINED (__Interrupt108)?ABSOLUTE (__Interrupt108):ABSOLUTE (__DefaultInterrupt)
                  0x0001ee          0x4 LONG 0x1d9c DEFINED (__AltInterrupt109)?ABSOLUTE (__AltInterrupt109):DEFINED (__Interrupt109)?ABSOLUTE (__Interrupt109):ABSOLUTE (__DefaultInterrupt)
                  0x0001f0          0x4 LONG 0x1d9c DEFINED (__AltInterrupt110)?ABSOLUTE (__AltInterrupt110):DEFINED (__Interrupt110)?ABSOLUTE (__Interrupt110):ABSOLUTE (__DefaultInterrupt)
                  0x0001f2          0x4 LONG 0x1d9c DEFINED (__AltInterrupt111)?ABSOLUTE (__AltInterrupt111):DEFINED (__Interrupt111)?ABSOLUTE (__Interrupt111):ABSOLUTE (__DefaultInterrupt)
                  0x0001f4          0x4 LONG 0x1d9c DEFINED (__AltInterrupt112)?ABSOLUTE (__AltInterrupt112):DEFINED (__Interrupt112)?ABSOLUTE (__Interrupt112):ABSOLUTE (__DefaultInterrupt)
                  0x0001f6          0x4 LONG 0x1d9c DEFINED (__AltInterrupt113)?ABSOLUTE (__AltInterrupt113):DEFINED (__Interrupt113)?ABSOLUTE (__Interrupt113):ABSOLUTE (__DefaultInterrupt)
                  0x0001f8          0x4 LONG 0x1d9c DEFINED (__AltInterrupt114)?ABSOLUTE (__AltInterrupt114):DEFINED (__Interrupt114)?ABSOLUTE (__Interrupt114):ABSOLUTE (__DefaultInterrupt)
                  0x0001fa          0x4 LONG 0x1d9c DEFINED (__AltInterrupt115)?ABSOLUTE (__AltInterrupt115):DEFINED (__Interrupt115)?ABSOLUTE (__Interrupt115):ABSOLUTE (__DefaultInterrupt)
                  0x0001fc          0x4 LONG 0x1d9c DEFINED (__AltInterrupt116)?ABSOLUTE (__AltInterrupt116):DEFINED (__Interrupt116)?ABSOLUTE (__Interrupt116):ABSOLUTE (__DefaultInterrupt)
                  0x0001fe          0x4 LONG 0x1d9c DEFINED (__AltInterrupt117)?ABSOLUTE (__AltInterrupt117):DEFINED (__Interrupt117)?ABSOLUTE (__Interrupt117):ABSOLUTE (__DefaultInterrupt)
                    0x0000                  WREG0 = 0x0
                    0x0000                  _WREG0 = 0x0
                    0x0002                  WREG1 = 0x2
                    0x0002                  _WREG1 = 0x2
                    0x0004                  WREG2 = 0x4
                    0x0004                  _WREG2 = 0x4
                    0x0006                  WREG3 = 0x6
                    0x0006                  _WREG3 = 0x6
                    0x0008                  WREG4 = 0x8
                    0x0008                  _WREG4 = 0x8
                    0x000a                  WREG5 = 0xa
                    0x000a                  _WREG5 = 0xa
                    0x000c                  WREG6 = 0xc
                    0x000c                  _WREG6 = 0xc
                    0x000e                  WREG7 = 0xe
                    0x000e                  _WREG7 = 0xe
                    0x0010                  WREG8 = 0x10
                    0x0010                  _WREG8 = 0x10
                    0x0012                  WREG9 = 0x12
                    0x0012                  _WREG9 = 0x12
                    0x0014                  WREG10 = 0x14
                    0x0014                  _WREG10 = 0x14
                    0x0016                  WREG11 = 0x16
                    0x0016                  _WREG11 = 0x16
                    0x0018                  WREG12 = 0x18
                    0x0018                  _WREG12 = 0x18
                    0x001a                  WREG13 = 0x1a
                    0x001a                  _WREG13 = 0x1a
                    0x001c                  WREG14 = 0x1c
                    0x001c                  _WREG14 = 0x1c
                    0x001e                  WREG15 = 0x1e
                    0x001e                  _WREG15 = 0x1e
                    0x0020                  SPLIM = 0x20
                    0x0020                  _SPLIM = 0x20
                    0x0022                  ACCAL = 0x22
                    0x0022                  _ACCAL = 0x22
                    0x0024                  ACCAH = 0x24
                    0x0024                  _ACCAH = 0x24
                    0x0026                  ACCAU = 0x26
                    0x0026                  _ACCAU = 0x26
                    0x0028                  ACCBL = 0x28
                    0x0028                  _ACCBL = 0x28
                    0x002a                  ACCBH = 0x2a
                    0x002a                  _ACCBH = 0x2a
                    0x002c                  ACCBU = 0x2c
                    0x002c                  _ACCBU = 0x2c
                    0x002e                  PCL = 0x2e
                    0x002e                  _PCL = 0x2e
                    0x0030                  PCH = 0x30
                    0x0030                  _PCH = 0x30
                    0x0032                  TBLPAG = 0x32
                    0x0032                  _TBLPAG = 0x32
                    0x0034                  PSVPAG = 0x34
                    0x0034                  _PSVPAG = 0x34
                    0x0036                  RCOUNT = 0x36
                    0x0036                  _RCOUNT = 0x36
                    0x0038                  DCOUNT = 0x38
                    0x0038                  _DCOUNT = 0x38
                    0x003a                  DOSTARTL = 0x3a
                    0x003a                  _DOSTARTL = 0x3a
                    0x003c                  DOSTARTH = 0x3c
                    0x003c                  _DOSTARTH = 0x3c
                    0x003e                  DOENDL = 0x3e
                    0x003e                  _DOENDL = 0x3e
                    0x0040                  DOENDH = 0x40
                    0x0040                  _DOENDH = 0x40
                    0x0042                  SR = 0x42
                    0x0042                  _SR = 0x42
                    0x0042                  _SRbits = 0x42
                    0x0044                  CORCON = 0x44
                    0x0044                  _CORCON = 0x44
                    0x0044                  _CORCONbits = 0x44
                    0x0046                  MODCON = 0x46
                    0x0046                  _MODCON = 0x46
                    0x0046                  _MODCONbits = 0x46
                    0x0048                  XMODSRT = 0x48
                    0x0048                  _XMODSRT = 0x48
                    0x004a                  XMODEND = 0x4a
                    0x004a                  _XMODEND = 0x4a
                    0x004c                  YMODSRT = 0x4c
                    0x004c                  _YMODSRT = 0x4c
                    0x004e                  YMODEND = 0x4e
                    0x004e                  _YMODEND = 0x4e
                    0x0050                  XBREV = 0x50
                    0x0050                  _XBREV = 0x50
                    0x0050                  _XBREVbits = 0x50
                    0x0052                  DISICNT = 0x52
                    0x0052                  _DISICNT = 0x52
                    0x0060                  CNEN1 = 0x60
                    0x0060                  _CNEN1 = 0x60
                    0x0060                  _CNEN1bits = 0x60
                    0x0062                  CNEN2 = 0x62
                    0x0062                  _CNEN2 = 0x62
                    0x0062                  _CNEN2bits = 0x62
                    0x0068                  CNPU1 = 0x68
                    0x0068                  _CNPU1 = 0x68
                    0x0068                  _CNPU1bits = 0x68
                    0x006a                  CNPU2 = 0x6a
                    0x006a                  _CNPU2 = 0x6a
                    0x006a                  _CNPU2bits = 0x6a
                    0x0080                  INTCON1 = 0x80
                    0x0080                  _INTCON1 = 0x80
                    0x0080                  _INTCON1bits = 0x80
                    0x0082                  INTCON2 = 0x82
                    0x0082                  _INTCON2 = 0x82
                    0x0082                  _INTCON2bits = 0x82
                    0x0084                  IFS0 = 0x84
                    0x0084                  _IFS0 = 0x84
                    0x0084                  _IFS0bits = 0x84
                    0x0086                  IFS1 = 0x86
                    0x0086                  _IFS1 = 0x86
                    0x0086                  _IFS1bits = 0x86
                    0x0088                  IFS2 = 0x88
                    0x0088                  _IFS2 = 0x88
                    0x0088                  _IFS2bits = 0x88
                    0x008a                  IFS3 = 0x8a
                    0x008a                  _IFS3 = 0x8a
                    0x008a                  _IFS3bits = 0x8a
                    0x008c                  IFS4 = 0x8c
                    0x008c                  _IFS4 = 0x8c
                    0x008c                  _IFS4bits = 0x8c
                    0x0094                  IEC0 = 0x94
                    0x0094                  _IEC0 = 0x94
                    0x0094                  _IEC0bits = 0x94
                    0x0096                  IEC1 = 0x96
                    0x0096                  _IEC1 = 0x96
                    0x0096                  _IEC1bits = 0x96
                    0x0098                  IEC2 = 0x98
                    0x0098                  _IEC2 = 0x98
                    0x0098                  _IEC2bits = 0x98
                    0x009a                  IEC3 = 0x9a
                    0x009a                  _IEC3 = 0x9a
                    0x009a                  _IEC3bits = 0x9a
                    0x009c                  IEC4 = 0x9c
                    0x009c                  _IEC4 = 0x9c
                    0x009c                  _IEC4bits = 0x9c
                    0x00a4                  IPC0 = 0xa4
                    0x00a4                  _IPC0 = 0xa4
                    0x00a4                  _IPC0bits = 0xa4
                    0x00a6                  IPC1 = 0xa6
                    0x00a6                  _IPC1 = 0xa6
                    0x00a6                  _IPC1bits = 0xa6
                    0x00a8                  IPC2 = 0xa8
                    0x00a8                  _IPC2 = 0xa8
                    0x00a8                  _IPC2bits = 0xa8
                    0x00aa                  IPC3 = 0xaa
                    0x00aa                  _IPC3 = 0xaa
                    0x00aa                  _IPC3bits = 0xaa
                    0x00ac                  IPC4 = 0xac
                    0x00ac                  _IPC4 = 0xac
                    0x00ac                  _IPC4bits = 0xac
                    0x00ae                  IPC5 = 0xae
                    0x00ae                  _IPC5 = 0xae
                    0x00ae                  _IPC5bits = 0xae
                    0x00b0                  IPC6 = 0xb0
                    0x00b0                  _IPC6 = 0xb0
                    0x00b0                  _IPC6bits = 0xb0
                    0x00b2                  IPC7 = 0xb2
                    0x00b2                  _IPC7 = 0xb2
                    0x00b2                  _IPC7bits = 0xb2
                    0x00b4                  IPC8 = 0xb4
                    0x00b4                  _IPC8 = 0xb4
                    0x00b4                  _IPC8bits = 0xb4
                    0x00b6                  IPC9 = 0xb6
                    0x00b6                  _IPC9 = 0xb6
                    0x00b6                  _IPC9bits = 0xb6
                    0x00ba                  IPC11 = 0xba
                    0x00ba                  _IPC11 = 0xba
                    0x00ba                  _IPC11bits = 0xba
                    0x00c0                  IPC14 = 0xc0
                    0x00c0                  _IPC14 = 0xc0
                    0x00c0                  _IPC14bits = 0xc0
                    0x00c2                  IPC15 = 0xc2
                    0x00c2                  _IPC15 = 0xc2
                    0x00c2                  _IPC15bits = 0xc2
                    0x00c4                  IPC16 = 0xc4
                    0x00c4                  _IPC16 = 0xc4
                    0x00c4                  _IPC16bits = 0xc4
                    0x00c6                  IPC17 = 0xc6
                    0x00c6                  _IPC17 = 0xc6
                    0x00c6                  _IPC17bits = 0xc6
                    0x00c8                  IPC18 = 0xc8
                    0x00c8                  _IPC18 = 0xc8
                    0x00c8                  _IPC18bits = 0xc8
                    0x00ca                  IPC19 = 0xca
                    0x00ca                  _IPC19 = 0xca
                    0x00ca                  _IPC19bits = 0xca
                    0x00e0                  INTTREG = 0xe0
                    0x00e0                  _INTTREG = 0xe0
                    0x00e0                  _INTTREGbits = 0xe0
                    0x0100                  TMR1 = 0x100
                    0x0100                  _TMR1 = 0x100
                    0x0102                  PR1 = 0x102
                    0x0102                  _PR1 = 0x102
                    0x0104                  T1CON = 0x104
                    0x0104                  _T1CON = 0x104
                    0x0104                  _T1CONbits = 0x104
                    0x0106                  TMR2 = 0x106
                    0x0106                  _TMR2 = 0x106
                    0x0108                  TMR3HLD = 0x108
                    0x0108                  _TMR3HLD = 0x108
                    0x010a                  TMR3 = 0x10a
                    0x010a                  _TMR3 = 0x10a
                    0x010c                  PR2 = 0x10c
                    0x010c                  _PR2 = 0x10c
                    0x010e                  PR3 = 0x10e
                    0x010e                  _PR3 = 0x10e
                    0x0110                  T2CON = 0x110
                    0x0110                  _T2CON = 0x110
                    0x0110                  _T2CONbits = 0x110
                    0x0112                  T3CON = 0x112
                    0x0112                  _T3CON = 0x112
                    0x0112                  _T3CONbits = 0x112
                    0x0114                  TMR4 = 0x114
                    0x0114                  _TMR4 = 0x114
                    0x0116                  TMR5HLD = 0x116
                    0x0116                  _TMR5HLD = 0x116
                    0x0118                  TMR5 = 0x118
                    0x0118                  _TMR5 = 0x118
                    0x011a                  PR4 = 0x11a
                    0x011a                  _PR4 = 0x11a
                    0x011c                  PR5 = 0x11c
                    0x011c                  _PR5 = 0x11c
                    0x011e                  T4CON = 0x11e
                    0x011e                  _T4CON = 0x11e
                    0x011e                  _T4CONbits = 0x11e
                    0x0120                  T5CON = 0x120
                    0x0120                  _T5CON = 0x120
                    0x0120                  _T5CONbits = 0x120
                    0x0140                  IC1BUF = 0x140
                    0x0140                  _IC1BUF = 0x140
                    0x0142                  IC1CON = 0x142
                    0x0142                  _IC1CON = 0x142
                    0x0142                  _IC1CONbits = 0x142
                    0x0144                  IC2BUF = 0x144
                    0x0144                  _IC2BUF = 0x144
                    0x0146                  IC2CON = 0x146
                    0x0146                  _IC2CON = 0x146
                    0x0146                  _IC2CONbits = 0x146
                    0x0158                  IC7BUF = 0x158
                    0x0158                  _IC7BUF = 0x158
                    0x015a                  IC7CON = 0x15a
                    0x015a                  _IC7CON = 0x15a
                    0x015a                  _IC7CONbits = 0x15a
                    0x015c                  IC8BUF = 0x15c
                    0x015c                  _IC8BUF = 0x15c
                    0x015e                  IC8CON = 0x15e
                    0x015e                  _IC8CON = 0x15e
                    0x015e                  _IC8CONbits = 0x15e
                    0x0180                  OC1RS = 0x180
                    0x0180                  _OC1RS = 0x180
                    0x0182                  OC1R = 0x182
                    0x0182                  _OC1R = 0x182
                    0x0184                  OC1CON = 0x184
                    0x0184                  _OC1CON = 0x184
                    0x0184                  _OC1CONbits = 0x184
                    0x0186                  OC2RS = 0x186
                    0x0186                  _OC2RS = 0x186
                    0x0188                  OC2R = 0x188
                    0x0188                  _OC2R = 0x188
                    0x018a                  OC2CON = 0x18a
                    0x018a                  _OC2CON = 0x18a
                    0x018a                  _OC2CONbits = 0x18a
                    0x018c                  OC3RS = 0x18c
                    0x018c                  _OC3RS = 0x18c
                    0x018e                  OC3R = 0x18e
                    0x018e                  _OC3R = 0x18e
                    0x0190                  OC3CON = 0x190
                    0x0190                  _OC3CON = 0x190
                    0x0190                  _OC3CONbits = 0x190
                    0x0192                  OC4RS = 0x192
                    0x0192                  _OC4RS = 0x192
                    0x0194                  OC4R = 0x194
                    0x0194                  _OC4R = 0x194
                    0x0196                  OC4CON = 0x196
                    0x0196                  _OC4CON = 0x196
                    0x0196                  _OC4CONbits = 0x196
                    0x01c0                  P1TCON = 0x1c0
                    0x01c0                  _P1TCON = 0x1c0
                    0x01c0                  _P1TCONbits = 0x1c0
                    0x01c0                  PTCON = 0x1c0
                    0x01c0                  _PTCON = 0x1c0
                    0x01c0                  _PTCONbits = 0x1c0
                    0x01c2                  P1TMR = 0x1c2
                    0x01c2                  _P1TMR = 0x1c2
                    0x01c2                  _P1TMRbits = 0x1c2
                    0x01c2                  PTMR = 0x1c2
                    0x01c2                  _PTMR = 0x1c2
                    0x01c2                  _PTMRbits = 0x1c2
                    0x01c4                  P1TPER = 0x1c4
                    0x01c4                  _P1TPER = 0x1c4
                    0x01c4                  _P1TPERbits = 0x1c4
                    0x01c4                  PTPER = 0x1c4
                    0x01c4                  _PTPER = 0x1c4
                    0x01c4                  _PTPERbits = 0x1c4
                    0x01c6                  P1SECMP = 0x1c6
                    0x01c6                  _P1SECMP = 0x1c6
                    0x01c6                  _P1SECMPbits = 0x1c6
                    0x01c6                  SEVTCMP = 0x1c6
                    0x01c6                  _SEVTCMP = 0x1c6
                    0x01c6                  _SEVTCMPbits = 0x1c6
                    0x01c8                  PWM1CON1 = 0x1c8
                    0x01c8                  _PWM1CON1 = 0x1c8
                    0x01c8                  _PWM1CON1bits = 0x1c8
                    0x01c8                  PWMCON1 = 0x1c8
                    0x01c8                  _PWMCON1 = 0x1c8
                    0x01c8                  _PWMCON1bits = 0x1c8
                    0x01ca                  PWM1CON2 = 0x1ca
                    0x01ca                  _PWM1CON2 = 0x1ca
                    0x01ca                  _PWM1CON2bits = 0x1ca
                    0x01ca                  PWMCON2 = 0x1ca
                    0x01ca                  _PWMCON2 = 0x1ca
                    0x01ca                  _PWMCON2bits = 0x1ca
                    0x01cc                  DTCON1 = 0x1cc
                    0x01cc                  _DTCON1 = 0x1cc
                    0x01cc                  _DTCON1bits = 0x1cc
                    0x01cc                  P1DTCON1 = 0x1cc
                    0x01cc                  _P1DTCON1 = 0x1cc
                    0x01cc                  _P1DTCON1bits = 0x1cc
                    0x01ce                  DTCON2 = 0x1ce
                    0x01ce                  _DTCON2 = 0x1ce
                    0x01ce                  _DTCON2bits = 0x1ce
                    0x01ce                  P1DTCON2 = 0x1ce
                    0x01ce                  _P1DTCON2 = 0x1ce
                    0x01ce                  _P1DTCON2bits = 0x1ce
                    0x01d0                  FLTACON = 0x1d0
                    0x01d0                  _FLTACON = 0x1d0
                    0x01d0                  _FLTACONbits = 0x1d0
                    0x01d0                  P1FLTACON = 0x1d0
                    0x01d0                  _P1FLTACON = 0x1d0
                    0x01d0                  _P1FLTACONbits = 0x1d0
                    0x01d4                  OVDCON = 0x1d4
                    0x01d4                  _OVDCON = 0x1d4
                    0x01d4                  _OVDCONbits = 0x1d4
                    0x01d4                  P1OVDCON = 0x1d4
                    0x01d4                  _P1OVDCON = 0x1d4
                    0x01d4                  _P1OVDCONbits = 0x1d4
                    0x01d6                  P1DC1 = 0x1d6
                    0x01d6                  _P1DC1 = 0x1d6
                    0x01d6                  PDC1 = 0x1d6
                    0x01d6                  _PDC1 = 0x1d6
                    0x01d8                  P1DC2 = 0x1d8
                    0x01d8                  _P1DC2 = 0x1d8
                    0x01d8                  PDC2 = 0x1d8
                    0x01d8                  _PDC2 = 0x1d8
                    0x01da                  P1DC3 = 0x1da
                    0x01da                  _P1DC3 = 0x1da
                    0x01da                  PDC3 = 0x1da
                    0x01da                  _PDC3 = 0x1da
                    0x01e0                  QEI1CON = 0x1e0
                    0x01e0                  _QEI1CON = 0x1e0
                    0x01e0                  _QEI1CONbits = 0x1e0
                    0x01e0                  QEICON = 0x1e0
                    0x01e0                  _QEICON = 0x1e0
                    0x01e0                  _QEICONbits = 0x1e0
                    0x01e2                  DFLT1CON = 0x1e2
                    0x01e2                  _DFLT1CON = 0x1e2
                    0x01e2                  _DFLT1CONbits = 0x1e2
                    0x01e2                  DFLTCON = 0x1e2
                    0x01e2                  _DFLTCON = 0x1e2
                    0x01e2                  _DFLTCONbits = 0x1e2
                    0x01e4                  POS1CNT = 0x1e4
                    0x01e4                  _POS1CNT = 0x1e4
                    0x01e4                  POSCNT = 0x1e4
                    0x01e4                  _POSCNT = 0x1e4
                    0x01e6                  MAX1CNT = 0x1e6
                    0x01e6                  _MAX1CNT = 0x1e6
                    0x01e6                  MAXCNT = 0x1e6
                    0x01e6                  _MAXCNT = 0x1e6
                    0x01f0                  QEI2CON = 0x1f0
                    0x01f0                  _QEI2CON = 0x1f0
                    0x01f0                  _QEI2CONbits = 0x1f0
                    0x01f2                  DFLT2CON = 0x1f2
                    0x01f2                  _DFLT2CON = 0x1f2
                    0x01f2                  _DFLT2CONbits = 0x1f2
                    0x01f4                  POS2CNT = 0x1f4
                    0x01f4                  _POS2CNT = 0x1f4
                    0x01f6                  MAX2CNT = 0x1f6
                    0x01f6                  _MAX2CNT = 0x1f6
                    0x0200                  I2C1RCV = 0x200
                    0x0200                  _I2C1RCV = 0x200
                    0x0200                  I2CRCV = 0x200
                    0x0200                  _I2CRCV = 0x200
                    0x0202                  I2C1TRN = 0x202
                    0x0202                  _I2C1TRN = 0x202
                    0x0202                  I2CTRN = 0x202
                    0x0202                  _I2CTRN = 0x202
                    0x0204                  I2C1BRG = 0x204
                    0x0204                  _I2C1BRG = 0x204
                    0x0206                  I2C1CON = 0x206
                    0x0206                  _I2C1CON = 0x206
                    0x0206                  _I2C1CONbits = 0x206
                    0x0206                  I2CCON = 0x206
                    0x0206                  _I2CCON = 0x206
                    0x0206                  _I2CCONbits = 0x206
                    0x0208                  I2C1STAT = 0x208
                    0x0208                  _I2C1STAT = 0x208
                    0x0208                  _I2C1STATbits = 0x208
                    0x0208                  I2CSTAT = 0x208
                    0x0208                  _I2CSTAT = 0x208
                    0x0208                  _I2CSTATbits = 0x208
                    0x020a                  I2C1ADD = 0x20a
                    0x020a                  _I2C1ADD = 0x20a
                    0x020a                  I2CADD = 0x20a
                    0x020a                  _I2CADD = 0x20a
                    0x020c                  I2C1MSK = 0x20c
                    0x020c                  _I2C1MSK = 0x20c
                    0x0220                  U1MODE = 0x220
                    0x0220                  _U1MODE = 0x220
                    0x0220                  _U1MODEbits = 0x220
                    0x0222                  U1STA = 0x222
                    0x0222                  _U1STA = 0x222
                    0x0222                  _U1STAbits = 0x222
                    0x0224                  U1TXREG = 0x224
                    0x0224                  _U1TXREG = 0x224
                    0x0224                  _U1TXREGbits = 0x224
                    0x0226                  U1RXREG = 0x226
                    0x0226                  _U1RXREG = 0x226
                    0x0226                  _U1RXREGbits = 0x226
                    0x0228                  U1BRG = 0x228
                    0x0228                  _U1BRG = 0x228
                    0x0230                  U2MODE = 0x230
                    0x0230                  _U2MODE = 0x230
                    0x0230                  _U2MODEbits = 0x230
                    0x0232                  U2STA = 0x232
                    0x0232                  _U2STA = 0x232
                    0x0232                  _U2STAbits = 0x232
                    0x0234                  U2TXREG = 0x234
                    0x0234                  _U2TXREG = 0x234
                    0x0234                  _U2TXREGbits = 0x234
                    0x0236                  U2RXREG = 0x236
                    0x0236                  _U2RXREG = 0x236
                    0x0236                  _U2RXREGbits = 0x236
                    0x0238                  U2BRG = 0x238
                    0x0238                  _U2BRG = 0x238
                    0x0240                  SPI1STAT = 0x240
                    0x0240                  _SPI1STAT = 0x240
                    0x0240                  _SPI1STATbits = 0x240
                    0x0242                  SPI1CON1 = 0x242
                    0x0242                  _SPI1CON1 = 0x242
                    0x0242                  _SPI1CON1bits = 0x242
                    0x0244                  SPI1CON2 = 0x244
                    0x0244                  _SPI1CON2 = 0x244
                    0x0244                  _SPI1CON2bits = 0x244
                    0x0248                  SPI1BUF = 0x248
                    0x0248                  _SPI1BUF = 0x248
                    0x0260                  SPI2STAT = 0x260
                    0x0260                  _SPI2STAT = 0x260
                    0x0260                  _SPI2STATbits = 0x260
                    0x0262                  SPI2CON1 = 0x262
                    0x0262                  _SPI2CON1 = 0x262
                    0x0262                  _SPI2CON1bits = 0x262
                    0x0264                  SPI2CON2 = 0x264
                    0x0264                  _SPI2CON2 = 0x264
                    0x0264                  _SPI2CON2bits = 0x264
                    0x0268                  SPI2BUF = 0x268
                    0x0268                  _SPI2BUF = 0x268
                    0x02c0                  TRISA = 0x2c0
                    0x02c0                  _TRISA = 0x2c0
                    0x02c0                  _TRISAbits = 0x2c0
                    0x02c2                  PORTA = 0x2c2
                    0x02c2                  _PORTA = 0x2c2
                    0x02c2                  _PORTAbits = 0x2c2
                    0x02c4                  LATA = 0x2c4
                    0x02c4                  _LATA = 0x2c4
                    0x02c4                  _LATAbits = 0x2c4
                    0x02c6                  ODCA = 0x2c6
                    0x02c6                  _ODCA = 0x2c6
                    0x02c6                  _ODCAbits = 0x2c6
                    0x02c8                  TRISB = 0x2c8
                    0x02c8                  _TRISB = 0x2c8
                    0x02c8                  _TRISBbits = 0x2c8
                    0x02ca                  PORTB = 0x2ca
                    0x02ca                  _PORTB = 0x2ca
                    0x02ca                  _PORTBbits = 0x2ca
                    0x02cc                  LATB = 0x2cc
                    0x02cc                  _LATB = 0x2cc
                    0x02cc                  _LATBbits = 0x2cc
                    0x02ce                  ODCB = 0x2ce
                    0x02ce                  _ODCB = 0x2ce
                    0x02ce                  _ODCBbits = 0x2ce
                    0x02d0                  TRISC = 0x2d0
                    0x02d0                  _TRISC = 0x2d0
                    0x02d0                  _TRISCbits = 0x2d0
                    0x02d2                  PORTC = 0x2d2
                    0x02d2                  _PORTC = 0x2d2
                    0x02d2                  _PORTCbits = 0x2d2
                    0x02d4                  LATC = 0x2d4
                    0x02d4                  _LATC = 0x2d4
                    0x02d4                  _LATCbits = 0x2d4
                    0x02d6                  ODCC = 0x2d6
                    0x02d6                  _ODCC = 0x2d6
                    0x02d6                  _ODCCbits = 0x2d6
                    0x02fc                  PADCFG1 = 0x2fc
                    0x02fc                  _PADCFG1 = 0x2fc
                    0x02fc                  _PADCFG1bits = 0x2fc
                    0x0300                  ADC1BUF0 = 0x300
                    0x0300                  _ADC1BUF0 = 0x300
                    0x0300                  ADCBUF0 = 0x300
                    0x0300                  _ADCBUF0 = 0x300
                    0x0320                  AD1CON1 = 0x320
                    0x0320                  _AD1CON1 = 0x320
                    0x0320                  _AD1CON1bits = 0x320
                    0x0322                  AD1CON2 = 0x322
                    0x0322                  _AD1CON2 = 0x322
                    0x0322                  _AD1CON2bits = 0x322
                    0x0324                  AD1CON3 = 0x324
                    0x0324                  _AD1CON3 = 0x324
                    0x0324                  _AD1CON3bits = 0x324
                    0x0326                  AD1CHS123 = 0x326
                    0x0326                  _AD1CHS123 = 0x326
                    0x0326                  _AD1CHS123bits = 0x326
                    0x0328                  AD1CHS0 = 0x328
                    0x0328                  _AD1CHS0 = 0x328
                    0x0328                  _AD1CHS0bits = 0x328
                    0x032c                  AD1PCFGL = 0x32c
                    0x032c                  _AD1PCFGL = 0x32c
                    0x032c                  _AD1PCFGLbits = 0x32c
                    0x032c                  ADPCFG = 0x32c
                    0x032c                  _ADPCFG = 0x32c
                    0x032c                  _ADPCFGbits = 0x32c
                    0x0330                  AD1CSSL = 0x330
                    0x0330                  _AD1CSSL = 0x330
                    0x0330                  _AD1CSSLbits = 0x330
                    0x0332                  AD1CON4 = 0x332
                    0x0332                  _AD1CON4 = 0x332
                    0x0332                  _AD1CON4bits = 0x332
                    0x0380                  DMA0CON = 0x380
                    0x0380                  _DMA0CON = 0x380
                    0x0380                  _DMA0CONbits = 0x380
                    0x0382                  DMA0REQ = 0x382
                    0x0382                  _DMA0REQ = 0x382
                    0x0382                  _DMA0REQbits = 0x382
                    0x0384                  DMA0STA = 0x384
                    0x0384                  _DMA0STA = 0x384
                    0x0386                  DMA0STB = 0x386
                    0x0386                  _DMA0STB = 0x386
                    0x0388                  DMA0PAD = 0x388
                    0x0388                  _DMA0PAD = 0x388
                    0x038a                  DMA0CNT = 0x38a
                    0x038a                  _DMA0CNT = 0x38a
                    0x038c                  DMA1CON = 0x38c
                    0x038c                  _DMA1CON = 0x38c
                    0x038c                  _DMA1CONbits = 0x38c
                    0x038e                  DMA1REQ = 0x38e
                    0x038e                  _DMA1REQ = 0x38e
                    0x038e                  _DMA1REQbits = 0x38e
                    0x0390                  DMA1STA = 0x390
                    0x0390                  _DMA1STA = 0x390
                    0x0392                  DMA1STB = 0x392
                    0x0392                  _DMA1STB = 0x392
                    0x0394                  DMA1PAD = 0x394
                    0x0394                  _DMA1PAD = 0x394
                    0x0396                  DMA1CNT = 0x396
                    0x0396                  _DMA1CNT = 0x396
                    0x0398                  DMA2CON = 0x398
                    0x0398                  _DMA2CON = 0x398
                    0x0398                  _DMA2CONbits = 0x398
                    0x039a                  DMA2REQ = 0x39a
                    0x039a                  _DMA2REQ = 0x39a
                    0x039a                  _DMA2REQbits = 0x39a
                    0x039c                  DMA2STA = 0x39c
                    0x039c                  _DMA2STA = 0x39c
                    0x039e                  DMA2STB = 0x39e
                    0x039e                  _DMA2STB = 0x39e
                    0x03a0                  DMA2PAD = 0x3a0
                    0x03a0                  _DMA2PAD = 0x3a0
                    0x03a2                  DMA2CNT = 0x3a2
                    0x03a2                  _DMA2CNT = 0x3a2
                    0x03a4                  DMA3CON = 0x3a4
                    0x03a4                  _DMA3CON = 0x3a4
                    0x03a4                  _DMA3CONbits = 0x3a4
                    0x03a6                  DMA3REQ = 0x3a6
                    0x03a6                  _DMA3REQ = 0x3a6
                    0x03a6                  _DMA3REQbits = 0x3a6
                    0x03a8                  DMA3STA = 0x3a8
                    0x03a8                  _DMA3STA = 0x3a8
                    0x03aa                  DMA3STB = 0x3aa
                    0x03aa                  _DMA3STB = 0x3aa
                    0x03ac                  DMA3PAD = 0x3ac
                    0x03ac                  _DMA3PAD = 0x3ac
                    0x03ae                  DMA3CNT = 0x3ae
                    0x03ae                  _DMA3CNT = 0x3ae
                    0x03b0                  DMA4CON = 0x3b0
                    0x03b0                  _DMA4CON = 0x3b0
                    0x03b0                  _DMA4CONbits = 0x3b0
                    0x03b2                  DMA4REQ = 0x3b2
                    0x03b2                  _DMA4REQ = 0x3b2
                    0x03b2                  _DMA4REQbits = 0x3b2
                    0x03b4                  DMA4STA = 0x3b4
                    0x03b4                  _DMA4STA = 0x3b4
                    0x03b6                  DMA4STB = 0x3b6
                    0x03b6                  _DMA4STB = 0x3b6
                    0x03b8                  DMA4PAD = 0x3b8
                    0x03b8                  _DMA4PAD = 0x3b8