Microchip MPLAB XC8 Compiler V1.20 ()

Linker command line:

--edf=C:\Program Files (x86)\Microchip\xc8\v1.20\dat\en_msgs.txt -cs \
  -h+dist/PIC16F1824/production\BMON.X.production.sym \
  --cmf=dist/PIC16F1824/production\BMON.X.production.cmf -z -Q16F1824 \
  -oC:\Users\AMura\AppData\Local\Temp\s8ig.6 \
  -Mdist/PIC16F1824/production/BMON.X.production.map -E1 -ver=XC8 \
  -ACONST=00h-0FFhx16 -ACODE=00h-07FFhx2 -ASTRCODE=00h-0FFFh \
  -AENTRY=00h-0FFhx16 -ASTRING=00h-0FFhx16 -ACOMMON=070h-07Fh \
  -ABANK0=020h-06Fh -ABANK1=0A0h-0EFh -ABANK2=0120h-016Fh \
  -ABIGRAM=02000h-020EFh -ARAM=020h-06Fh,0A0h-0EFh,0120h-016Fh \
  -AABS1=020h-07Fh,0A0h-0EFh,0120h-016Fh -ASFR0=00h-01Fh -ASFR1=080h-09Fh \
  -ASFR2=0100h-011Fh -ASFR3=0180h-01EFh -ASFR4=0200h-026Fh \
  -ASFR5=0280h-02EFh -ASFR6=0300h-036Fh -ASFR7=0380h-03EFh \
  -ASFR8=0400h-046Fh -ASFR9=0480h-04EFh -ASFR10=0500h-056Fh \
  -ASFR11=0580h-05EFh -ASFR12=0600h-066Fh -ASFR13=0680h-06EFh \
  -ASFR14=0700h-076Fh -ASFR15=0780h-07EFh -ASFR16=0800h-086Fh \
  -ASFR17=0880h-08EFh -ASFR18=0900h-096Fh -ASFR19=0980h-09EFh \
  -ASFR20=0A00h-0A6Fh -ASFR21=0A80h-0AEFh -ASFR22=0B00h-0B6Fh \
  -ASFR23=0B80h-0BEFh -ASFR24=0C00h-0C6Fh -ASFR25=0C80h-0CEFh \
  -ASFR26=0D00h-0D6Fh -ASFR27=0D80h-0DEFh -ASFR28=0E00h-0E6Fh \
  -ASFR29=0E80h-0EEFh -ASFR30=0F00h-0F6Fh -ASFR31=0F80h-0FEFh \
  -preset_vec=00h,intentry=04h,init,end_init -ppowerup=CODE -pfunctab=CODE \
  -ACONFIG=08007h-08008h -pconfig=CONFIG -DCONFIG=2 -AIDLOC=08000h-08003h \
  -pidloc=IDLOC -DIDLOC=2 -AEEDATA=00h-0FFh/0F000h -peeprom_data=EEDATA \
  -DEEDATA=2 -DCODE=2 -DSTRCODE=2 -DSTRING=2 -DCONST=2 -DENTRY=2 -k \
  C:\Users\AMura\AppData\Local\Temp\s8ig.obj \
  dist/PIC16F1824/production\BMON.X.production.obj 

Object code version is 3.11

Machine type is 16F1824



                Name                               Link     Load   Length Selector   Space Scale
C:\Users\AMura\AppData\Local\Temp\s8ig.obj
                end_init                             33       33        2        8       0
                reset_vec                             0        0        2        0       0
                config                             8007     8007        2    1000E       0
dist/PIC16F1824/production\BMON.X.production.obj
                intentry                              4        4       2F        8       0
                text13                              23F      23F        3        8       0
                text12                              17E      17E       23        8       0
                text11                              1F4      1F4        F        8       0
                text10                              23A      23A        5        8       0
                text9                               211      211        E        8       0
                text8                               22A      22A        A        8       0
                text7                               203      203        E        8       0
                text6                               21F      21F        B        8       0
                text5                               1D5      1D5       10        8       0
                text4                               1A1      1A1       1C        8       0
                text3                               129      129       55        8       0
                text2                                35       35       8B        8       0
                text1                               242      242        1        8       0
                maintext                             C0       C0       69        8       0
                cstackBANK0                          2F       2F        B       20       1
                cstackCOMMON                         70       70        8       70       1
                inittext                            234      234        6        8       0
                dataBANK0                            20       20        F       20       1
                bssBANK0                             3A       3A        A       20       1
                cinit                               1BD      1BD       18        8       0
                idataBANK0                          1E5      1E5        F        8       0

TOTAL           Name                               Link     Load   Length     Space
        CLASS   CONST          

        CLASS   CODE           
                end_init                             33       33        2         0
                intentry                              4        4       2F         0
                reset_vec                             0        0        2         0
                text13                              23F      23F        3         0
                text12                              17E      17E       23         0
                text11                              1F4      1F4        F         0
                text10                              23A      23A        5         0
                text9                               211      211        E         0
                text8                               22A      22A        A         0
                text7                               203      203        E         0
                text6                               21F      21F        B         0
                text5                               1D5      1D5       10         0
                text4                               1A1      1A1       1C         0
                text3                               129      129       55         0
                text2                                35       35       8B         0
                text1                               242      242        1         0
                maintext                             C0       C0       69         0
                inittext                            234      234        6         0
                cinit                               1BD      1BD       18         0
                idataBANK0                          1E5      1E5        F         0

        CLASS   STRCODE        

        CLASS   ENTRY          

        CLASS   STRING         

        CLASS   COMMON         
                cstackCOMMON                         70       70        8         1

        CLASS   BANK0          
                cstackBANK0                          2F       2F        B         1
                dataBANK0                            20       20        F         1
                bssBANK0                             3A       3A        A         1

        CLASS   BANK1          

        CLASS   BANK2          

        CLASS   BIGRAM         

        CLASS   RAM            

        CLASS   ABS1           
                abs_s1                               7E       7E        2         1

        CLASS   SFR0           

        CLASS   SFR1           

        CLASS   SFR2           

        CLASS   SFR3           

        CLASS   SFR4           

        CLASS   SFR5           

        CLASS   SFR6           

        CLASS   SFR7           

        CLASS   SFR8           

        CLASS   SFR9           

        CLASS   SFR10          

        CLASS   SFR11          

        CLASS   SFR12          

        CLASS   SFR13          

        CLASS   SFR14          

        CLASS   SFR15          

        CLASS   SFR16          

        CLASS   SFR17          

        CLASS   SFR18          

        CLASS   SFR19          

        CLASS   SFR20          

        CLASS   SFR21          

        CLASS   SFR22          

        CLASS   SFR23          

        CLASS   SFR24          

        CLASS   SFR25          

        CLASS   SFR26          

        CLASS   SFR27          

        CLASS   SFR28          

        CLASS   SFR29          

        CLASS   SFR30          

        CLASS   SFR31          

        CLASS   CONFIG         
                config                             8007     8007        2         0

        CLASS   IDLOC          

        CLASS   EEDATA         

        CLASS   BANK31         

        CLASS   BANK30         

        CLASS   BANK29         

        CLASS   BANK28         

        CLASS   BANK27         

        CLASS   BANK26         

        CLASS   BANK25         

        CLASS   BANK24         

        CLASS   BANK23         

        CLASS   BANK22         

        CLASS   BANK21         

        CLASS   BANK20         

        CLASS   BANK19         

        CLASS   BANK18         

        CLASS   BANK17         

        CLASS   BANK16         

        CLASS   BANK15         

        CLASS   BANK14         

        CLASS   BANK13         

        CLASS   BANK12         

        CLASS   BANK11         

        CLASS   BANK10         

        CLASS   BANK9          

        CLASS   BANK8          

        CLASS   BANK7          

        CLASS   BANK6          

        CLASS   BANK5          

        CLASS   BANK4          

        CLASS   BANK3          



SEGMENTS        Name                           Load    Length   Top    Selector   Space  Class     Delta

                reset_vec                      000000  000002  000002         0       0  CODE        2
                intentry                       000004  00023F  000243         8       0  CODE        2
                dataBANK0                      000020  000024  000044        20       1  BANK0       1
                cstackCOMMON                   000070  000008  000078        70       1  COMMON      1
                config                         008007  000002  008009     1000E       0  CONFIG      2


UNUSED ADDRESS RANGES

        Name                Unused          Largest block    Delta
        BANK0            00044-0006F              2C           1
        BANK1            000A0-000EF              50           1
        BANK2            00120-0016F              50           1
        BIGRAM           02000-020EF              F0           1
        CODE             00002-00003               2           2
                         00243-00FFF             5BD
        COMMON           00078-0007D               6           1
        CONST            00002-00003               2           2
                         00243-00FFF             100
        EEDATA           0F000-0F0FF             100           2
        ENTRY            00002-00003               2           2
                         00243-00FFF             100
        IDLOC            08000-08003               4           2
        RAM              00044-0006F              2C           1
                         000A0-000EF              50
                         00120-0016F              50
        SFR0             00000-0001F              20           1
        SFR1             00080-0009F              20           1
        SFR10            00500-0056F              70           1
        SFR11            00580-005EF              70           1
        SFR12            00600-0066F              70           1
        SFR13            00680-006EF              70           1
        SFR14            00700-0076F              70           1
        SFR15            00780-007EF              70           1
        SFR16            00800-0086F              70           1
        SFR17            00880-008EF              70           1
        SFR18            00900-0096F              70           1
        SFR19            00980-009EF              70           1
        SFR2             00100-0011F              20           1
        SFR20            00A00-00A6F              70           1
        SFR21            00A80-00AEF              70           1
        SFR22            00B00-00B6F              70           1
        SFR23            00B80-00BEF              70           1
        SFR24            00C00-00C6F              70           1
        SFR25            00C80-00CEF              70           1
        SFR26            00D00-00D6F              70           1
        SFR27            00D80-00DEF              70           1
        SFR28            00E00-00E6F              70           1
        SFR29            00E80-00EEF              70           1
        SFR3             00180-001EF              70           1
        SFR30            00F00-00F6F              70           1
        SFR31            00F80-00FEF              70           1
        SFR4             00200-0026F              70           1
        SFR5             00280-002EF              70           1
        SFR6             00300-0036F              70           1
        SFR7             00380-003EF              70           1
        SFR8             00400-0046F              70           1
        SFR9             00480-004EF              70           1
        STRCODE          00002-00003               2           2
                         00243-00FFF             DBD
        STRING           00002-00003               2           2
                         00243-00FFF             100

                                  Symbol Table

?_blink                       cstackBANK0  0002F
I2cWriteMaster@data           cstackBANK0  00030
_ADCON0                       (abs)        0009D
_ADCON0bits                   (abs)        0009D
_ADCON1                       (abs)        0009E
_ADCON1bits                   (abs)        0009E
_ADRESH                       (abs)        0009C
_ADRESL                       (abs)        0009B
_ANSELA                       (abs)        0018C
_ANSELC                       (abs)        0018E
_ConfigureOscillator          text13       0023F
_I2cInitMaster                text11       001F4
_I2cStart                     text8        0022A
_I2cStop                      text6        0021F
_I2cWait                      text10       0023A
_I2cWaitForIdle               text9        00211
_I2cWriteMaster               text7        00203
_INTCONbits                   (abs)        0000B
_InitApp                      text12       0017E
_LATA                         (abs)        0010C
_LATC                         (abs)        0010E
_OSCCON                       (abs)        00099
_PIE1bits                     (abs)        00091
_PIR1bits                     (abs)        00011
_PIR2bits                     (abs)        00012
_PORTA                        (abs)        0000C
_PORTC                        (abs)        0000E
_RA0                          (abs)        00060
_RA2                          (abs)        00062
_RA4                          (abs)        00064
_RC0                          (abs)        00070
_RC1                          (abs)        00071
_RC2                          (abs)        00072
_RC3                          (abs)        00073
_RC4                          (abs)        00074
_RC5                          (abs)        00075
_SSP1ADD                      (abs)        00212
_SSP1BUF                      (abs)        00211
_SSP1CON1                     (abs)        00215
_SSP1CON1bits                 (abs)        00215
_SSP1CON2                     (abs)        00216
_SSP1CON2bits                 (abs)        00216
_SSP1STATbits                 (abs)        00214
_T1CON                        (abs)        00018
_TMR1H                        (abs)        00017
_TMR1L                        (abs)        00016
_TRISA                        (abs)        0008C
_TRISC                        (abs)        0008E
_VTH                          dataBANK0    00020
__CFG_BOREN$OFF               (abs)        00000
__CFG_BORV$LO                 (abs)        00000
__CFG_CLKOUTEN$OFF            (abs)        00000
__CFG_CP$OFF                  (abs)        00000
__CFG_CPD$OFF                 (abs)        00000
__CFG_FCMEN$OFF               (abs)        00000
__CFG_FOSC$ECH                (abs)        00000
__CFG_IESO$OFF                (abs)        00000
__CFG_LVP$OFF                 (abs)        00000
__CFG_MCLRE$ON                (abs)        00000
__CFG_PLLEN$ON                (abs)        00000
__CFG_PWRTE$OFF               (abs)        00000
__CFG_STVREN$OFF              (abs)        00000
__CFG_WDTE$OFF                (abs)        00000
__CFG_WRT$OFF                 (abs)        00000
__Habs1                       abs1         00000
__Hbank0                      bank0        00000
__Hbank1                      bank1        00000
__Hbank10                     bank10       00000
__Hbank11                     bank11       00000
__Hbank12                     bank12       00000
__Hbank13                     bank13       00000
__Hbank14                     bank14       00000
__Hbank15                     bank15       00000
__Hbank16                     bank16       00000
__Hbank17                     bank17       00000
__Hbank18                     bank18       00000
__Hbank19                     bank19       00000
__Hbank2                      bank2        00000
__Hbank20                     bank20       00000
__Hbank21                     bank21       00000
__Hbank22                     bank22       00000
__Hbank23                     bank23       00000
__Hbank24                     bank24       00000
__Hbank25                     bank25       00000
__Hbank26                     bank26       00000
__Hbank27                     bank27       00000
__Hbank28                     bank28       00000
__Hbank29                     bank29       00000
__Hbank3                      bank3        00000
__Hbank30                     bank30       00000
__Hbank31                     bank31       00000
__Hbank4                      bank4        00000
__Hbank5                      bank5        00000
__Hbank6                      bank6        00000
__Hbank7                      bank7        00000
__Hbank8                      bank8        00000
__Hbank9                      bank9        00000
__Hbigram                     bigram       00000
__HbssBANK0                   bssBANK0     00000
__Hcinit                      cinit        00000
__Hclrtext                    clrtext      00000
__Hcode                       code         00000
__Hcommon                     common       00000
__Hconfig                     config       08009
__HcstackBANK0                cstackBANK0  00000
__HcstackCOMMON               cstackCOMMON 00000
__HdataBANK0                  dataBANK0    00000
__Heeprom_data                eeprom_data  00000
__Hend_init                   end_init     00035
__Hfunctab                    functab      00000
__HidataBANK0                 idataBANK0   00000
__Hidloc                      idloc        00000
__Hinit                       init         00033
__Hinittext                   inittext     00000
__Hintentry                   intentry     00033
__Hmaintext                   maintext     00000
__Hpowerup                    powerup      00000
__Hram                        ram          00000
__Hreset_vec                  reset_vec    00002
__Hsfr0                       sfr0         00000
__Hsfr1                       sfr1         00000
__Hsfr10                      sfr10        00000
__Hsfr11                      sfr11        00000
__Hsfr12                      sfr12        00000
__Hsfr13                      sfr13        00000
__Hsfr14                      sfr14        00000
__Hsfr15                      sfr15        00000
__Hsfr16                      sfr16        00000
__Hsfr17                      sfr17        00000
__Hsfr18                      sfr18        00000
__Hsfr19                      sfr19        00000
__Hsfr2                       sfr2         00000
__Hsfr20                      sfr20        00000
__Hsfr21                      sfr21        00000
__Hsfr22                      sfr22        00000
__Hsfr23                      sfr23        00000
__Hsfr24                      sfr24        00000
__Hsfr25                      sfr25        00000
__Hsfr26                      sfr26        00000
__Hsfr27                      sfr27        00000
__Hsfr28                      sfr28        00000
__Hsfr29                      sfr29        00000
__Hsfr3                       sfr3         00000
__Hsfr30                      sfr30        00000
__Hsfr31                      sfr31        00000
__Hsfr4                       sfr4         00000
__Hsfr5                       sfr5         00000
__Hsfr6                       sfr6         00000
__Hsfr7                       sfr7         00000
__Hsfr8                       sfr8         00000
__Hsfr9                       sfr9         00000
__Hstrings                    strings      00000
__Htext                       text         00000
__Labs1                       abs1         00000
__Lbank0                      bank0        00000
__Lbank1                      bank1        00000
__Lbank10                     bank10       00000
__Lbank11                     bank11       00000
__Lbank12                     bank12       00000
__Lbank13                     bank13       00000
__Lbank14                     bank14       00000
__Lbank15                     bank15       00000
__Lbank16                     bank16       00000
__Lbank17                     bank17       00000
__Lbank18                     bank18       00000
__Lbank19                     bank19       00000
__Lbank2                      bank2        00000
__Lbank20                     bank20       00000
__Lbank21                     bank21       00000
__Lbank22                     bank22       00000
__Lbank23                     bank23       00000
__Lbank24                     bank24       00000
__Lbank25                     bank25       00000
__Lbank26                     bank26       00000
__Lbank27                     bank27       00000
__Lbank28                     bank28       00000
__Lbank29                     bank29       00000
__Lbank3                      bank3        00000
__Lbank30                     bank30       00000
__Lbank31                     bank31       00000
__Lbank4                      bank4        00000
__Lbank5                      bank5        00000
__Lbank6                      bank6        00000
__Lbank7                      bank7        00000
__Lbank8                      bank8        00000
__Lbank9                      bank9        00000
__Lbigram                     bigram       00000
__LbssBANK0                   bssBANK0     00000
__Lcinit                      cinit        00000
__Lclrtext                    clrtext      00000
__Lcode                       code         00000
__Lcommon                     common       00000
__Lconfig                     config       08007
__LcstackBANK0                cstackBANK0  00000
__LcstackCOMMON               cstackCOMMON 00000
__LdataBANK0                  dataBANK0    00000
__Leeprom_data                eeprom_data  00000
__Lend_init                   end_init     00033
__Lfunctab                    functab      00000
__LidataBANK0                 idataBANK0   00000
__Lidloc                      idloc        00000
__Linit                       init         00033
__Linittext                   inittext     00000
__Lintentry                   intentry     00004
__Lmaintext                   maintext     00000
__Lpowerup                    powerup      00000
__Lram                        ram          00000
__Lreset_vec                  reset_vec    00000
__Lsfr0                       sfr0         00000
__Lsfr1                       sfr1         00000
__Lsfr10                      sfr10        00000
__Lsfr11                      sfr11        00000
__Lsfr12                      sfr12        00000
__Lsfr13                      sfr13        00000
__Lsfr14                      sfr14        00000
__Lsfr15                      sfr15        00000
__Lsfr16                      sfr16        00000
__Lsfr17                      sfr17        00000
__Lsfr18                      sfr18        00000
__Lsfr19                      sfr19        00000
__Lsfr2                       sfr2         00000
__Lsfr20                      sfr20        00000
__Lsfr21                      sfr21        00000
__Lsfr22                      sfr22        00000
__Lsfr23                      sfr23        00000
__Lsfr24                      sfr24        00000
__Lsfr25                      sfr25        00000
__Lsfr26                      sfr26        00000
__Lsfr27                      sfr27        00000
__Lsfr28                      sfr28        00000
__Lsfr29                      sfr29        00000
__Lsfr3                       sfr3         00000
__Lsfr30                      sfr30        00000
__Lsfr31                      sfr31        00000
__Lsfr4                       sfr4         00000
__Lsfr5                       sfr5         00000
__Lsfr6                       sfr6         00000
__Lsfr7                       sfr7         00000
__Lsfr8                       sfr8         00000
__Lsfr9                       sfr9         00000
__Lstrings                    strings      00000
__Ltext                       text         00000
__S0                          (abs)        08009
__S1                          (abs)        00078
__S3                          (abs)        00000
___latbits                    (abs)        00001
__end_of_ConfigureOscillator  text13       00242
__end_of_I2cInitMaster        text11       00203
__end_of_I2cStart             text8        00234
__end_of_I2cStop              text6        0022A
__end_of_I2cWait              text10       0023F
__end_of_I2cWaitForIdle       text9        0021F
__end_of_I2cWriteMaster       text7        00211
__end_of_InitApp              text12       001A1
__end_of__initialization      cinit        001D2
__end_of_blink                text5        001E5
__end_of_displayCharge        text2        000C0
__end_of_isr                  intentry     00033
__end_of_lightupLed           text3        0017E
__end_of_main                 maintext     00129
__end_of_readButton           text1        00243
__end_of_read_adc             text4        001BD
__initialization              cinit        001BD
__pbssBANK0                   bssBANK0     0003A
__pcstackBANK0                cstackBANK0  0002F
__pcstackCOMMON               cstackCOMMON 00070
__pdataBANK0                  dataBANK0    00020
__pidataBANK0                 idataBANK0   001E5
__pintentry                   intentry     00004
__pmaintext                   maintext     000C0
__ptext1                      text1        00242
__ptext10                     text10       0023A
__ptext11                     text11       001F4
__ptext12                     text12       0017E
__ptext13                     text13       0023F
__ptext2                      text2        00035
__ptext3                      text3        00129
__ptext4                      text4        001A1
__ptext5                      text5        001D5
__ptext6                      text6        0021F
__ptext7                      text7        00203
__ptext8                      text8        0022A
__ptext9                      text9        00211
__size_of_ConfigureOscillator (abs)        00000
__size_of_I2cInitMaster       (abs)        00000
__size_of_I2cStart            (abs)        00000
__size_of_I2cStop             (abs)        00000
__size_of_I2cWait             (abs)        00000
__size_of_I2cWaitForIdle      (abs)        00000
__size_of_I2cWriteMaster      (abs)        00000
__size_of_InitApp             (abs)        00000
__size_of_blink               (abs)        00000
__size_of_displayCharge       (abs)        00000
__size_of_isr                 (abs)        00000
__size_of_lightupLed          (abs)        00000
__size_of_main                (abs)        00000
__size_of_readButton          (abs)        00000
__size_of_read_adc            (abs)        00000
_adc_buffer                   bssBANK0     0003A
_blink                        text5        001D5
_blink_ds                     dataBANK0    0002E
_cont                         bssBANK0     0003C
_displayCharge                text2        00035
_isr                          intentry     00004
_lightupLed                   text3        00129
_lightupLed$188               cstackBANK0  00031
_lightupLed$189               cstackBANK0  00032
_lightupLed$190               cstackBANK0  00033
_lightupLed$191               cstackBANK0  00034
_main                         maintext     000C0
_readButton                   text1        00242
_read_adc                     text4        001A1
_timer_100ms                  bssBANK0     0003D
_timer_100us                  bssBANK0     0003E
_timer_10ms                   bssBANK0     0003F
_timer_1ms                    bssBANK0     00040
_timer_1s                     bssBANK0     00041
_timer_blink                  bssBANK0     00042
_toggle                       bssBANK0     00043
btemp                         (abs)        0007E
end_of_initialization         cinit        001D2
init_ram                      inittext     00234
intlevel0                     functab      00000
intlevel1                     functab      00000
intlevel2                     functab      00000
intlevel3                     functab      00000
intlevel4                     functab      00000
intlevel5                     functab      00000
lightupLed@blink              cstackBANK0  00035
lightupLed@lightup            cstackBANK0  00036
read_adc@input                cstackBANK0  0002F
reset_vec                     reset_vec    00000
start                         init         00033
start_initialization          cinit        001BD
wtemp0                        (abs)        0007E


FUNCTION INFORMATION:

 *************** function _main *****************
 Defined at:
		line 66 in file "main.c"
 Parameters:    Size  Location     Type
		None
 Auto vars:     Size  Location     Type
		None
 Return value:  Size  Location     Type
		None               void
 Registers used:
		wreg, fsr0l, fsr0h, fsr1l, fsr1h, fsr1l, fsr1h, status,2, status,0, btemp+1, pclath, cstack
 Tracked objects:
		On entry : 
		On exit  : 
		Unchanged: 
 Data sizes:     COMMON   BANK0   BANK1   BANK2
      Params:         0       0       0       0
      Locals:         0       0       0       0
      Temps:          0       2       0       0
      Totals:         0       2       0       0
Total ram usage:        2 bytes
 Hardware stack levels required when called:    3
 This function calls:
		_ConfigureOscillator
		_InitApp
		_I2cInitMaster
		_I2cStart
		_I2cWriteMaster
		_I2cStop
		_blink
		_read_adc
		_displayCharge
		_readButton
 This function is called by:
		Startup code after reset
 This function uses a non-reentrant model


 *************** function _readButton *****************
 Defined at:
		line 127 in file "main.c"
 Parameters:    Size  Location     Type
		None
 Auto vars:     Size  Location     Type
		None
 Return value:  Size  Location     Type
		None               void
 Registers used:
		None
 Tracked objects:
		On entry : 
		On exit  : 
		Unchanged: 
 Data sizes:     COMMON   BANK0   BANK1   BANK2
      Params:         0       0       0       0
      Locals:         0       0       0       0
      Temps:          0       0       0       0
      Totals:         0       0       0       0
Total ram usage:        0 bytes
 Hardware stack levels used:    1
 Hardware stack levels required when called:    1
 This function calls:
		Nothing
 This function is called by:
		_main
 This function uses a non-reentrant model


 *************** function _displayCharge *****************
 Defined at:
		line 133 in file "main.c"
 Parameters:    Size  Location     Type
		None
 Auto vars:     Size  Location     Type
		None
 Return value:  Size  Location     Type
		None               void
 Registers used:
		wreg, status,2, status,0, pclath, cstack
 Tracked objects:
		On entry : 
		On exit  : 
		Unchanged: 
 Data sizes:     COMMON   BANK0   BANK1   BANK2
      Params:         0       0       0       0
      Locals:         0       0       0       0
      Temps:          0       1       0       0
      Totals:         0       1       0       0
Total ram usage:        1 bytes
 Hardware stack levels used:    1
 Hardware stack levels required when called:    2
 This function calls:
		_lightupLed
 This function is called by:
		_main
 This function uses a non-reentrant model


 *************** function _lightupLed *****************
 Defined at:
		line 164 in file "main.c"
 Parameters:    Size  Location     Type
  lightup         1    wreg     unsigned char 
 Auto vars:     Size  Location     Type
  lightup         1    7[BANK0 ] unsigned char 
  blink           1    6[BANK0 ] unsigned char 
 Return value:  Size  Location     Type
		None               void
 Registers used:
		wreg, status,2, status,0
 Tracked objects:
		On entry : 
		On exit  : 
		Unchanged: 
 Data sizes:     COMMON   BANK0   BANK1   BANK2
      Params:         0       0       0       0
      Locals:         0       6       0       0
      Temps:          0       2       0       0
      Totals:         0       8       0       0
Total ram usage:        8 bytes
 Hardware stack levels used:    1
 Hardware stack levels required when called:    1
 This function calls:
		Nothing
 This function is called by:
		_displayCharge
 This function uses a non-reentrant model


 *************** function _read_adc *****************
 Defined at:
		line 121 in file "main.c"
 Parameters:    Size  Location     Type
  input           1    wreg     unsigned char 
 Auto vars:     Size  Location     Type
  input           1    0[BANK0 ] unsigned char 
 Return value:  Size  Location     Type
                  2   41[COMMON] int 
 Registers used:
		wreg, status,2, status,0
 Tracked objects:
		On entry : 
		On exit  : 
		Unchanged: 
 Data sizes:     COMMON   BANK0   BANK1   BANK2
      Params:         0       0       0       0
      Locals:         0       1       0       0
      Temps:          0       0       0       0
      Totals:         0       1       0       0
Total ram usage:        1 bytes
 Hardware stack levels used:    1
 Hardware stack levels required when called:    1
 This function calls:
		Nothing
 This function is called by:
		_main
 This function uses a non-reentrant model


 *************** function _blink *****************
 Defined at:
		line 180 in file "main.c"
 Parameters:    Size  Location     Type
		None
 Auto vars:     Size  Location     Type
		None
 Return value:  Size  Location     Type
		None               void
 Registers used:
		wreg, status,2, status,0
 Tracked objects:
		On entry : 
		On exit  : 
		Unchanged: 
 Data sizes:     COMMON   BANK0   BANK1   BANK2
      Params:         0       2       0       0
      Locals:         0       0       0       0
      Temps:          0       1       0       0
      Totals:         0       3       0       0
Total ram usage:        3 bytes
 Hardware stack levels used:    1
 Hardware stack levels required when called:    1
 This function calls:
		Nothing
 This function is called by:
		_main
 This function uses a non-reentrant model


 *************** function _I2cStop *****************
 Defined at:
		line 86 in file "i2c.c"
 Parameters:    Size  Location     Type
		None
 Auto vars:     Size  Location     Type
		None
 Return value:  Size  Location     Type
		None               void
 Registers used:
		wreg, status,2, status,0, pclath, cstack
 Tracked objects:
		On entry : 
		On exit  : 
		Unchanged: 
 Data sizes:     COMMON   BANK0   BANK1   BANK2
      Params:         0       0       0       0
      Locals:         0       0       0       0
      Temps:          0       0       0       0
      Totals:         0       0       0       0
Total ram usage:        0 bytes
 Hardware stack levels used:    1
 Hardware stack levels required when called:    2
 This function calls:
		_I2cWait
		_I2cWaitForIdle
 This function is called by:
		_main
 This function uses a non-reentrant model


 *************** function _I2cWriteMaster *****************
 Defined at:
		line 122 in file "i2c.c"
 Parameters:    Size  Location     Type
  data            1    wreg     unsigned char 
 Auto vars:     Size  Location     Type
  data            1    1[BANK0 ] unsigned char 
 Return value:  Size  Location     Type
                  1    wreg      unsigned char 
 Registers used:
		wreg, status,2, status,0, pclath, cstack
 Tracked objects:
		On entry : 
		On exit  : 
		Unchanged: 
 Data sizes:     COMMON   BANK0   BANK1   BANK2
      Params:         0       0       0       0
      Locals:         0       1       0       0
      Temps:          0       0       0       0
      Totals:         0       1       0       0
Total ram usage:        1 bytes
 Hardware stack levels used:    1
 Hardware stack levels required when called:    2
 This function calls:
		_I2cWait
		_I2cWaitForIdle
 This function is called by:
		_main
 This function uses a non-reentrant model


 *************** function _I2cStart *****************
 Defined at:
		line 64 in file "i2c.c"
 Parameters:    Size  Location     Type
		None
 Auto vars:     Size  Location     Type
		None
 Return value:  Size  Location     Type
		None               void
 Registers used:
		wreg, status,2, status,0, pclath, cstack
 Tracked objects:
		On entry : 
		On exit  : 
		Unchanged: 
 Data sizes:     COMMON   BANK0   BANK1   BANK2
      Params:         0       0       0       0
      Locals:         0       0       0       0
      Temps:          0       0       0       0
      Totals:         0       0       0       0
Total ram usage:        0 bytes
 Hardware stack levels used:    1
 Hardware stack levels required when called:    2
 This function calls:
		_I2cWait
		_I2cWaitForIdle
 This function is called by:
		_main
 This function uses a non-reentrant model


 *************** function _I2cWaitForIdle *****************
 Defined at:
		line 53 in file "i2c.c"
 Parameters:    Size  Location     Type
		None
 Auto vars:     Size  Location     Type
		None
 Return value:  Size  Location     Type
		None               void
 Registers used:
		wreg, status,2, status,0
 Tracked objects:
		On entry : 
		On exit  : 
		Unchanged: 
 Data sizes:     COMMON   BANK0   BANK1   BANK2
      Params:         0       0       0       0
      Locals:         0       0       0       0
      Temps:          0       1       0       0
      Totals:         0       1       0       0
Total ram usage:        1 bytes
 Hardware stack levels used:    1
 Hardware stack levels required when called:    1
 This function calls:
		Nothing
 This function is called by:
		_I2cStart
		_I2cStop
		_I2cWriteMaster
		_I2cRepStart
		_I2cReadMaster
 This function uses a non-reentrant model


 *************** function _I2cWait *****************
 Defined at:
		line 41 in file "i2c.c"
 Parameters:    Size  Location     Type
		None
 Auto vars:     Size  Location     Type
		None
 Return value:  Size  Location     Type
		None               void
 Registers used:
		None
 Tracked objects:
		On entry : 
		On exit  : 
		Unchanged: 
 Data sizes:     COMMON   BANK0   BANK1   BANK2
      Params:         0       0       0       0
      Locals:         0       0       0       0
      Temps:          0       0       0       0
      Totals:         0       0       0       0
Total ram usage:        0 bytes
 Hardware stack levels used:    1
 Hardware stack levels required when called:    1
 This function calls:
		Nothing
 This function is called by:
		_I2cStart
		_I2cStop
		_I2cWriteMaster
		_I2cRepStart
		_I2cWriteSlave
		_I2cReadSlave
		_I2cReadMaster
 This function uses a non-reentrant model


 *************** function _I2cInitMaster *****************
 Defined at:
		line 8 in file "i2c.c"
 Parameters:    Size  Location     Type
		None
 Auto vars:     Size  Location     Type
		None
 Return value:  Size  Location     Type
		None               void
 Registers used:
		wreg, status,2
 Tracked objects:
		On entry : 
		On exit  : 
		Unchanged: 
 Data sizes:     COMMON   BANK0   BANK1   BANK2
      Params:         0       0       0       0
      Locals:         0       0       0       0
      Temps:          0       0       0       0
      Totals:         0       0       0       0
Total ram usage:        0 bytes
 Hardware stack levels used:    1
 Hardware stack levels required when called:    1
 This function calls:
		Nothing
 This function is called by:
		_main
 This function uses a non-reentrant model


 *************** function _InitApp *****************
 Defined at:
		line 12 in file "user.c"
 Parameters:    Size  Location     Type
		None
 Auto vars:     Size  Location     Type
		None
 Return value:  Size  Location     Type
		None               void
 Registers used:
		wreg, status,2, status,0
 Tracked objects:
		On entry : 
		On exit  : 
		Unchanged: 
 Data sizes:     COMMON   BANK0   BANK1   BANK2
      Params:         0       0       0       0
      Locals:         0       0       0       0
      Temps:          0       0       0       0
      Totals:         0       0       0       0
Total ram usage:        0 bytes
 Hardware stack levels used:    1
 Hardware stack levels required when called:    1
 This function calls:
		Nothing
 This function is called by:
		_main
 This function uses a non-reentrant model


 *************** function _ConfigureOscillator *****************
 Defined at:
		line 8 in file "system.c"
 Parameters:    Size  Location     Type
		None
 Auto vars:     Size  Location     Type
		None
 Return value:  Size  Location     Type
		None               void
 Registers used:
		status,2
 Tracked objects:
		On entry : 
		On exit  : 
		Unchanged: 
 Data sizes:     COMMON   BANK0   BANK1   BANK2
      Params:         0       0       0       0
      Locals:         0       0       0       0
      Temps:          0       0       0       0
      Totals:         0       0       0       0
Total ram usage:        0 bytes
 Hardware stack levels used:    1
 Hardware stack levels required when called:    1
 This function calls:
		Nothing
 This function is called by:
		_main
 This function uses a non-reentrant model


 *************** function _isr *****************
 Defined at:
		line 13 in file "interrupts.c"
 Parameters:    Size  Location     Type
		None
 Auto vars:     Size  Location     Type
		None
 Return value:  Size  Location     Type
		None               void
 Registers used:
		wreg, status,2, status,0
 Tracked objects:
		On entry : 
		On exit  : 
		Unchanged: 
 Data sizes:     COMMON   BANK0   BANK1   BANK2
      Params:         0       0       0       0
      Locals:         0       0       0       0
      Temps:          8       0       0       0
      Totals:         8       0       0       0
Total ram usage:        8 bytes
 Hardware stack levels used:    1
 This function calls:
		Nothing
 This function is called by:
		Interrupt level 1
 This function uses a non-reentrant model



MODULE INFORMATION

Module		Function		Class		Link	Load	Size
i2c.c
		_I2cStart      		CODE           	022A	0000	10
		_I2cWait       		CODE           	023A	0000	5
		_I2cInitMaster 		CODE           	01F4	0000	15
		_I2cWriteMaster		CODE           	0203	0000	14
		_I2cStop       		CODE           	021F	0000	11
		_I2cWaitForIdle		CODE           	0211	0000	14

i2c.c estimated size: 69

shared
		__initializatio		CODE           	01BD	0000	21

shared estimated size: 21

main.c
		_lightupLed    		CODE           	0129	0000	85
		_main          		CODE           	00C0	0000	105
		_displayCharge 		CODE           	0035	0000	139
		_readButton    		CODE           	0242	0000	1
		_read_adc      		CODE           	01A1	0000	28
		_blink         		CODE           	01D5	0000	16

main.c estimated size: 374

system.c
		_ConfigureOscil		CODE           	023F	0000	3

system.c estimated size: 3

interrupts.c
		_isr           		CODE           	0004	0000	47

interrupts.c estimated size: 47

user.c
		_InitApp       		CODE           	017E	0000	35

user.c estimated size: 35

